Component: ARM Compiler 5.06 update 7 (build 960) Tool: armlink [4d3601]

==============================================================================

Section Cross References

    startup_stm32f407xx.o(STACK) refers (Special) to heapauxi.o(.text) for __use_two_region_memory
    startup_stm32f407xx.o(HEAP) refers (Special) to heapauxi.o(.text) for __use_two_region_memory
    startup_stm32f407xx.o(RESET) refers (Special) to heapauxi.o(.text) for __use_two_region_memory
    startup_stm32f407xx.o(RESET) refers to startup_stm32f407xx.o(STACK) for __initial_sp
    startup_stm32f407xx.o(RESET) refers to startup_stm32f407xx.o(.text) for Reset_Handler
    startup_stm32f407xx.o(RESET) refers to stm32f4xx_it.o(i.NMI_Handler) for NMI_Handler
    startup_stm32f407xx.o(RESET) refers to stm32f4xx_it.o(i.HardFault_Handler) for HardFault_Handler
    startup_stm32f407xx.o(RESET) refers to stm32f4xx_it.o(i.MemManage_Handler) for MemManage_Handler
    startup_stm32f407xx.o(RESET) refers to stm32f4xx_it.o(i.BusFault_Handler) for BusFault_Handler
    startup_stm32f407xx.o(RESET) refers to stm32f4xx_it.o(i.UsageFault_Handler) for UsageFault_Handler
    startup_stm32f407xx.o(RESET) refers to port.o(.emb_text) for SVC_Handler
    startup_stm32f407xx.o(RESET) refers to stm32f4xx_it.o(i.DebugMon_Handler) for DebugMon_Handler
    startup_stm32f407xx.o(RESET) refers to stm32f4xx_it.o(i.SysTick_Handler) for SysTick_Handler
    startup_stm32f407xx.o(RESET) refers to stm32f4xx_it.o(i.DMA1_Stream0_IRQHandler) for DMA1_Stream0_IRQHandler
    startup_stm32f407xx.o(RESET) refers to stm32f4xx_it.o(i.TIM1_CC_IRQHandler) for TIM1_CC_IRQHandler
    startup_stm32f407xx.o(RESET) refers to stm32f4xx_it.o(i.USART1_IRQHandler) for USART1_IRQHandler
    startup_stm32f407xx.o(RESET) refers to stm32f4xx_it.o(i.USART2_IRQHandler) for USART2_IRQHandler
    startup_stm32f407xx.o(RESET) refers to stm32f4xx_it.o(i.USART3_IRQHandler) for USART3_IRQHandler
    startup_stm32f407xx.o(RESET) refers to stm32f4xx_it.o(i.DMA1_Stream7_IRQHandler) for DMA1_Stream7_IRQHandler
    startup_stm32f407xx.o(RESET) refers to stm32f4xx_it.o(i.UART4_IRQHandler) for UART4_IRQHandler
    startup_stm32f407xx.o(RESET) refers to stm32f4xx_it.o(i.UART5_IRQHandler) for UART5_IRQHandler
    startup_stm32f407xx.o(.text) refers (Special) to heapauxi.o(.text) for __use_two_region_memory
    startup_stm32f407xx.o(.text) refers to system_stm32f4xx.o(i.SystemInit) for SystemInit
    startup_stm32f407xx.o(.text) refers to __main.o(!!!main) for __main
    startup_stm32f407xx.o(.text) refers to startup_stm32f407xx.o(HEAP) for Heap_Mem
    startup_stm32f407xx.o(.text) refers to startup_stm32f407xx.o(STACK) for Stack_Mem
    main.o(i.SystemClock_Config) refers to rt_memclr_w.o(.text) for __aeabi_memclr4
    main.o(i.SystemClock_Config) refers to stm32f4xx_hal_rcc.o(i.HAL_RCC_OscConfig) for HAL_RCC_OscConfig
    main.o(i.SystemClock_Config) refers to stm32f4xx_hal_rcc.o(i.HAL_RCC_ClockConfig) for HAL_RCC_ClockConfig
    main.o(i.main) refers to stm32f4xx_hal.o(i.HAL_Init) for HAL_Init
    main.o(i.main) refers to main.o(i.SystemClock_Config) for SystemClock_Config
    main.o(i.main) refers to gpio.o(i.MX_GPIO_Init) for MX_GPIO_Init
    main.o(i.main) refers to dma.o(i.MX_DMA_Init) for MX_DMA_Init
    main.o(i.main) refers to tim.o(i.MX_TIM1_Init) for MX_TIM1_Init
    main.o(i.main) refers to usart.o(i.MX_USART1_UART_Init) for MX_USART1_UART_Init
    main.o(i.main) refers to usart.o(i.MX_USART2_UART_Init) for MX_USART2_UART_Init
    main.o(i.main) refers to usart.o(i.MX_USART3_UART_Init) for MX_USART3_UART_Init
    main.o(i.main) refers to usart.o(i.MX_UART4_Init) for MX_UART4_Init
    main.o(i.main) refers to usart.o(i.MX_UART5_Init) for MX_UART5_Init
    main.o(i.main) refers to stm32f4xx_hal.o(i.HAL_Delay) for HAL_Delay
    main.o(i.main) refers to stm32f4xx_hal_uart.o(i.HAL_UART_Receive_IT) for HAL_UART_Receive_IT
    main.o(i.main) refers to nfc.o(i.nfc_WakeUp) for nfc_WakeUp
    main.o(i.main) refers to voicemiddleware.o(i.Init_voicemodule) for Init_voicemodule
    main.o(i.main) refers to drivingtask.o(i.DrivingTask_Init) for DrivingTask_Init
    main.o(i.main) refers to freertos.o(i.MX_FREERTOS_Init) for MX_FREERTOS_Init
    main.o(i.main) refers to cmsis_os.o(i.osKernelStart) for osKernelStart
    main.o(i.main) refers to 4g.o(.data) for rxData
    main.o(i.main) refers to usart.o(.bss) for huart4
    gpio.o(i.MX_GPIO_Init) refers to rt_memclr_w.o(.text) for __aeabi_memclr4
    gpio.o(i.MX_GPIO_Init) refers to stm32f4xx_hal_gpio.o(i.HAL_GPIO_WritePin) for HAL_GPIO_WritePin
    gpio.o(i.MX_GPIO_Init) refers to stm32f4xx_hal_gpio.o(i.HAL_GPIO_Init) for HAL_GPIO_Init
    freertos.o(i.MX_FREERTOS_Init) refers to rt_memcpy_w.o(.text) for __aeabi_memcpy4
    freertos.o(i.MX_FREERTOS_Init) refers to cmsis_os.o(i.osThreadCreate) for osThreadCreate
    freertos.o(i.MX_FREERTOS_Init) refers to freertos.o(.constdata) for .constdata
[...]
    TIM1_UP_TIM10_IRQHandler                 0x0800033b   Thumb Code     0  startup_stm32f407xx.o(.text)
    TIM2_IRQHandler                          0x0800033b   Thumb Code     0  startup_stm32f407xx.o(.text)
    TIM3_IRQHandler                          0x0800033b   Thumb Code     0  startup_stm32f407xx.o(.text)
    TIM4_IRQHandler                          0x0800033b   Thumb Code     0  startup_stm32f407xx.o(.text)
    TIM5_IRQHandler                          0x0800033b   Thumb Code     0  startup_stm32f407xx.o(.text)
    TIM6_DAC_IRQHandler                      0x0800033b   Thumb Code     0  startup_stm32f407xx.o(.text)
    TIM7_IRQHandler                          0x0800033b   Thumb Code     0  startup_stm32f407xx.o(.text)
    TIM8_BRK_TIM12_IRQHandler                0x0800033b   Thumb Code     0  startup_stm32f407xx.o(.text)
    TIM8_CC_IRQHandler                       0x0800033b   Thumb Code     0  startup_stm32f407xx.o(.text)
    TIM8_TRG_COM_TIM14_IRQHandler            0x0800033b   Thumb Code     0  startup_stm32f407xx.o(.text)
    TIM8_UP_TIM13_IRQHandler                 0x0800033b   Thumb Code     0  startup_stm32f407xx.o(.text)
    USART6_IRQHandler                        0x0800033b   Thumb Code     0  startup_stm32f407xx.o(.text)
    WWDG_IRQHandler                          0x0800033b   Thumb Code     0  startup_stm32f407xx.o(.text)
    __user_initial_stackheap                 0x0800033d   Thumb Code     0  startup_stm32f407xx.o(.text)
    __aeabi_uldivmod                         0x08000361   Thumb Code     0  lludivv7m.o(.text)
    _ll_udiv                                 0x08000361   Thumb Code   238  lludivv7m.o(.text)
    __2sprintf                               0x08000451   Thumb Code    38  __2sprintf.o(.text)
    __2snprintf                              0x0800047d   Thumb Code    50  __2snprintf.o(.text)
    __printf                                 0x080004b5   Thumb Code   104  __printf.o(.text)
    _printf_str                              0x0800051d   Thumb Code    82  _printf_str.o(.text)
    _printf_int_dec                          0x08000571   Thumb Code   104  _printf_dec.o(.text)
    __0sscanf                                0x080005e9   Thumb Code    52  __0sscanf.o(.text)
    strstr                                   0x08000625   Thumb Code    36  strstr.o(.text)
    memcmp                                   0x08000649   Thumb Code    88  memcmp.o(.text)
    strlen                                   0x080006a1   Thumb Code    62  strlen.o(.text)
    __aeabi_memcpy                           0x080006df   Thumb Code     0  rt_memcpy_v6.o(.text)
    __rt_memcpy                              0x080006df   Thumb Code   138  rt_memcpy_v6.o(.text)
    _memcpy_lastbytes                        0x08000745   Thumb Code     0  rt_memcpy_v6.o(.text)
    __aeabi_memcpy4                          0x08000769   Thumb Code     0  rt_memcpy_w.o(.text)
    __aeabi_memcpy8                          0x08000769   Thumb Code     0  rt_memcpy_w.o(.text)
    __rt_memcpy_w                            0x08000769   Thumb Code   100  rt_memcpy_w.o(.text)
    _memcpy_lastbytes_aligned                0x080007b1   Thumb Code     0  rt_memcpy_w.o(.text)
    __aeabi_memclr                           0x080007cd   Thumb Code     0  rt_memclr.o(.text)
    __rt_memclr                              0x080007cd   Thumb Code    68  rt_memclr.o(.text)
    _memset                                  0x080007d1   Thumb Code     0  rt_memclr.o(.text)
    __aeabi_memclr4                          0x08000811   Thumb Code     0  rt_memclr_w.o(.text)
    __aeabi_memclr8                          0x08000811   Thumb Code     0  rt_memclr_w.o(.text)
    __rt_memclr_w                            0x08000811   Thumb Code    78  rt_memclr_w.o(.text)
    _memset_w                                0x08000815   Thumb Code     0  rt_memclr_w.o(.text)
    strncpy                                  0x0800085f   Thumb Code    86  strncpy.o(.text)
    strcmp                                   0x080008b5   Thumb Code   128  strcmpv7m.o(.text)
    __use_two_region_memory                  0x08000935   Thumb Code     2  heapauxi.o(.text)
    __rt_heap_escrow$2region                 0x08000937   Thumb Code     2  heapauxi.o(.text)
    __rt_heap_expand$2region                 0x08000939   Thumb Code     2  heapauxi.o(.text)
    __read_errno                             0x0800093b   Thumb Code    10  _rserrno.o(.text)
    __set_errno                              0x08000945   Thumb Code    12  _rserrno.o(.text)
    _printf_int_common                       0x08000951   Thumb Code   178  _printf_intcommon.o(.text)
    __lib_sel_fp_printf                      0x08000a03   Thumb Code     2  _printf_fp_dec.o(.text)
    _printf_fp_dec_real                      0x08000bb5   Thumb Code   620  _printf_fp_dec.o(.text)
    _printf_char_common                      0x08000e2b   Thumb Code    32  _printf_char_common.o(.text)
    _sputc                                   0x08000e51   Thumb Code    10  _sputc.o(.text)
    _snputc                                  0x08000e5b   Thumb Code    16  _snputc.o(.text)
    _printf_cs_common                        0x08000e6b   Thumb Code    20  _printf_char.o(.text)
    _printf_char                             0x08000e7f   Thumb Code    16  _printf_char.o(.text)
    _printf_string                           0x08000e8f   Thumb Code     8  _printf_char.o(.text)
    _scanf_really_real                       0x080010e5   Thumb Code   684  scanf_fp.o(.text)
    __vfscanf_char                           0x0800139d   Thumb Code    24  scanf_char.o(.text)
    _sgetc                                   0x080013bd   Thumb Code    30  _sgetc.o(.text)
    _sbackspace                              0x080013db   Thumb Code    34  _sgetc.o(.text)
    __rt_locale                              0x080013fd   Thumb Code     8  rt_locale_intlibspace.o(.text)
    __aeabi_errno_addr                       0x08001405   Thumb Code     8  rt_errno_addr_intlibspace.o(.text)
    __errno$intlibspace                      0x08001405   Thumb Code     0  rt_errno_addr_intlibspace.o(.text)
    __rt_errno_addr$intlibspace              0x08001405   Thumb Code     0  rt_errno_addr_intlibspace.o(.text)
    _ll_udiv10                               0x0800140d   Thumb Code   138  lludiv10.o(.text)
    isspace                                  0x08001497   Thumb Code    18  isspace.o(.text)
    _printf_fp_infnan                        0x080014a9   Thumb Code   112  _printf_fp_infnan.o(.text)
    __vfscanf                                0x08001529   Thumb Code   880  _scanf.o(.text)
    _btod_etento                             0x0800189d   Thumb Code   224  bigflt0.o(.text)
    __user_libspace                          0x08001981   Thumb Code     8  libspace.o(.text)
    __user_perproc_libspace                  0x08001981   Thumb Code     0  libspace.o(.text)
    __user_perthread_libspace                0x08001981   Thumb Code     0  libspace.o(.text)
    __user_setup_stackheap                   0x08001989   Thumb Code    74  sys_stackheap_outer.o(.text)
    __rt_ctype_table                         0x080019d5   Thumb Code    16  rt_ctype_table.o(.text)
    _scanf_really_hex_real                   0x080019e5   Thumb Code   786  scanf_hexfp.o(.text)
    _scanf_really_infnan                     0x08001d05   Thumb Code   292  scanf_infnan.o(.text)
    exit                                     0x08001e39   Thumb Code    18  exit.o(.text)
    __aeabi_llsl                             0x08001e4b   Thumb Code     0  llshl.o(.text)
    _ll_shift_l                              0x08001e4b   Thumb Code    38  llshl.o(.text)
    _chval                                   0x08001e71   Thumb Code    28  _chval.o(.text)
    _sys_exit                                0x08001e8d   Thumb Code     8  sys_exit.o(.text)
    __I$use$semihosting                      0x08001e99   Thumb Code     0  use_no_semi.o(.text)
    __use_no_semihosting_swi                 0x08001e99   Thumb Code     2  use_no_semi.o(.text)
    __semihosting_library_function           0x08001e9b   Thumb Code     0  indicate_semi.o(.text)
    _btod_d2e                                0x08001e9b   Thumb Code    62  btod.o(CL$$btod_d2e)
    _d2e_denorm_low                          0x08001ed9   Thumb Code    70  btod.o(CL$$btod_d2e_denorm_low)
    _d2e_norm_op1                            0x08001f1f   Thumb Code    96  btod.o(CL$$btod_d2e_norm_op1)
    __btod_div_common                        0x08001f7f   Thumb Code   696  btod.o(CL$$btod_div_common)
    _e2d                                     0x080022b9   Thumb Code   122  btod.o(CL$$btod_e2d)
    _e2e                                     0x0800233d   Thumb Code   220  btod.o(CL$$btod_e2e)
    _btod_ediv                               0x08002419   Thumb Code    42  btod.o(CL$$btod_ediv)
    _btod_edivd                              0x08002443   Thumb Code    42  btod.o(CL$$btod_edivd)
    _btod_emul                               0x0800246d   Thumb Code    42  btod.o(CL$$btod_emul)
    _btod_emuld                              0x08002497   Thumb Code    42  btod.o(CL$$btod_emuld)
    __btod_mult_common                       0x080024c1   Thumb Code   580  btod.o(CL$$btod_mult_common)
    Broadcast                                0x08002705   Thumb Code   108  voicemiddleware.o(i.Broadcast)
    BusFault_Handler                         0x080027ad   Thumb Code     2  stm32f4xx_it.o(i.BusFault_Handler)
    CardID_Handler                           0x080027b1   Thumb Code   102  nfc.o(i.CardID_Handler)
    DMA1_Stream0_IRQHandler                  0x08002825   Thumb Code     6  stm32f4xx_it.o(i.DMA1_Stream0_IRQHandler)
    DMA1_Stream7_IRQHandler                  0x08002831   Thumb Code     6  stm32f4xx_it.o(i.DMA1_Stream7_IRQHandler)
    DebugMon_Handler                         0x080028e1   Thumb Code     2  stm32f4xx_it.o(i.DebugMon_Handler)
    DrivingTask_Init                         0x080028e5   Thumb Code    10  drivingtask.o(i.DrivingTask_Init)
    DrivingType_Handler                      0x080028f9   Thumb Code    76  drivingtask.o(i.DrivingType_Handler)
    Error_Handler                            0x0800294d   Thumb Code     4  main.o(i.Error_Handler)
    GPS_Send                                 0x08002951   Thumb Code   120  gps_task.o(i.GPS_Send)
    GPS_Task                                 0x080029dd   Thumb Code    38  gps_task.o(i.GPS_Task)
    HAL_DMA_Abort                            0x08002a11   Thumb Code   146  stm32f4xx_hal_dma.o(i.HAL_DMA_Abort)
    HAL_DMA_Abort_IT                         0x08002aa3   Thumb Code    36  stm32f4xx_hal_dma.o(i.HAL_DMA_Abort_IT)
    HAL_DMA_IRQHandler                       0x08002ac9   Thumb Code   412  stm32f4xx_hal_dma.o(i.HAL_DMA_IRQHandler)
    HAL_DMA_Init                             0x08002c69   Thumb Code   206  stm32f4xx_hal_dma.o(i.HAL_DMA_Init)
    HAL_DMA_Start_IT                         0x08002d3d   Thumb Code   110  stm32f4xx_hal_dma.o(i.HAL_DMA_Start_IT)
    HAL_Delay                                0x08002dad   Thumb Code    32  stm32f4xx_hal.o(i.HAL_Delay)
    HAL_GPIO_Init                            0x08002dd1   Thumb Code   450  stm32f4xx_hal_gpio.o(i.HAL_GPIO_Init)
    HAL_GPIO_WritePin                        0x08002fc1   Thumb Code    10  stm32f4xx_hal_gpio.o(i.HAL_GPIO_WritePin)
    HAL_GetTick                              0x08002fcd   Thumb Code     6  stm32f4xx_hal.o(i.HAL_GetTick)
    HAL_IncTick                              0x08002fd9   Thumb Code    12  stm32f4xx_hal.o(i.HAL_IncTick)
    HAL_Init                                 0x08002fe9   Thumb Code    48  stm32f4xx_hal.o(i.HAL_Init)
    HAL_InitTick                             0x0800301d   Thumb Code    54  stm32f4xx_hal.o(i.HAL_InitTick)
    HAL_MspInit                              0x0800305d   Thumb Code    52  stm32f4xx_hal_msp.o(i.HAL_MspInit)
    HAL_NVIC_EnableIRQ                       0x08003095   Thumb Code    26  stm32f4xx_hal_cortex.o(i.HAL_NVIC_EnableIRQ)
    HAL_NVIC_SetPriority                     0x080030b1   Thumb Code    60  stm32f4xx_hal_cortex.o(i.HAL_NVIC_SetPriority)
    HAL_NVIC_SetPriorityGrouping             0x080030f1   Thumb Code    26  stm32f4xx_hal_cortex.o(i.HAL_NVIC_SetPriorityGrouping)
    HAL_RCC_ClockConfig                      0x08003115   Thumb Code   288  stm32f4xx_hal_rcc.o(i.HAL_RCC_ClockConfig)
    HAL_RCC_GetPCLK1Freq                     0x08003249   Thumb Code    20  stm32f4xx_hal_rcc.o(i.HAL_RCC_GetPCLK1Freq)
    HAL_RCC_GetPCLK2Freq                     0x08003269   Thumb Code    20  stm32f4xx_hal_rcc.o(i.HAL_RCC_GetPCLK2Freq)
    HAL_RCC_GetSysClockFreq                  0x08003289   Thumb Code    88  stm32f4xx_hal_rcc.o(i.HAL_RCC_GetSysClockFreq)
    HAL_RCC_OscConfig                        0x080032e9   Thumb Code   856  stm32f4xx_hal_rcc.o(i.HAL_RCC_OscConfig)
    HAL_SYSTICK_Config                       0x08003655   Thumb Code    40  stm32f4xx_hal_cortex.o(i.HAL_SYSTICK_Config)
    HAL_TIMEx_BreakCallback                  0x0800367d   Thumb Code     2  stm32f4xx_hal_tim_ex.o(i.HAL_TIMEx_BreakCallback)
    HAL_TIMEx_CommutCallback                 0x0800367f   Thumb Code     2  stm32f4xx_hal_tim_ex.o(i.HAL_TIMEx_CommutCallback)
    HAL_TIMEx_MasterConfigSynchronization    0x08003681   Thumb Code   116  stm32f4xx_hal_tim_ex.o(i.HAL_TIMEx_MasterConfigSynchronization)
    HAL_TIM_Base_Init                        0x08003711   Thumb Code    90  stm32f4xx_hal_tim.o(i.HAL_TIM_Base_Init)
    HAL_TIM_Base_MspInit                     0x0800376d   Thumb Code   108  tim.o(i.HAL_TIM_Base_MspInit)
    HAL_TIM_ConfigClockSource                0x080037e5   Thumb Code   220  stm32f4xx_hal_tim.o(i.HAL_TIM_ConfigClockSource)
    HAL_TIM_IC_CaptureCallback               0x080038c1   Thumb Code   246  sr04.o(i.HAL_TIM_IC_CaptureCallback)
    HAL_TIM_IC_ConfigChannel                 0x080039c9   Thumb Code   292  stm32f4xx_hal_tim.o(i.HAL_TIM_IC_ConfigChannel)
    HAL_TIM_IC_Init                          0x08003aed   Thumb Code    90  stm32f4xx_hal_tim.o(i.HAL_TIM_IC_Init)
    HAL_TIM_IC_MspInit                       0x08003b47   Thumb Code     2  stm32f4xx_hal_tim.o(i.HAL_TIM_IC_MspInit)
    HAL_TIM_IC_Start_IT                      0x08003b49   Thumb Code   240  stm32f4xx_hal_tim.o(i.HAL_TIM_IC_Start_IT)
    HAL_TIM_IC_Stop_IT                       0x08003c55   Thumb Code   146  stm32f4xx_hal_tim.o(i.HAL_TIM_IC_Stop_IT)
    HAL_TIM_IRQHandler                       0x08003ce7   Thumb Code   304  stm32f4xx_hal_tim.o(i.HAL_TIM_IRQHandler)
    HAL_TIM_OC_DelayElapsedCallback          0x08003e17   Thumb Code     2  stm32f4xx_hal_tim.o(i.HAL_TIM_OC_DelayElapsedCallback)
    HAL_TIM_PWM_PulseFinishedCallback        0x08003e19   Thumb Code     2  stm32f4xx_hal_tim.o(i.HAL_TIM_PWM_PulseFinishedCallback)
    HAL_TIM_PeriodElapsedCallback            0x08003e1b   Thumb Code     2  stm32f4xx_hal_tim.o(i.HAL_TIM_PeriodElapsedCallback)
    HAL_TIM_ReadCapturedValue                0x08003e1d   Thumb Code    42  stm32f4xx_hal_tim.o(i.HAL_TIM_ReadCapturedValue)
    HAL_TIM_TriggerCallback                  0x08003e47   Thumb Code     2  stm32f4xx_hal_tim.o(i.HAL_TIM_TriggerCallback)
    HAL_UARTEx_ReceiveToIdle_DMA             0x08003e49   Thumb Code    78  stm32f4xx_hal_uart.o(i.HAL_UARTEx_ReceiveToIdle_DMA)
    HAL_UARTEx_RxEventCallback               0x08003e97   Thumb Code     2  stm32f4xx_hal_uart.o(i.HAL_UARTEx_RxEventCallback)
    HAL_UART_ErrorCallback                   0x08003e99   Thumb Code     2  stm32f4xx_hal_uart.o(i.HAL_UART_ErrorCallback)
    HAL_UART_IRQHandler                      0x08003e9d   Thumb Code   618  stm32f4xx_hal_uart.o(i.HAL_UART_IRQHandler)
    HAL_UART_Init                            0x0800410d   Thumb Code   100  stm32f4xx_hal_uart.o(i.HAL_UART_Init)
    HAL_UART_MspInit                         0x08004171   Thumb Code   550  usart.o(i.HAL_UART_MspInit)
    HAL_UART_Receive_IT                      0x080043c9   Thumb Code    28  stm32f4xx_hal_uart.o(i.HAL_UART_Receive_IT)
    HAL_UART_RxCpltCallback                  0x080043e5   Thumb Code   198  stm32f4xx_it.o(i.HAL_UART_RxCpltCallback)
    HAL_UART_RxHalfCpltCallback              0x080044e9   Thumb Code     2  stm32f4xx_hal_uart.o(i.HAL_UART_RxHalfCpltCallback)
    HAL_UART_Transmit                        0x080044eb   Thumb Code   160  stm32f4xx_hal_uart.o(i.HAL_UART_Transmit)
    HAL_UART_Transmit_DMA                    0x0800458d   Thumb Code   106  stm32f4xx_hal_uart.o(i.HAL_UART_Transmit_DMA)
    HAL_UART_TxCpltCallback                  0x08004605   Thumb Code     2  voicemiddleware.o(i.HAL_UART_TxCpltCallback)
    HAL_UART_TxHalfCpltCallback              0x08004607   Thumb Code     2  stm32f4xx_hal_uart.o(i.HAL_UART_TxHalfCpltCallback)
    HardFault_Handler                        0x08004609   Thumb Code     2  stm32f4xx_it.o(i.HardFault_Handler)
    Init_sentenselib                         0x0800460d   Thumb Code    16  voicemiddleware.o(i.Init_sentenselib)
    Init_voicemodule                         0x08004625   Thumb Code    48  voicemiddleware.o(i.Init_voicemodule)
    MX_DMA_Init                              0x08004675   Thumb Code    56  dma.o(i.MX_DMA_Init)
    MX_FREERTOS_Init                         0x080046b1   Thumb Code    74  freertos.o(i.MX_FREERTOS_Init)
    MX_GPIO_Init                             0x08004705   Thumb Code   170  gpio.o(i.MX_GPIO_Init)
    MX_TIM1_Init                             0x080047b9   Thumb Code   160  tim.o(i.MX_TIM1_Init)
    MX_UART4_Init                            0x08004861   Thumb Code    48  usart.o(i.MX_UART4_Init)
    MX_UART5_Init                            0x08004899   Thumb Code    48  usart.o(i.MX_UART5_Init)
    MX_USART1_UART_Init                      0x080048d1   Thumb Code    48  usart.o(i.MX_USART1_UART_Init)
    MX_USART2_UART_Init                      0x08004909   Thumb Code    48  usart.o(i.MX_USART2_UART_Init)
    MX_USART3_UART_Init                      0x08004941   Thumb Code    48  usart.o(i.MX_USART3_UART_Init)
    MemManage_Handler                        0x08004979   Thumb Code     2  stm32f4xx_it.o(i.MemManage_Handler)
    NFC_Task                                 0x0800497b   Thumb Code    16  nfc_task.o(i.NFC_Task)
    NMI_Handler                              0x0800498b   Thumb Code     2  stm32f4xx_it.o(i.NMI_Handler)
    Net_send                                 0x0800498d   Thumb Code    36  4g.o(i.Net_send)
    Net_sendChar                             0x080049b9   Thumb Code    36  4g.o(i.Net_sendChar)
    Restart_dmaIDLErecv                      0x080049e5   Thumb Code    16  voicemiddleware.o(i.Restart_dmaIDLErecv)
    SR04_GetData                             0x080049f9   Thumb Code   162  sr04.o(i.SR04_GetData)
    SR04_Init                                0x08004aa9   Thumb Code    22  sr04.o(i.SR04_Init)
    StartDefaultTask                         0x08004ac9   Thumb Code     8  freertos.o(i.StartDefaultTask)
    SysTick_Handler                          0x08004ad1   Thumb Code    24  stm32f4xx_it.o(i.SysTick_Handler)
    SystemClock_Config                       0x08004ae9   Thumb Code   138  main.o(i.SystemClock_Config)
    SystemInit                               0x08004b7d   Thumb Code    12  system_stm32f4xx.o(i.SystemInit)
    TIM1_CC_IRQHandler                       0x08004b8d   Thumb Code     6  stm32f4xx_it.o(i.TIM1_CC_IRQHandler)
    TIM_Base_SetConfig                       0x08004b99   Thumb Code   170  stm32f4xx_hal_tim.o(i.TIM_Base_SetConfig)
    TIM_CCxChannelCmd                        0x08004c71   Thumb Code    26  stm32f4xx_hal_tim.o(i.TIM_CCxChannelCmd)
    TIM_ETR_SetConfig                        0x08004c8b   Thumb Code    20  stm32f4xx_hal_tim.o(i.TIM_ETR_SetConfig)
    TIM_TI1_SetConfig                        0x08004cd1   Thumb Code   100  stm32f4xx_hal_tim.o(i.TIM_TI1_SetConfig)
    UART4_IRQHandler                         0x08004dad   Thumb Code    74  stm32f4xx_it.o(i.UART4_IRQHandler)
    UART5_IRQHandler                         0x08004e0d   Thumb Code     6  stm32f4xx_it.o(i.UART5_IRQHandler)
    UART_Start_Receive_DMA                   0x0800519d   Thumb Code   130  stm32f4xx_hal_uart.o(i.UART_Start_Receive_DMA)
    UART_Start_Receive_IT                    0x0800522d   Thumb Code    54  stm32f4xx_hal_uart.o(i.UART_Start_Receive_IT)
    USART1_IRQHandler                        0x080052d5   Thumb Code    22  stm32f4xx_it.o(i.USART1_IRQHandler)
    USART2_IRQHandler                        0x080052f5   Thumb Code    38  stm32f4xx_it.o(i.USART2_IRQHandler)
    USART3_IRQHandler                        0x08005329   Thumb Code    60  stm32f4xx_it.o(i.USART3_IRQHandler)
    UsageFault_Handler                       0x08005371   Thumb Code     2  stm32f4xx_it.o(i.UsageFault_Handler)
    VoiceMsg_clear                           0x08005375   Thumb Code    44  voicemiddleware.o(i.VoiceMsg_clear)
    VoiceMsg_start                           0x080053a9   Thumb Code    10  voicemiddleware.o(i.VoiceMsg_start)
    Voice_Sendmsg                            0x080053b9   Thumb Code    60  voicemiddleware.o(i.Voice_Sendmsg)
    Voice_completeflagClear                  0x080053f9   Thumb Code    18  voicemiddleware.o(i.Voice_completeflagClear)
    __ARM_fpclassify                         0x08005411   Thumb Code    48  fpclassify.o(i.__ARM_fpclassify)
    __hardfp___mathlib_tofloat               0x08005461   Thumb Code   232  narrow.o(i.__hardfp___mathlib_tofloat)
    __hardfp_cos                             0x08005559   Thumb Code   180  cos.o(i.__hardfp_cos)
    __hardfp_ldexp                           0x08005621   Thumb Code   200  ldexp.o(i.__hardfp_ldexp)
    __hardfp_sin                             0x080056f1   Thumb Code   180  sin.o(i.__hardfp_sin)
    __hardfp_sqrt                            0x080057b9   Thumb Code   122  sqrt.o(i.__hardfp_sqrt)
    __ieee754_rem_pio2                       0x08005839   Thumb Code   938  rred.o(i.__ieee754_rem_pio2)
    __kernel_cos                             0x08005c71   Thumb Code   322  cos_i.o(i.__kernel_cos)
    __kernel_poly                            0x08005de1   Thumb Code   248  poly.o(i.__kernel_poly)
    __kernel_sin                             0x08005ed9   Thumb Code   280  sin_i.o(i.__kernel_sin)
    __mathlib_dbl_infnan                     0x08006009   Thumb Code    20  dunder.o(i.__mathlib_dbl_infnan)
    __mathlib_dbl_invalid                    0x08006021   Thumb Code    24  dunder.o(i.__mathlib_dbl_invalid)
    __mathlib_dbl_overflow                   0x08006041   Thumb Code    24  dunder.o(i.__mathlib_dbl_overflow)
    __mathlib_dbl_underflow                  0x08006061   Thumb Code    24  dunder.o(i.__mathlib_dbl_underflow)
    __mathlib_narrow                         0x08006081   Thumb Code    18  narrow.o(i.__mathlib_narrow)
    __support_ldexp                          0x08006093   Thumb Code    20  ldexp.o(i.__support_ldexp)
    _is_digit                                0x080060a7   Thumb Code    14  __printf_wp.o(i._is_digit)
    fabs                                     0x080060b5   Thumb Code    24  fabs.o(i.fabs)
    frexp                                    0x080060d1   Thumb Code   118  frexp.o(i.frexp)
    main                                     0x0800615d   Thumb Code    78  main.o(i.main)
    nfc_WakeUp                               0x080061c1   Thumb Code    38  nfc.o(i.nfc_WakeUp)
    nfc_findCard                             0x080061f5   Thumb Code    70  nfc.o(i.nfc_findCard)
    osDelay                                  0x0800624d   Thumb Code    14  cmsis_os.o(i.osDelay)
    osKernelStart                            0x0800625b   Thumb Code    10  cmsis_os.o(i.osKernelStart)
    osThreadCreate                           0x08006265   Thumb Code    84  cmsis_os.o(i.osThreadCreate)
    parseGpsBuffer                           0x080062b9   Thumb Code   492  gps.o(i.parseGpsBuffer)
    pvPortMalloc                             0x0800680d   Thumb Code   216  heap_4.o(i.pvPortMalloc)
    pxPortInitialiseStack                    0x080068e9   Thumb Code    40  port.o(i.pxPortInitialiseStack)
    transformlat                             0x08006915   Thumb Code   538  gps.o(i.transformlat)
    transformlng                             0x08006b79   Thumb Code   534  gps.o(i.transformlng)
    uxListRemove                             0x08006dd5   Thumb Code    38  list.o(i.uxListRemove)
    vApplicationGetIdleTaskMemory            0x08006dfd   Thumb Code    16  freertos.o(i.vApplicationGetIdleTaskMemory)
    vListInitialise                          0x08006e11   Thumb Code    22  list.o(i.vListInitialise)
    vListInitialiseItem                      0x08006e27   Thumb Code     6  list.o(i.vListInitialiseItem)
    vListInsert                              0x08006e2d   Thumb Code    48  list.o(i.vListInsert)
    vListInsertEnd                           0x08006e5d   Thumb Code    24  list.o(i.vListInsertEnd)
    vPortEnterCritical                       0x08006e75   Thumb Code    54  port.o(i.vPortEnterCritical)
    vPortExitCritical                        0x08006eb5   Thumb Code    34  port.o(i.vPortExitCritical)
    vPortFree                                0x08006edd   Thumb Code    94  heap_4.o(i.vPortFree)
    vPortSetupTimerInterrupt                 0x08006f41   Thumb Code    32  port.o(i.vPortSetupTimerInterrupt)
    vTaskDelay                               0x08006f65   Thumb Code    66  tasks.o(i.vTaskDelay)
    vTaskStartScheduler                      0x08006fb1   Thumb Code    90  tasks.o(i.vTaskStartScheduler)
    vTaskSuspendAll                          0x0800701d   Thumb Code    10  tasks.o(i.vTaskSuspendAll)
    vTaskSwitchContext                       0x0800702d   Thumb Code    82  tasks.o(i.vTaskSwitchContext)
    voicepacker_send                         0x08007089   Thumb Code   222  voicemiddleware.o(i.voicepacker_send)
    wgs84togcj02                             0x08007171   Thumb Code   304  gps.o(i.wgs84togcj02)
    xPortStartScheduler                      0x080072c5   Thumb Code   222  port.o(i.xPortStartScheduler)
    xPortSysTickHandler                      0x080073b9   Thumb Code    38  port.o(i.xPortSysTickHandler)
    xTaskCreate                              0x080073e5   Thumb Code    90  tasks.o(i.xTaskCreate)
    xTaskCreateStatic                        0x0800743f   Thumb Code    86  tasks.o(i.xTaskCreateStatic)
    xTaskGetSchedulerState                   0x08007495   Thumb Code    22  tasks.o(i.xTaskGetSchedulerState)
    xTaskIncrementTick                       0x080074b1   Thumb Code   194  tasks.o(i.xTaskIncrementTick)
    xTaskResumeAll                           0x0800757d   Thumb Code   182  tasks.o(i.xTaskResumeAll)
    _get_lc_numeric                          0x08007641   Thumb Code    44  lc_numeric_c.o(locale$$code)
    _get_lc_ctype                            0x0800766d   Thumb Code    44  lc_ctype_c.o(locale$$code)
    __aeabi_dneg                             0x08007699   Thumb Code     0  basic.o(x$fpl$basic)
    _dneg                                    0x08007699   Thumb Code     6  basic.o(x$fpl$basic)
    __aeabi_fneg                             0x0800769f   Thumb Code     0  basic.o(x$fpl$basic)
    _fneg                                    0x0800769f   Thumb Code     6  basic.o(x$fpl$basic)
    _dabs                                    0x080076a5   Thumb Code     6  basic.o(x$fpl$basic)
    _fabs                                    0x080076ab   Thumb Code     6  basic.o(x$fpl$basic)
    __aeabi_d2f                              0x080076b1   Thumb Code     0  d2f.o(x$fpl$d2f)
    _d2f                                     0x080076b1   Thumb Code    98  d2f.o(x$fpl$d2f)
    __aeabi_dadd                             0x08007715   Thumb Code     0  daddsub_clz.o(x$fpl$dadd)
    _dadd                                    0x08007715   Thumb Code   332  daddsub_clz.o(x$fpl$dadd)
    __fpl_dcheck_NaN1                        0x08007865   Thumb Code    10  dcheck1.o(x$fpl$dcheck1)
    __fpl_dcmp_Inf                           0x08007875   Thumb Code    24  dcmpi.o(x$fpl$dcmpinf)
    __aeabi_ddiv                             0x0800788d   Thumb Code     0  ddiv.o(x$fpl$ddiv)
    _ddiv                                    0x0800788d   Thumb Code   552  ddiv.o(x$fpl$ddiv)
    __aeabi_cdcmpeq                          0x08007b3d   Thumb Code     0  deqf.o(x$fpl$deqf)
    _dcmpeq                                  0x08007b3d   Thumb Code   120  deqf.o(x$fpl$deqf)
    __aeabi_d2iz                             0x08007bb5   Thumb Code     0  dfix.o(x$fpl$dfix)
    _dfix                                    0x08007bb5   Thumb Code    94  dfix.o(x$fpl$dfix)
    __aeabi_i2d                              0x08007c13   Thumb Code     0  dflt_clz.o(x$fpl$dflt)
    _dflt                                    0x08007c13   Thumb Code    46  dflt_clz.o(x$fpl$dflt)
    __aeabi_ui2d                             0x08007c41   Thumb Code     0  dflt_clz.o(x$fpl$dfltu)
    _dfltu                                   0x08007c41   Thumb Code    38  dflt_clz.o(x$fpl$dfltu)
    __aeabi_cdcmple                          0x08007c69   Thumb Code     0  dleqf.o(x$fpl$dleqf)
    _dcmple                                  0x08007c69   Thumb Code   120  dleqf.o(x$fpl$dleqf)
    __fpl_dcmple_InfNaN                      0x08007ccb   Thumb Code     0  dleqf.o(x$fpl$dleqf)
    __aeabi_dmul                             0x08007ce1   Thumb Code     0  dmul.o(x$fpl$dmul)
    _dmul                                    0x08007ce1   Thumb Code   332  dmul.o(x$fpl$dmul)
    __fpl_dnaninf                            0x08007e35   Thumb Code   156  dnaninf.o(x$fpl$dnaninf)
    __fpl_dretinf                            0x08007ed1   Thumb Code    12  dretinf.o(x$fpl$dretinf)
    __aeabi_cdrcmple                         0x08007edd   Thumb Code     0  drleqf.o(x$fpl$drleqf)
    _drcmple                                 0x08007edd   Thumb Code   108  drleqf.o(x$fpl$drleqf)
    __aeabi_drsub                            0x08007f49   Thumb Code     0  daddsub_clz.o(x$fpl$drsb)
    _drsb                                    0x08007f49   Thumb Code    22  daddsub_clz.o(x$fpl$drsb)
    _dsqrt                                   0x08007f61   Thumb Code   404  dsqrt_umaal.o(x$fpl$dsqrt)
    __aeabi_dsub                             0x080080f9   Thumb Code     0  daddsub_clz.o(x$fpl$dsub)
    _dsub                                    0x080080f9   Thumb Code   464  daddsub_clz.o(x$fpl$dsub)
    __aeabi_f2d                              0x080082cd   Thumb Code     0  f2d.o(x$fpl$f2d)
    _f2d                                     0x080082cd   Thumb Code    86  f2d.o(x$fpl$f2d)
    __fpl_fnaninf                            0x08008323   Thumb Code   140  fnaninf.o(x$fpl$fnaninf)
    _fp_init                                 0x080083af   Thumb Code    10  fpinit.o(x$fpl$fpinit)
    __fplib_config_fpu_vfp                   0x080083b7   Thumb Code     0  fpinit.o(x$fpl$fpinit)
    __fplib_config_pureend_doubles           0x080083b7   Thumb Code     0  fpinit.o(x$fpl$fpinit)
    __fpl_fretinf                            0x080083b9   Thumb Code    10  fretinf.o(x$fpl$fretinf)
    __ieee_status                            0x080083c3   Thumb Code     6  istatus.o(x$fpl$ieeestatus)
    _printf_fp_dec                           0x080083c9   Thumb Code     4  printf1.o(x$fpl$printf1)
    __fpl_return_NaN                         0x080083cd   Thumb Code   100  retnan.o(x$fpl$retnan)
    __ARM_scalbn                             0x08008431   Thumb Code    92  scalbn.o(x$fpl$scalbn)
    _scanf_real                              0x0800848d   Thumb Code     4  scanf1.o(x$fpl$scanf1)
    _scanf_hex_real                          0x08008491   Thumb Code     4  scanf2.o(x$fpl$scanf2)
    _scanf_infnan                            0x08008495   Thumb Code     4  scanf2.o(x$fpl$scanf2)
    __fpl_cmpreturn                          0x08008499   Thumb Code    48  trapv.o(x$fpl$trapveneer)
    __I$use$fp                               0x080084c8   Number         0  usenofp.o(x$fpl$usenofp)
    AHBPrescTable                            0x08008524   Data          16  system_stm32f4xx.o(.constdata)
    APBPrescTable                            0x08008534   Data           8  system_stm32f4xx.o(.constdata)
    nfc_readack                              0x0800853c   Data           5  nfc.o(.constdata)
    nfc_reply                                0x08008541   Data           6  nfc.o(.constdata)
    nfc_start                                0x08008547   Data          24  nfc.o(.constdata)
    nfc_find                                 0x0800855f   Data          11  nfc.o(.constdata)
    Region$$Table$$Base                      0x08008748   Number         0  anon$$obj.o(Region$$Table)
    Region$$Table$$Limit                     0x08008768   Number         0  anon$$obj.o(Region$$Table)
    __aeabi_HUGE_VAL                         0x08008768   Data           0  fpconst.o(c$$dinf)
    __aeabi_HUGE_VALL                        0x08008768   Data           0  fpconst.o(c$$dinf)
    __aeabi_INFINITY                         0x08008768   Data           0  fpconst.o(c$$dinf)
    __dInf                                   0x08008768   Data           0  fpconst.o(c$$dinf)
    __huge_val                               0x08008768   Data           0  fpconst.o(c$$dinf)
    __dbl_max                                0x08008770   Data           0  fpconst.o(c$$dmax)
    __ctype                                  0x080087a1   Data           0  lc_ctype_c.o(locale$$data)
    GPS_TaskHandle                           0x20000000   Data           4  freertos.o(.data)
    defaultTaskHandle                        0x20000004   Data           4  freertos.o(.data)
    NFC_TaskHandle                           0x20000008   Data           4  freertos.o(.data)
    point1                                   0x2000000c   Data           2  stm32f4xx_it.o(.data)
    NetRxCount                               0x20000010   Data           4  stm32f4xx_it.o(.data)
    NFCRxCount                               0x20000014   Data           4  stm32f4xx_it.o(.data)
    uwTickFreq                               0x20000018   Data           1  stm32f4xx_hal.o(.data)
    uwTickPrio                               0x2000001c   Data           4  stm32f4xx_hal.o(.data)
    uwTick                                   0x20000020   Data           4  stm32f4xx_hal.o(.data)
    SystemCoreClock                          0x20000024   Data           4  system_stm32f4xx.o(.data)
    pxCurrentTCB                             0x20000028   Data           4  tasks.o(.data)
    rxData                                   0x20000090   Data           1  4g.o(.data)
    config_flag                              0x20000094   Data           4  4g.o(.data)
    GPS_data                                 0x20000098   Data           1  gps.o(.data)
    mylatitude                               0x2000009c   Data           4  gps.o(.data)
    mylongitude                              0x200000a0   Data           4  gps.o(.data)
    laststate                                0x200000a4   Data           1  nfc.o(.data)
    nfcdata                                  0x200000a5   Data           1  nfc.o(.data)
    nfc                                      0x200000a6   Data           1  nfc.o(.data)
    nfcflag                                  0x200000a7   Data           1  nfc.o(.data)
    mynfc                                    0x200000ac   Data           8  nfc.o(.data)
    word_seq                                 0x200000b4   Data           1  voicemiddleware.o(.data)
    GB_deviceok                              0x200000b5   Data          14  voicemiddleware.o(.data)
    GB_ChildrenPleaseLeaveBus                0x200000c3   Data          12  voicemiddleware.o(.data)
    GB_Robomaster_Start                      0x200000cf   Data          24  voicemiddleware.o(.data)
    test                                     0x200000e8   Data           4  gps_task.o(.data)
    speed                                    0x200000ec   Data          24  gps_task.o(.data)
    DrivingReceive                           0x20000104   Data           1  drivingtask.o(.data)
    drivingType                              0x2000010c   Data           4  drivingtask.o(.data)
    htim1                                    0x20000364   Data          72  tim.o(.bss)
    huart4                                   0x200003ac   Data          72  usart.o(.bss)
    huart5                                   0x200003f4   Data          72  usart.o(.bss)
    huart1                                   0x2000043c   Data          72  usart.o(.bss)
    huart2                                   0x20000484   Data          72  usart.o(.bss)
    huart3                                   0x200004cc   Data          72  usart.o(.bss)
    hdma_uart5_tx                            0x20000514   Data          96  usart.o(.bss)
    hdma_uart5_rx                            0x20000574   Data          96  usart.o(.bss)
    txBuffer                                 0x200042c4   Data         128  4g.o(.bss)
    receiveData                              0x20004344   Data         128  4g.o(.bss)
    rxBuffer                                 0x200043c4   Data         128  4g.o(.bss)
    GPS_Frame                                0x20004444   Data         200  gps.o(.bss)
    GPS                                      0x2000450c   Data         140  gps.o(.bss)
    nfc_frame                                0x20004598   Data         100  nfc.o(.bss)
    nfcRecv                                  0x200045fc   Data         100  nfc.o(.bss)
    SR04                                     0x20004660   Data          20  sr04.o(.bss)
    text_recv                                0x20004674   Data        4108  voicemiddleware.o(.bss)
    voice_packer                             0x20005680   Data       12356  voicemiddleware.o(.bss)
    __libspace_start                         0x200086c4   Data          96  libspace.o(.bss)
    __temporary_stack_top$libspace           0x20008724   Data           0  libspace.o(.bss)



==============================================================================

Memory Map of the image

  Image Entry point : 0x08000189

  Load Region LR_IROM1 (Base: 0x08000000, Size: 0x000089b4, Max: 0x00080000, ABSOLUTE)

    Execution Region ER_IROM1 (Exec base: 0x08000000, Load base: 0x08000000, Size: 0x000088a4, Max: 0x00080000, ABSOLUTE)

    Exec Addr    Load Addr    Size         Type   Attr      Idx    E Section Name        Object

    0x08000000   0x08000000   0x00000188   Data   RO            3    RESET               startup_stm32f407xx.o
    0x08000188   0x08000188   0x00000008   Code   RO         4929  * !!!main             c_w.l(__main.o)
    0x08000190   0x08000190   0x00000034   Code   RO         5356    !!!scatter          c_w.l(__scatter.o)
    0x080001c4   0x080001c4   0x0000001a   Code   RO         5358    !!handler_copy      c_w.l(__scatter_copy.o)
    0x080001de   0x080001de   0x00000002   PAD
    0x080001e0   0x080001e0   0x0000001c   Code   RO         5360    !!handler_zi        c_w.l(__scatter_zi.o)
    0x080001fc   0x080001fc   0x00000000   Code   RO         4904    .ARM.Collect$$_printf_percent$$00000000  c_w.l(_printf_percent.o)
    0x080001fc   0x080001fc   0x00000006   Code   RO         4903    .ARM.Collect$$_printf_percent$$00000003  c_w.l(_printf_f.o)
    0x08000202   0x08000202   0x00000006   Code   RO         4901    .ARM.Collect$$_printf_percent$$00000009  c_w.l(_printf_d.o)
    0x08000208   0x08000208   0x00000006   Code   RO         4902    .ARM.Collect$$_printf_percent$$0000000A  c_w.l(_printf_u.o)
    0x0800020e   0x0800020e   0x00000006   Code   RO         4900    .ARM.Collect$$_printf_percent$$00000014  c_w.l(_printf_s.o)
    0x08000214   0x08000214   0x00000004   Code   RO         5012    .ARM.Collect$$_printf_percent$$00000017  c_w.l(_printf_percent_end.o)
    0x08000218   0x08000218   0x00000002   Code   RO         5185    .ARM.Collect$$libinit$$00000000  c_w.l(libinit.o)
    0x0800021a   0x0800021a   0x00000004   Code   RO         5186    .ARM.Collect$$libinit$$00000001  c_w.l(libinit2.o)
    0x0800021e   0x0800021e   0x00000000   Code   RO         5189    .ARM.Collect$$libinit$$00000004  c_w.l(libinit2.o)
    0x0800021e   0x0800021e   0x00000000   Code   RO         5192    .ARM.Collect$$libinit$$0000000A  c_w.l(libinit2.o)
    0x0800021e   0x0800021e   0x00000000   Code   RO         5194    .ARM.Collect$$libinit$$0000000C  c_w.l(libinit2.o)
    0x0800021e   0x0800021e   0x00000000   Code   RO         5196    .ARM.Collect$$libinit$$0000000E  c_w.l(libinit2.o)
    0x0800021e   0x0800021e   0x00000006   Code   RO         5197    .ARM.Collect$$libinit$$0000000F  c_w.l(libinit2.o)
    0x08000224   0x08000224   0x00000000   Code   RO         5199    .ARM.Collect$$libinit$$00000011  c_w.l(libinit2.o)
    0x08000224   0x08000224   0x0000000c   Code   RO         5200    .ARM.Collect$$libinit$$00000012  c_w.l(libinit2.o)
    0x08000230   0x08000230   0x00000000   Code   RO         5201    .ARM.Collect$$libinit$$00000013  c_w.l(libinit2.o)
    0x08000230   0x08000230   0x00000000   Code   RO         5203    .ARM.Collect$$libinit$$00000015  c_w.l(libinit2.o)
    0x08000230   0x08000230   0x0000000a   Code   RO         5204    .ARM.Collect$$libinit$$00000016  c_w.l(libinit2.o)
    0x0800023a   0x0800023a   0x00000000   Code   RO         5205    .ARM.Collect$$libinit$$00000017  c_w.l(libinit2.o)
    0x0800023a   0x0800023a   0x00000000   Code   RO         5207    .ARM.Collect$$libinit$$00000019  c_w.l(libinit2.o)
    0x0800023a   0x0800023a   0x00000000   Code   RO         5209    .ARM.Collect$$libinit$$0000001B  c_w.l(libinit2.o)
    0x0800023a   0x0800023a   0x00000000   Code   RO         5211    .ARM.Collect$$libinit$$0000001D  c_w.l(libinit2.o)
    0x0800023a   0x0800023a   0x00000000   Code   RO         5213    .ARM.Collect$$libinit$$0000001F  c_w.l(libinit2.o)
    0x0800023a   0x0800023a   0x00000000   Code   RO         5215    .ARM.Collect$$libinit$$00000021  c_w.l(libinit2.o)
    0x0800023a   0x0800023a   0x00000000   Code   RO         5217    .ARM.Collect$$libinit$$00000023  c_w.l(libinit2.o)
    0x0800023a   0x0800023a   0x00000000   Code   RO         5219    .ARM.Collect$$libinit$$00000025  c_w.l(libinit2.o)
    0x0800023a   0x0800023a   0x00000000   Code   RO         5223    .ARM.Collect$$libinit$$0000002C  c_w.l(libinit2.o)
    0x0800023a   0x0800023a   0x00000000   Code   RO         5225    .ARM.Collect$$libinit$$0000002E  c_w.l(libinit2.o)
    0x0800023a   0x0800023a   0x00000000   Code   RO         5227    .ARM.Collect$$libinit$$00000030  c_w.l(libinit2.o)
    0x0800023a   0x0800023a   0x00000000   Code   RO         5229    .ARM.Collect$$libinit$$00000032  c_w.l(libinit2.o)
    0x0800023a   0x0800023a   0x00000002   Code   RO         5230    .ARM.Collect$$libinit$$00000033  c_w.l(libinit2.o)
    0x0800023c   0x0800023c   0x00000002   Code   RO         5313    .ARM.Collect$$libshutdown$$00000000  c_w.l(libshutdown.o)
    0x0800023e   0x0800023e   0x00000000   Code   RO         5333    .ARM.Collect$$libshutdown$$00000002  c_w.l(libshutdown2.o)
    0x0800023e   0x0800023e   0x00000000   Code   RO         5335    .ARM.Collect$$libshutdown$$00000004  c_w.l(libshutdown2.o)
    0x0800023e   0x0800023e   0x00000000   Code   RO         5337    .ARM.Collect$$libshutdown$$00000006  c_w.l(libshutdown2.o)
    0x0800023e   0x0800023e   0x00000000   Code   RO         5340    .ARM.Collect$$libshutdown$$00000009  c_w.l(libshutdown2.o)
    0x0800023e   0x0800023e   0x00000000   Code   RO         5343    .ARM.Collect$$libshutdown$$0000000C  c_w.l(libshutdown2.o)
    0x0800023e   0x0800023e   0x00000000   Code   RO         5345    .ARM.Collect$$libshutdown$$0000000E  c_w.l(libshutdown2.o)
    0x0800023e   0x0800023e   0x00000000   Code   RO         5348    .ARM.Collect$$libshutdown$$00000011  c_w.l(libshutdown2.o)
    0x0800023e   0x0800023e   0x00000002   Code   RO         5349    .ARM.Collect$$libshutdown$$00000012  c_w.l(libshutdown2.o)
    0x08000240   0x08000240   0x00000000   Code   RO         4993    .ARM.Collect$$rtentry$$00000000  c_w.l(__rtentry.o)
    0x08000240   0x08000240   0x00000000   Code   RO         5063    .ARM.Collect$$rtentry$$00000002  c_w.l(__rtentry2.o)
    0x08000240   0x08000240   0x00000006   Code   RO         5075    .ARM.Collect$$rtentry$$00000004  c_w.l(__rtentry4.o)
    0x08000246   0x08000246   0x00000000   Code   RO         5065    .ARM.Collect$$rtentry$$00000009  c_w.l(__rtentry2.o)
    0x08000246   0x08000246   0x00000004   Code   RO         5066    .ARM.Collect$$rtentry$$0000000A  c_w.l(__rtentry2.o)
    0x0800024a   0x0800024a   0x00000000   Code   RO         5068    .ARM.Collect$$rtentry$$0000000C  c_w.l(__rtentry2.o)
    0x0800024a   0x0800024a   0x00000008   Code   RO         5069    .ARM.Collect$$rtentry$$0000000D  c_w.l(__rtentry2.o)
    0x08000252   0x08000252   0x00000002   Code   RO         5241    .ARM.Collect$$rtexit$$00000000  c_w.l(rtexit.o)
    0x08000254   0x08000254   0x00000000   Code   RO         5279    .ARM.Collect$$rtexit$$00000002  c_w.l(rtexit2.o)
    0x08000254   0x08000254   0x00000004   Code   RO         5280    .ARM.Collect$$rtexit$$00000003  c_w.l(rtexit2.o)
    0x08000258   0x08000258   0x00000006   Code   RO         5281    .ARM.Collect$$rtexit$$00000004  c_w.l(rtexit2.o)
    0x0800025e   0x0800025e   0x00000002   PAD
    0x08000260   0x08000260   0x000000be   Code   RO         4314    .emb_text           port.o
    0x0800031e   0x0800031e   0x00000002   PAD
    0x08000320   0x08000320   0x00000040   Code   RO            4    .text               startup_stm32f407xx.o
    0x08000360   0x08000360   0x000000ee   Code   RO         4864    .text               c_w.l(lludivv7m.o)
    0x0800044e   0x0800044e   0x00000002   PAD
    0x08000450   0x08000450   0x0000002c   Code   RO         4866    .text               c_w.l(__2sprintf.o)
    0x0800047c   0x0800047c   0x00000038   Code   RO         4868    .text               c_w.l(__2snprintf.o)
    0x080004b4   0x080004b4   0x00000068   Code   RO         4874    .text               c_w.l(__printf.o)
    0x0800051c   0x0800051c   0x00000052   Code   RO         4876    .text               c_w.l(_printf_str.o)
    0x0800056e   0x0800056e   0x00000002   PAD
    0x08000570   0x08000570   0x00000078   Code   RO         4878    .text               c_w.l(_printf_dec.o)
    0x080005e8   0x080005e8   0x0000003c   Code   RO         4905    .text               c_w.l(__0sscanf.o)
    0x08000624   0x08000624   0x00000024   Code   RO         4907    .text               c_w.l(strstr.o)
    0x08000648   0x08000648   0x00000058   Code   RO         4909    .text               c_w.l(memcmp.o)
    0x080006a0   0x080006a0   0x0000003e   Code   RO         4911    .text               c_w.l(strlen.o)
    0x080006de   0x080006de   0x0000008a   Code   RO         4913    .text               c_w.l(rt_memcpy_v6.o)
    0x08000768   0x08000768   0x00000064   Code   RO         4915    .text               c_w.l(rt_memcpy_w.o)
    0x080007cc   0x080007cc   0x00000044   Code   RO         4919    .text               c_w.l(rt_memclr.o)
    0x08000810   0x08000810   0x0000004e   Code   RO         4921    .text               c_w.l(rt_memclr_w.o)
    0x0800085e   0x0800085e   0x00000056   Code   RO         4923    .text               c_w.l(strncpy.o)
    0x080008b4   0x080008b4   0x00000080   Code   RO         4925    .text               c_w.l(strcmpv7m.o)
    0x08000934   0x08000934   0x00000006   Code   RO         4927    .text               c_w.l(heapauxi.o)
    0x0800093a   0x0800093a   0x00000016   Code   RO         4998    .text               c_w.l(_rserrno.o)
    0x08000950   0x08000950   0x000000b2   Code   RO         5000    .text               c_w.l(_printf_intcommon.o)
    0x08000a02   0x08000a02   0x0000041e   Code   RO         5002    .text               c_w.l(_printf_fp_dec.o)
    0x08000e20   0x08000e20   0x00000030   Code   RO         5004    .text               c_w.l(_printf_char_common.o)
    0x08000e50   0x08000e50   0x0000000a   Code   RO         5006    .text               c_w.l(_sputc.o)
    0x08000e5a   0x08000e5a   0x00000010   Code   RO         5008    .text               c_w.l(_snputc.o)
    0x08000e6a   0x08000e6a   0x0000002c   Code   RO         5010    .text               c_w.l(_printf_char.o)
    0x08000e96   0x08000e96   0x00000002   PAD
    0x08000e98   0x08000e98   0x000004f8   Code   RO         5013    .text               c_w.l(scanf_fp.o)
    0x08001390   0x08001390   0x0000002c   Code   RO         5015    .text               c_w.l(scanf_char.o)
    0x080013bc   0x080013bc   0x00000040   Code   RO         5017    .text               c_w.l(_sgetc.o)
    0x080013fc   0x080013fc   0x00000008   Code   RO         5082    .text               c_w.l(rt_locale_intlibspace.o)
    0x08001404   0x08001404   0x00000008   Code   RO         5087    .text               c_w.l(rt_errno_addr_intlibspace.o)
    0x0800140c   0x0800140c   0x0000008a   Code   RO         5089    .text               c_w.l(lludiv10.o)
    0x08001496   0x08001496   0x00000012   Code   RO         5091    .text               c_w.l(isspace.o)
    0x080014a8   0x080014a8   0x00000080   Code   RO         5093    .text               c_w.l(_printf_fp_infnan.o)
    0x08001528   0x08001528   0x00000374   Code   RO         5097    .text               c_w.l(_scanf.o)
    0x0800189c   0x0800189c   0x000000e4   Code   RO         5099    .text               c_w.l(bigflt0.o)
    0x08001980   0x08001980   0x00000008   Code   RO         5163    .text               c_w.l(libspace.o)
    0x08001988   0x08001988   0x0000004a   Code   RO         5166    .text               c_w.l(sys_stackheap_outer.o)
    0x080019d2   0x080019d2   0x00000002   PAD
    0x080019d4   0x080019d4   0x00000010   Code   RO         5168    .text               c_w.l(rt_ctype_table.o)
    0x080019e4   0x080019e4   0x00000320   Code   RO         5170    .text               c_w.l(scanf_hexfp.o)
    0x08001d04   0x08001d04   0x00000134   Code   RO         5172    .text               c_w.l(scanf_infnan.o)
    0x08001e38   0x08001e38   0x00000012   Code   RO         5174    .text               c_w.l(exit.o)
    0x08001e4a   0x08001e4a   0x00000026   Code   RO         5245    .text               c_w.l(llshl.o)
    0x08001e70   0x08001e70   0x0000001c   Code   RO         5247    .text               c_w.l(_chval.o)
    0x08001e8c   0x08001e8c   0x0000000c   Code   RO         5276    .text               c_w.l(sys_exit.o)
    0x08001e98   0x08001e98   0x00000002   Code   RO         5300    .text               c_w.l(use_no_semi.o)
    0x08001e9a   0x08001e9a   0x00000000   Code   RO         5302    .text               c_w.l(indicate_semi.o)
    0x08001e9a   0x08001e9a   0x0000003e   Code   RO         5102    CL$$btod_d2e        c_w.l(btod.o)
    0x08001ed8   0x08001ed8   0x00000046   Code   RO         5104    CL$$btod_d2e_denorm_low  c_w.l(btod.o)
    0x08001f1e   0x08001f1e   0x00000060   Code   RO         5103    CL$$btod_d2e_norm_op1  c_w.l(btod.o)
    0x08001f7e   0x08001f7e   0x00000338   Code   RO         5112    CL$$btod_div_common  c_w.l(btod.o)
    0x080022b6   0x080022b6   0x00000002   PAD
    0x080022b8   0x080022b8   0x00000084   Code   RO         5110    CL$$btod_e2d        c_w.l(btod.o)
    0x0800233c   0x0800233c   0x000000dc   Code   RO         5109    CL$$btod_e2e        c_w.l(btod.o)
    0x08002418   0x08002418   0x0000002a   Code   RO         5106    CL$$btod_ediv       c_w.l(btod.o)
    0x08002442   0x08002442   0x0000002a   Code   RO         5108    CL$$btod_edivd      c_w.l(btod.o)
    0x0800246c   0x0800246c   0x0000002a   Code   RO         5105    CL$$btod_emul       c_w.l(btod.o)
    0x08002496   0x08002496   0x0000002a   Code   RO         5107    CL$$btod_emuld      c_w.l(btod.o)
    0x080024c0   0x080024c0   0x00000244   Code   RO         5111    CL$$btod_mult_common  c_w.l(btod.o)
    0x08002704   0x08002704   0x000000a8   Code   RO         4626    i.Broadcast         voicemiddleware.o
    0x080027ac   0x080027ac   0x00000002   Code   RO          430    i.BusFault_Handler  stm32f4xx_it.o
    0x080027ae   0x080027ae   0x00000002   PAD
    0x080027b0   0x080027b0   0x00000074   Code   RO         4524    i.CardID_Handler    nfc.o
    0x08002824   0x08002824   0x0000000c   Code   RO          431    i.DMA1_Stream0_IRQHandler  stm32f4xx_it.o
    0x08002830   0x08002830   0x0000000c   Code   RO          432    i.DMA1_Stream7_IRQHandler  stm32f4xx_it.o
    0x0800283c   0x0800283c   0x00000028   Code   RO         1044    i.DMA_CalcBaseAndBitshift  stm32f4xx_hal_dma.o
    0x08002864   0x08002864   0x00000054   Code   RO         1045    i.DMA_CheckFifoParam  stm32f4xx_hal_dma.o
    0x080028b8   0x080028b8   0x00000028   Code   RO         1046    i.DMA_SetConfig     stm32f4xx_hal_dma.o
    0x080028e0   0x080028e0   0x00000002   Code   RO          433    i.DebugMon_Handler  stm32f4xx_it.o
    0x080028e2   0x080028e2   0x00000002   PAD
    0x080028e4   0x080028e4   0x00000014   Code   RO         4767    i.DrivingTask_Init  drivingtask.o
    0x080028f8   0x080028f8   0x00000054   Code   RO         4768    i.DrivingType_Handler  drivingtask.o
    0x0800294c   0x0800294c   0x00000004   Code   RO           13    i.Error_Handler     main.o
    0x08002950   0x08002950   0x0000008c   Code   RO         4711    i.GPS_Send          gps_task.o
    0x080029dc   0x080029dc   0x00000034   Code   RO         4712    i.GPS_Task          gps_task.o
    0x08002a10   0x08002a10   0x00000092   Code   RO         1047    i.HAL_DMA_Abort     stm32f4xx_hal_dma.o
    0x08002aa2   0x08002aa2   0x00000024   Code   RO         1048    i.HAL_DMA_Abort_IT  stm32f4xx_hal_dma.o
    0x08002ac6   0x08002ac6   0x00000002   PAD
    0x08002ac8   0x08002ac8   0x000001a0   Code   RO         1052    i.HAL_DMA_IRQHandler  stm32f4xx_hal_dma.o
    0x08002c68   0x08002c68   0x000000d4   Code   RO         1053    i.HAL_DMA_Init      stm32f4xx_hal_dma.o
    0x08002d3c   0x08002d3c   0x0000006e   Code   RO         1057    i.HAL_DMA_Start_IT  stm32f4xx_hal_dma.o
    0x08002daa   0x08002daa   0x00000002   PAD
    0x08002dac   0x08002dac   0x00000024   Code   RO         1472    i.HAL_Delay         stm32f4xx_hal.o
    0x08002dd0   0x08002dd0   0x000001f0   Code   RO          940    i.HAL_GPIO_Init     stm32f4xx_hal_gpio.o
    0x08002fc0   0x08002fc0   0x0000000a   Code   RO          944    i.HAL_GPIO_WritePin  stm32f4xx_hal_gpio.o
    0x08002fca   0x08002fca   0x00000002   PAD
    0x08002fcc   0x08002fcc   0x0000000c   Code   RO         1478    i.HAL_GetTick       stm32f4xx_hal.o
    0x08002fd8   0x08002fd8   0x00000010   Code   RO         1484    i.HAL_IncTick       stm32f4xx_hal.o
    0x08002fe8   0x08002fe8   0x00000034   Code   RO         1485    i.HAL_Init          stm32f4xx_hal.o
    0x0800301c   0x0800301c   0x00000040   Code   RO         1486    i.HAL_InitTick      stm32f4xx_hal.o
    0x0800305c   0x0800305c   0x00000038   Code   RO          561    i.HAL_MspInit       stm32f4xx_hal_msp.o
    0x08003094   0x08003094   0x0000001a   Code   RO         1330    i.HAL_NVIC_EnableIRQ  stm32f4xx_hal_cortex.o
    0x080030ae   0x080030ae   0x00000002   PAD
    0x080030b0   0x080030b0   0x00000040   Code   RO         1336    i.HAL_NVIC_SetPriority  stm32f4xx_hal_cortex.o
    0x080030f0   0x080030f0   0x00000024   Code   RO         1337    i.HAL_NVIC_SetPriorityGrouping  stm32f4xx_hal_cortex.o
    0x08003114   0x08003114   0x00000134   Code   RO          586    i.HAL_RCC_ClockConfig  stm32f4xx_hal_rcc.o
    0x08003248   0x08003248   0x00000020   Code   RO          593    i.HAL_RCC_GetPCLK1Freq  stm32f4xx_hal_rcc.o
    0x08003268   0x08003268   0x00000020   Code   RO          594    i.HAL_RCC_GetPCLK2Freq  stm32f4xx_hal_rcc.o
    0x08003288   0x08003288   0x00000060   Code   RO          595    i.HAL_RCC_GetSysClockFreq  stm32f4xx_hal_rcc.o
    0x080032e8   0x080032e8   0x0000036c   Code   RO          598    i.HAL_RCC_OscConfig  stm32f4xx_hal_rcc.o
    0x08003654   0x08003654   0x00000028   Code   RO         1341    i.HAL_SYSTICK_Config  stm32f4xx_hal_cortex.o
    0x0800367c   0x0800367c   0x00000002   Code   RO         2429    i.HAL_TIMEx_BreakCallback  stm32f4xx_hal_tim_ex.o
    0x0800367e   0x0800367e   0x00000002   Code   RO         2430    i.HAL_TIMEx_CommutCallback  stm32f4xx_hal_tim_ex.o
    0x08003680   0x08003680   0x00000090   Code   RO         2448    i.HAL_TIMEx_MasterConfigSynchronization  stm32f4xx_hal_tim_ex.o
    0x08003710   0x08003710   0x0000005a   Code   RO         1725    i.HAL_TIM_Base_Init  stm32f4xx_hal_tim.o
    0x0800376a   0x0800376a   0x00000002   PAD
    0x0800376c   0x0800376c   0x00000078   Code   RO          323    i.HAL_TIM_Base_MspInit  tim.o
    0x080037e4   0x080037e4   0x000000dc   Code   RO         1734    i.HAL_TIM_ConfigClockSource  stm32f4xx_hal_tim.o
    0x080038c0   0x080038c0   0x00000108   Code   RO         4578    i.HAL_TIM_IC_CaptureCallback  sr04.o
    0x080039c8   0x080039c8   0x00000124   Code   RO         1761    i.HAL_TIM_IC_ConfigChannel  stm32f4xx_hal_tim.o
    0x08003aec   0x08003aec   0x0000005a   Code   RO         1764    i.HAL_TIM_IC_Init   stm32f4xx_hal_tim.o
    0x08003b46   0x08003b46   0x00000002   Code   RO         1766    i.HAL_TIM_IC_MspInit  stm32f4xx_hal_tim.o
    0x08003b48   0x08003b48   0x0000010c   Code   RO         1769    i.HAL_TIM_IC_Start_IT  stm32f4xx_hal_tim.o
    0x08003c54   0x08003c54   0x00000092   Code   RO         1772    i.HAL_TIM_IC_Stop_IT  stm32f4xx_hal_tim.o
    0x08003ce6   0x08003ce6   0x00000130   Code   RO         1773    i.HAL_TIM_IRQHandler  stm32f4xx_hal_tim.o
    0x08003e16   0x08003e16   0x00000002   Code   RO         1776    i.HAL_TIM_OC_DelayElapsedCallback  stm32f4xx_hal_tim.o
    0x08003e18   0x08003e18   0x00000002   Code   RO         1803    i.HAL_TIM_PWM_PulseFinishedCallback  stm32f4xx_hal_tim.o
    0x08003e1a   0x08003e1a   0x00000002   Code   RO         1811    i.HAL_TIM_PeriodElapsedCallback  stm32f4xx_hal_tim.o
    0x08003e1c   0x08003e1c   0x0000002a   Code   RO         1813    i.HAL_TIM_ReadCapturedValue  stm32f4xx_hal_tim.o
    0x08003e46   0x08003e46   0x00000002   Code   RO         1816    i.HAL_TIM_TriggerCallback  stm32f4xx_hal_tim.o
    0x08003e48   0x08003e48   0x0000004e   Code   RO         2706    i.HAL_UARTEx_ReceiveToIdle_DMA  stm32f4xx_hal_uart.o
    0x08003e96   0x08003e96   0x00000002   Code   RO         2708    i.HAL_UARTEx_RxEventCallback  stm32f4xx_hal_uart.o
    0x08003e98   0x08003e98   0x00000002   Code   RO         2722    i.HAL_UART_ErrorCallback  stm32f4xx_hal_uart.o
    0x08003e9a   0x08003e9a   0x00000002   PAD
    0x08003e9c   0x08003e9c   0x00000270   Code   RO         2725    i.HAL_UART_IRQHandler  stm32f4xx_hal_uart.o
    0x0800410c   0x0800410c   0x00000064   Code   RO         2726    i.HAL_UART_Init     stm32f4xx_hal_uart.o
    0x08004170   0x08004170   0x00000258   Code   RO          365    i.HAL_UART_MspInit  usart.o
    0x080043c8   0x080043c8   0x0000001c   Code   RO         2731    i.HAL_UART_Receive_IT  stm32f4xx_hal_uart.o
    0x080043e4   0x080043e4   0x00000104   Code   RO          434    i.HAL_UART_RxCpltCallback  stm32f4xx_it.o
    0x080044e8   0x080044e8   0x00000002   Code   RO         2733    i.HAL_UART_RxHalfCpltCallback  stm32f4xx_hal_uart.o
    0x080044ea   0x080044ea   0x000000a0   Code   RO         2734    i.HAL_UART_Transmit  stm32f4xx_hal_uart.o
    0x0800458a   0x0800458a   0x00000002   PAD
    0x0800458c   0x0800458c   0x00000078   Code   RO         2735    i.HAL_UART_Transmit_DMA  stm32f4xx_hal_uart.o
    0x08004604   0x08004604   0x00000002   Code   RO         4627    i.HAL_UART_TxCpltCallback  voicemiddleware.o
    0x08004606   0x08004606   0x00000002   Code   RO         2738    i.HAL_UART_TxHalfCpltCallback  stm32f4xx_hal_uart.o
    0x08004608   0x08004608   0x00000002   Code   RO          435    i.HardFault_Handler  stm32f4xx_it.o
    0x0800460a   0x0800460a   0x00000002   PAD
    0x0800460c   0x0800460c   0x00000018   Code   RO         4628    i.Init_sentenselib  voicemiddleware.o
    0x08004624   0x08004624   0x00000050   Code   RO         4629    i.Init_voicemodule  voicemiddleware.o
    0x08004674   0x08004674   0x0000003c   Code   RO          298    i.MX_DMA_Init       dma.o
    0x080046b0   0x080046b0   0x00000054   Code   RO          242    i.MX_FREERTOS_Init  freertos.o
    0x08004704   0x08004704   0x000000b4   Code   RO          218    i.MX_GPIO_Init      gpio.o
    0x080047b8   0x080047b8   0x000000a8   Code   RO          324    i.MX_TIM1_Init      tim.o
    0x08004860   0x08004860   0x00000038   Code   RO          366    i.MX_UART4_Init     usart.o
    0x08004898   0x08004898   0x00000038   Code   RO          367    i.MX_UART5_Init     usart.o
    0x080048d0   0x080048d0   0x00000038   Code   RO          368    i.MX_USART1_UART_Init  usart.o
    0x08004908   0x08004908   0x00000038   Code   RO          369    i.MX_USART2_UART_Init  usart.o
    0x08004940   0x08004940   0x00000038   Code   RO          370    i.MX_USART3_UART_Init  usart.o
    0x08004978   0x08004978   0x00000002   Code   RO          436    i.MemManage_Handler  stm32f4xx_it.o
    0x0800497a   0x0800497a   0x00000010   Code   RO         4807    i.NFC_Task          nfc_task.o
    0x0800498a   0x0800498a   0x00000002   Code   RO          437    i.NMI_Handler       stm32f4xx_it.o
    0x0800498c   0x0800498c   0x0000002c   Code   RO         4398    i.Net_send          4g.o
    0x080049b8   0x080049b8   0x0000002c   Code   RO         4399    i.Net_sendChar      4g.o
    0x080049e4   0x080049e4   0x00000014   Code   RO         4630    i.Restart_dmaIDLErecv  voicemiddleware.o
    0x080049f8   0x080049f8   0x000000b0   Code   RO         4579    i.SR04_GetData      sr04.o
    0x08004aa8   0x08004aa8   0x00000020   Code   RO         4580    i.SR04_Init         sr04.o
    0x08004ac8   0x08004ac8   0x00000008   Code   RO          243    i.StartDefaultTask  freertos.o
    0x08004ad0   0x08004ad0   0x00000018   Code   RO          438    i.SysTick_Handler   stm32f4xx_it.o
    0x08004ae8   0x08004ae8   0x00000094   Code   RO           14    i.SystemClock_Config  main.o
    0x08004b7c   0x08004b7c   0x00000010   Code   RO         3060    i.SystemInit        system_stm32f4xx.o
    0x08004b8c   0x08004b8c   0x0000000c   Code   RO          439    i.TIM1_CC_IRQHandler  stm32f4xx_it.o
    0x08004b98   0x08004b98   0x000000d8   Code   RO         1818    i.TIM_Base_SetConfig  stm32f4xx_hal_tim.o
    0x08004c70   0x08004c70   0x0000001a   Code   RO         1819    i.TIM_CCxChannelCmd  stm32f4xx_hal_tim.o
    0x08004c8a   0x08004c8a   0x00000014   Code   RO         1829    i.TIM_ETR_SetConfig  stm32f4xx_hal_tim.o
    0x08004c9e   0x08004c9e   0x00000010   Code   RO         1830    i.TIM_ITRx_SetConfig  stm32f4xx_hal_tim.o
    0x08004cae   0x08004cae   0x00000022   Code   RO         1836    i.TIM_TI1_ConfigInputStage  stm32f4xx_hal_tim.o
    0x08004cd0   0x08004cd0   0x00000080   Code   RO         1837    i.TIM_TI1_SetConfig  stm32f4xx_hal_tim.o
    0x08004d50   0x08004d50   0x00000024   Code   RO         1838    i.TIM_TI2_ConfigInputStage  stm32f4xx_hal_tim.o
    0x08004d74   0x08004d74   0x00000036   Code   RO         1839    i.TIM_TI2_SetConfig  stm32f4xx_hal_tim.o
    0x08004daa   0x08004daa   0x00000002   PAD
    0x08004dac   0x08004dac   0x00000060   Code   RO          440    i.UART4_IRQHandler  stm32f4xx_it.o
    0x08004e0c   0x08004e0c   0x0000000c   Code   RO          441    i.UART5_IRQHandler  stm32f4xx_it.o
    0x08004e18   0x08004e18   0x00000010   Code   RO         2739    i.UART_DMAAbortOnError  stm32f4xx_hal_uart.o
    0x08004e28   0x08004e28   0x0000004a   Code   RO         2740    i.UART_DMAError     stm32f4xx_hal_uart.o
    0x08004e72   0x08004e72   0x00000086   Code   RO         2741    i.UART_DMAReceiveCplt  stm32f4xx_hal_uart.o
    0x08004ef8   0x08004ef8   0x0000001e   Code   RO         2743    i.UART_DMARxHalfCplt  stm32f4xx_hal_uart.o
    0x08004f16   0x08004f16   0x00000042   Code   RO         2745    i.UART_DMATransmitCplt  stm32f4xx_hal_uart.o
    0x08004f58   0x08004f58   0x0000000a   Code   RO         2747    i.UART_DMATxHalfCplt  stm32f4xx_hal_uart.o
    0x08004f62   0x08004f62   0x0000004e   Code   RO         2749    i.UART_EndRxTransfer  stm32f4xx_hal_uart.o
    0x08004fb0   0x08004fb0   0x0000001c   Code   RO         2750    i.UART_EndTxTransfer  stm32f4xx_hal_uart.o
    0x08004fcc   0x08004fcc   0x000000c2   Code   RO         2751    i.UART_Receive_IT   stm32f4xx_hal_uart.o
    0x0800508e   0x0800508e   0x00000002   PAD
    0x08005090   0x08005090   0x0000010c   Code   RO         2752    i.UART_SetConfig    stm32f4xx_hal_uart.o
    0x0800519c   0x0800519c   0x00000090   Code   RO         2753    i.UART_Start_Receive_DMA  stm32f4xx_hal_uart.o
    0x0800522c   0x0800522c   0x00000036   Code   RO         2754    i.UART_Start_Receive_IT  stm32f4xx_hal_uart.o
    0x08005262   0x08005262   0x00000072   Code   RO         2755    i.UART_WaitOnFlagUntilTimeout  stm32f4xx_hal_uart.o
    0x080052d4   0x080052d4   0x00000020   Code   RO          442    i.USART1_IRQHandler  stm32f4xx_it.o
    0x080052f4   0x080052f4   0x00000034   Code   RO          443    i.USART2_IRQHandler  stm32f4xx_it.o
    0x08005328   0x08005328   0x00000048   Code   RO          444    i.USART3_IRQHandler  stm32f4xx_it.o
    0x08005370   0x08005370   0x00000002   Code   RO          445    i.UsageFault_Handler  stm32f4xx_it.o
    0x08005372   0x08005372   0x00000002   PAD
    0x08005374   0x08005374   0x00000034   Code   RO         4631    i.VoiceMsg_clear    voicemiddleware.o
    0x080053a8   0x080053a8   0x00000010   Code   RO         4632    i.VoiceMsg_start    voicemiddleware.o
    0x080053b8   0x080053b8   0x00000040   Code   RO         4633    i.Voice_Sendmsg     voicemiddleware.o
    0x080053f8   0x080053f8   0x00000018   Code   RO         4634    i.Voice_completeflagClear  voicemiddleware.o
    0x08005410   0x08005410   0x00000030   Code   RO         5151    i.__ARM_fpclassify  m_wm.l(fpclassify.o)
    0x08005440   0x08005440   0x00000020   Code   RO         1343    i.__NVIC_SetPriority  stm32f4xx_hal_cortex.o
    0x08005460   0x08005460   0x000000f8   Code   RO         5153    i.__hardfp___mathlib_tofloat  m_wm.l(narrow.o)
    0x08005558   0x08005558   0x000000c8   Code   RO         4957    i.__hardfp_cos      m_wm.l(cos.o)
    0x08005620   0x08005620   0x000000d0   Code   RO         5260    i.__hardfp_ldexp    m_wm.l(ldexp.o)
    0x080056f0   0x080056f0   0x000000c8   Code   RO         4969    i.__hardfp_sin      m_wm.l(sin.o)
    0x080057b8   0x080057b8   0x0000007a   Code   RO         4981    i.__hardfp_sqrt     m_wm.l(sqrt.o)
    0x08005832   0x08005832   0x00000006   PAD
    0x08005838   0x08005838   0x00000438   Code   RO         5051    i.__ieee754_rem_pio2  m_wm.l(rred.o)
    0x08005c70   0x08005c70   0x00000170   Code   RO         5034    i.__kernel_cos      m_wm.l(cos_i.o)
    0x08005de0   0x08005de0   0x000000f8   Code   RO         5161    i.__kernel_poly     m_wm.l(poly.o)
    0x08005ed8   0x08005ed8   0x00000130   Code   RO         5056    i.__kernel_sin      m_wm.l(sin_i.o)
    0x08006008   0x08006008   0x00000014   Code   RO         5038    i.__mathlib_dbl_infnan  m_wm.l(dunder.o)
    0x0800601c   0x0800601c   0x00000004   PAD
    0x08006020   0x08006020   0x00000020   Code   RO         5040    i.__mathlib_dbl_invalid  m_wm.l(dunder.o)
    0x08006040   0x08006040   0x00000020   Code   RO         5041    i.__mathlib_dbl_overflow  m_wm.l(dunder.o)
    0x08006060   0x08006060   0x00000020   Code   RO         5043    i.__mathlib_dbl_underflow  m_wm.l(dunder.o)
    0x08006080   0x08006080   0x00000012   Code   RO         5154    i.__mathlib_narrow  m_wm.l(narrow.o)
    0x08006092   0x08006092   0x00000014   Code   RO         5262    i.__support_ldexp   m_wm.l(ldexp.o)
    0x080060a6   0x080060a6   0x0000000e   Code   RO         4890    i._is_digit         c_w.l(__printf_wp.o)
    0x080060b4   0x080060b4   0x00000018   Code   RO         5147    i.fabs              m_wm.l(fabs.o)
    0x080060cc   0x080060cc   0x00000004   PAD
    0x080060d0   0x080060d0   0x0000008c   Code   RO         5237    i.frexp             m_wm.l(frexp.o)
    0x0800615c   0x0800615c   0x00000058   Code   RO           15    i.main              main.o
    0x080061b4   0x080061b4   0x0000000c   Code   RO         3880    i.makeFreeRtosPriority  cmsis_os.o
    0x080061c0   0x080061c0   0x00000034   Code   RO         4525    i.nfc_WakeUp        nfc.o
    0x080061f4   0x080061f4   0x00000058   Code   RO         4526    i.nfc_findCard      nfc.o
    0x0800624c   0x0800624c   0x0000000e   Code   RO         3882    i.osDelay           cmsis_os.o
    0x0800625a   0x0800625a   0x0000000a   Code   RO         3885    i.osKernelStart     cmsis_os.o
    0x08006264   0x08006264   0x00000054   Code   RO         3919    i.osThreadCreate    cmsis_os.o
    0x080062b8   0x080062b8   0x00000208   Code   RO         4468    i.parseGpsBuffer    gps.o
    0x080064c0   0x080064c0   0x00000070   Code   RO         3562    i.prvAddCurrentTaskToDelayedList  tasks.o
    0x08006530   0x08006530   0x000000d0   Code   RO         3563    i.prvAddNewTaskToReadyList  tasks.o
    0x08006600   0x08006600   0x00000034   Code   RO         3564    i.prvDeleteTCB      tasks.o
    0x08006634   0x08006634   0x0000004c   Code   RO         4247    i.prvHeapInit       heap_4.o
    0x08006680   0x08006680   0x00000060   Code   RO         3565    i.prvIdleTask       tasks.o
    0x080066e0   0x080066e0   0x00000098   Code   RO         3566    i.prvInitialiseNewTask  tasks.o
    0x08006778   0x08006778   0x0000004c   Code   RO         4248    i.prvInsertBlockIntoFreeList  heap_4.o
    0x080067c4   0x080067c4   0x00000020   Code   RO         3567    i.prvResetNextTaskUnblockTime  tasks.o
    0x080067e4   0x080067e4   0x00000028   Code   RO         4315    i.prvTaskExitError  port.o
    0x0800680c   0x0800680c   0x000000dc   Code   RO         4249    i.pvPortMalloc      heap_4.o
    0x080068e8   0x080068e8   0x0000002c   Code   RO         4316    i.pxPortInitialiseStack  port.o
    0x08006914   0x08006914   0x00000264   Code   RO         4469    i.transformlat      gps.o
    0x08006b78   0x08006b78   0x0000025c   Code   RO         4470    i.transformlng      gps.o
    0x08006dd4   0x08006dd4   0x00000026   Code   RO         3198    i.uxListRemove      list.o
    0x08006dfa   0x08006dfa   0x00000002   PAD
    0x08006dfc   0x08006dfc   0x00000014   Code   RO          244    i.vApplicationGetIdleTaskMemory  freertos.o
    0x08006e10   0x08006e10   0x00000016   Code   RO         3199    i.vListInitialise   list.o
    0x08006e26   0x08006e26   0x00000006   Code   RO         3200    i.vListInitialiseItem  list.o
    0x08006e2c   0x08006e2c   0x00000030   Code   RO         3201    i.vListInsert       list.o
    0x08006e5c   0x08006e5c   0x00000018   Code   RO         3202    i.vListInsertEnd    list.o
    0x08006e74   0x08006e74   0x00000040   Code   RO         4318    i.vPortEnterCritical  port.o
    0x08006eb4   0x08006eb4   0x00000028   Code   RO         4319    i.vPortExitCritical  port.o
    0x08006edc   0x08006edc   0x00000064   Code   RO         4250    i.vPortFree         heap_4.o
    0x08006f40   0x08006f40   0x00000024   Code   RO         4320    i.vPortSetupTimerInterrupt  port.o
    0x08006f64   0x08006f64   0x0000004c   Code   RO         3576    i.vTaskDelay        tasks.o
    0x08006fb0   0x08006fb0   0x0000006c   Code   RO         3589    i.vTaskStartScheduler  tasks.o
    0x0800701c   0x0800701c   0x00000010   Code   RO         3591    i.vTaskSuspendAll   tasks.o
    0x0800702c   0x0800702c   0x0000005c   Code   RO         3592    i.vTaskSwitchContext  tasks.o
    0x08007088   0x08007088   0x000000e8   Code   RO         4635    i.voicepacker_send  voicemiddleware.o
    0x08007170   0x08007170   0x00000154   Code   RO         4471    i.wgs84togcj02      gps.o
    0x080072c4   0x080072c4   0x000000f4   Code   RO         4322    i.xPortStartScheduler  port.o
    0x080073b8   0x080073b8   0x0000002c   Code   RO         4323    i.xPortSysTickHandler  port.o
    0x080073e4   0x080073e4   0x0000005a   Code   RO         3595    i.xTaskCreate       tasks.o
    0x0800743e   0x0800743e   0x00000056   Code   RO         3596    i.xTaskCreateStatic  tasks.o
    0x08007494   0x08007494   0x0000001c   Code   RO         3600    i.xTaskGetSchedulerState  tasks.o
    0x080074b0   0x080074b0   0x000000cc   Code   RO         3603    i.xTaskIncrementTick  tasks.o
    0x0800757c   0x0800757c   0x000000c4   Code   RO         3609    i.xTaskResumeAll    tasks.o
    0x08007640   0x08007640   0x0000002c   Code   RO         5125    locale$$code        c_w.l(lc_numeric_c.o)
    0x0800766c   0x0800766c   0x0000002c   Code   RO         5250    locale$$code        c_w.l(lc_ctype_c.o)
    0x08007698   0x08007698   0x00000018   Code   RO         5019    x$fpl$basic         fz_wm.l(basic.o)
    0x080076b0   0x080076b0   0x00000062   Code   RO         4931    x$fpl$d2f           fz_wm.l(d2f.o)
    0x08007712   0x08007712   0x00000002   PAD
    0x08007714   0x08007714   0x00000150   Code   RO         4933    x$fpl$dadd          fz_wm.l(daddsub_clz.o)
    0x08007864   0x08007864   0x00000010   Code   RO         5314    x$fpl$dcheck1       fz_wm.l(dcheck1.o)
    0x08007874   0x08007874   0x00000018   Code   RO         5127    x$fpl$dcmpinf       fz_wm.l(dcmpi.o)
    0x0800788c   0x0800788c   0x000002b0   Code   RO         4940    x$fpl$ddiv          fz_wm.l(ddiv.o)
    0x08007b3c   0x08007b3c   0x00000078   Code   RO         5231    x$fpl$deqf          fz_wm.l(deqf.o)
    0x08007bb4   0x08007bb4   0x0000005e   Code   RO         5129    x$fpl$dfix          fz_wm.l(dfix.o)
    0x08007c12   0x08007c12   0x0000002e   Code   RO         4944    x$fpl$dflt          fz_wm.l(dflt_clz.o)
    0x08007c40   0x08007c40   0x00000026   Code   RO         4943    x$fpl$dfltu         fz_wm.l(dflt_clz.o)
    0x08007c66   0x08007c66   0x00000002   PAD
    0x08007c68   0x08007c68   0x00000078   Code   RO         5021    x$fpl$dleqf         fz_wm.l(dleqf.o)
    0x08007ce0   0x08007ce0   0x00000154   Code   RO         4949    x$fpl$dmul          fz_wm.l(dmul.o)
    0x08007e34   0x08007e34   0x0000009c   Code   RO         5023    x$fpl$dnaninf       fz_wm.l(dnaninf.o)
    0x08007ed0   0x08007ed0   0x0000000c   Code   RO         5025    x$fpl$dretinf       fz_wm.l(dretinf.o)
    0x08007edc   0x08007edc   0x0000006c   Code   RO         5233    x$fpl$drleqf        fz_wm.l(drleqf.o)
    0x08007f48   0x08007f48   0x00000016   Code   RO         4934    x$fpl$drsb          fz_wm.l(daddsub_clz.o)
    0x08007f5e   0x08007f5e   0x00000002   PAD
    0x08007f60   0x08007f60   0x00000198   Code   RO         5027    x$fpl$dsqrt         fz_wm.l(dsqrt_umaal.o)
    0x080080f8   0x080080f8   0x000001d4   Code   RO         4935    x$fpl$dsub          fz_wm.l(daddsub_clz.o)
    0x080082cc   0x080082cc   0x00000056   Code   RO         4951    x$fpl$f2d           fz_wm.l(f2d.o)
    0x08008322   0x08008322   0x0000008c   Code   RO         5029    x$fpl$fnaninf       fz_wm.l(fnaninf.o)
    0x080083ae   0x080083ae   0x0000000a   Code   RO         5258    x$fpl$fpinit        fz_wm.l(fpinit.o)
    0x080083b8   0x080083b8   0x0000000a   Code   RO         5031    x$fpl$fretinf       fz_wm.l(fretinf.o)
    0x080083c2   0x080083c2   0x00000006   Code   RO         5137    x$fpl$ieeestatus    fz_wm.l(istatus.o)
    0x080083c8   0x080083c8   0x00000004   Code   RO         4953    x$fpl$printf1       fz_wm.l(printf1.o)
    0x080083cc   0x080083cc   0x00000064   Code   RO         5350    x$fpl$retnan        fz_wm.l(retnan.o)
    0x08008430   0x08008430   0x0000005c   Code   RO         5293    x$fpl$scalbn        fz_wm.l(scalbn.o)
    0x0800848c   0x0800848c   0x00000004   Code   RO         4955    x$fpl$scanf1        fz_wm.l(scanf1.o)
    0x08008490   0x08008490   0x00000008   Code   RO         5139    x$fpl$scanf2        fz_wm.l(scanf2.o)
    0x08008498   0x08008498   0x00000030   Code   RO         5352    x$fpl$trapveneer    fz_wm.l(trapv.o)
    0x080084c8   0x080084c8   0x00000000   Code   RO         5033    x$fpl$usenofp       fz_wm.l(usenofp.o)
    0x080084c8   0x080084c8   0x00000054   Data   RO          246    .constdata          freertos.o
    0x0800851c   0x0800851c   0x00000008   Data   RO         1059    .constdata          stm32f4xx_hal_dma.o
    0x08008524   0x08008524   0x00000010   Data   RO         3061    .constdata          system_stm32f4xx.o
    0x08008534   0x08008534   0x00000008   Data   RO         3062    .constdata          system_stm32f4xx.o
    0x0800853c   0x0800853c   0x0000002e   Data   RO         4529    .constdata          nfc.o
    0x0800856a   0x0800856a   0x00000006   PAD
    0x08008570   0x08008570   0x00000030   Data   RO         5035    .constdata          m_wm.l(cos_i.o)
    0x080085a0   0x080085a0   0x000000c8   Data   RO         5053    .constdata          m_wm.l(rred.o)
    0x08008668   0x08008668   0x00000028   Data   RO         5057    .constdata          m_wm.l(sin_i.o)
    0x08008690   0x08008690   0x00000094   Data   RO         5100    .constdata          c_w.l(bigflt0.o)
    0x08008724   0x08008724   0x00000024   Data   RO          247    .conststring        freertos.o
    0x08008748   0x08008748   0x00000020   Data   RO         5354    Region$$Table       anon$$obj.o
    0x08008768   0x08008768   0x00000008   Data   RO         5133    c$$dinf             fz_wm.l(fpconst.o)
    0x08008770   0x08008770   0x00000008   Data   RO         5136    c$$dmax             fz_wm.l(fpconst.o)
    0x08008778   0x08008778   0x0000001c   Data   RO         5124    locale$$data        c_w.l(lc_numeric_c.o)
    0x08008794   0x08008794   0x00000110   Data   RO         5249    locale$$data        c_w.l(lc_ctype_c.o)


    Execution Region RW_IRAM1 (Exec base: 0x20000000, Load base: 0x080088a4, Size: 0x00008d28, Max: 0x0001c000, ABSOLUTE)

    Exec Addr    Load Addr    Size         Type   Attr      Idx    E Section Name        Object

    0x20000000   0x080088a4   0x0000000c   Data   RW          248    .data               freertos.o
    0x2000000c   0x080088b0   0x0000000c   Data   RW          446    .data               stm32f4xx_it.o
    0x20000018   0x080088bc   0x0000000c   Data   RW         1492    .data               stm32f4xx_hal.o
    0x20000024   0x080088c8   0x00000004   Data   RW         3063    .data               system_stm32f4xx.o
    0x20000028   0x080088cc   0x0000003c   Data   RW         3612    .data               tasks.o
    0x20000064   0x08008908   0x00000020   Data   RW         4256    .data               heap_4.o
    0x20000084   0x08008928   0x0000000c   Data   RW         4324    .data               port.o
    0x20000090   0x08008934   0x00000008   Data   RW         4404    .data               4g.o
    0x20000098   0x0800893c   0x00000001   Data   RW         4474    .data               gps.o
    0x20000099   0x0800893d   0x00000003   PAD
    0x2000009c   0x08008940   0x00000008   Data   RW         4475    .data               gps.o
    0x200000a4   0x08008948   0x00000010   Data   RW         4530    .data               nfc.o
    0x200000b4   0x08008958   0x00000033   Data   RW         4637    .data               voicemiddleware.o
    0x200000e7   0x0800898b   0x00000001   PAD
    0x200000e8   0x0800898c   0x0000001c   Data   RW         4713    .data               gps_task.o
    0x20000104   0x080089a8   0x0000000c   Data   RW         4769    .data               drivingtask.o
    0x20000110        -       0x00000254   Zero   RW          245    .bss                freertos.o
    0x20000364        -       0x00000048   Zero   RW          325    .bss                tim.o
    0x200003ac        -       0x00000228   Zero   RW          371    .bss                usart.o
    0x200005d4        -       0x000000f0   Zero   RW         3611    .bss                tasks.o
    0x200006c4        -       0x00003c00   Zero   RW         4255    .bss                heap_4.o
    0x200042c4        -       0x00000100   Zero   RW         4400    .bss                4g.o
    0x200043c4        -       0x00000080   Zero   RW         4401    .bss                4g.o
    0x20004444        -       0x000000c8   Zero   RW         4472    .bss                gps.o
    0x2000450c        -       0x0000008c   Zero   RW         4473    .bss                gps.o
    0x20004598        -       0x000000c8   Zero   RW         4528    .bss                nfc.o
    0x20004660        -       0x00000014   Zero   RW         4581    .bss                sr04.o
    0x20004674        -       0x00004050   Zero   RW         4636    .bss                voicemiddleware.o
    0x200086c4        -       0x00000060   Zero   RW         5164    .bss                c_w.l(libspace.o)
    0x20008724   0x080089b4   0x00000004   PAD
    0x20008728        -       0x00000200   Zero   RW            2    HEAP                startup_stm32f407xx.o
    0x20008928        -       0x00000400   Zero   RW            1    STACK               startup_stm32f407xx.o


    Execution Region RW_IRAM2 (Exec base: 0x2001c000, Load base: 0x080089b4, Size: 0x00000000, Max: 0x00004000, ABSOLUTE)

    **** No section assigned to this execution region ****


==============================================================================

Image component sizes


      Code (inc. data)   RO Data    RW Data    ZI Data      Debug   Object Name

        88         16          0          8        384       2454   4g.o
       120          0          0          0          0      23413   cmsis_os.o
        60          4          0          0          0        810   dma.o
       104         18          0         12          0       1518   drivingtask.o
         0          0          0          0          0      16936   event_groups.o
       112         14        120         12        596       2780   freertos.o
       180         10          0          0          0       1071   gpio.o
      2076        216          0          9        340       5179   gps.o
       192         34          0         28          0       2103   gps_task.o
       472         24          0         32      15360       7507   heap_4.o
       138          0          0          0          0       3626   list.o
       240         20          0          0          0     725324   main.o
       256         46         46         16        200       3337   nfc.o
        16          0          0          0          0        495   nfc_task.o
       702         72          0         12          0      11152   port.o
       472         42          0          0         20       4270   sr04.o
        64         26        392          0       1536        856   startup_stm32f407xx.o
       180         28          0         12          0       9517   stm32f4xx_hal.o
       198         14          0          0          0      33903   stm32f4xx_hal_cortex.o
      1084         16          8          0          0       7474   stm32f4xx_hal_dma.o
       506         46          0          0          0       2236   stm32f4xx_hal_gpio.o
        56          4          0          0          0        894   stm32f4xx_hal_msp.o
      1344         72          0          0          0       5324   stm32f4xx_hal_rcc.o
      1992        102          0          0          0      17253   stm32f4xx_hal_tim.o
       148         28          0          0          0       2545   stm32f4xx_hal_tim_ex.o
      2328         44          0          0          0      18806   stm32f4xx_hal_uart.o
       596        144          0         12          0       9581   stm32f4xx_it.o
         0          0          0          0          0        384   stream_buffer.o
        16          4         24          4          0       1171   system_stm32f4xx.o
      1548        118          0         60        240      20379   tasks.o
       288         20          0          0         72       1926   tim.o
       880         90          0          0        552       4810   usart.o
       682        138          0         51      16464       8256   voicemiddleware.o

    ----------------------------------------------------------------------
     17168       1410        628        272      35764     957290   Object Totals
         0          0         32          0          0          0   (incl. Generated)
        30          0          6          4          0          0   (incl. Padding)

    ----------------------------------------------------------------------

      Code (inc. data)   RO Data    RW Data    ZI Data      Debug   Library Member Name

        60          8          0          0          0         84   __0sscanf.o
        56          6          0          0          0         88   __2snprintf.o
        44          6          0          0          0         84   __2sprintf.o
         8          0          0          0          0         68   __main.o
       104          0          0          0          0         84   __printf.o
        14          0          0          0          0         68   __printf_wp.o
         0          0          0          0          0          0   __rtentry.o
        12          0          0          0          0          0   __rtentry2.o
         6          0          0          0          0          0   __rtentry4.o
        52          8          0          0          0          0   __scatter.o
        26          0          0          0          0          0   __scatter_copy.o
        28          0          0          0          0          0   __scatter_zi.o
        28          0          0          0          0         68   _chval.o
        44          0          0          0          0        108   _printf_char.o
        48          6          0          0          0         96   _printf_char_common.o
         6          0          0          0          0          0   _printf_d.o
       120         16          0          0          0         92   _printf_dec.o
         6          0          0          0          0          0   _printf_f.o
      1054          0          0          0          0        216   _printf_fp_dec.o
       128         16          0          0          0         84   _printf_fp_infnan.o
       178          0          0          0          0         88   _printf_intcommon.o
         0          0          0          0          0          0   _printf_percent.o
         4          0          0          0          0          0   _printf_percent_end.o
         6          0          0          0          0          0   _printf_s.o
        82          0          0          0          0         80   _printf_str.o
         6          0          0          0          0          0   _printf_u.o
        22          0          0          0          0        100   _rserrno.o
       884          4          0          0          0        100   _scanf.o
        64          0          0          0          0         84   _sgetc.o
        16          0          0          0          0         68   _snputc.o
        10          0          0          0          0         68   _sputc.o
       228          4        148          0          0         96   bigflt0.o
      2152        136          0          0          0        960   btod.o
        18          0          0          0          0         80   exit.o
         6          0          0          0          0        152   heapauxi.o
         0          0          0          0          0          0   indicate_semi.o
        18          0          0          0          0         76   isspace.o
        44         10        272          0          0         76   lc_ctype_c.o
        44         10         28          0          0         76   lc_numeric_c.o
         2          0          0          0          0          0   libinit.o
        34          0          0          0          0          0   libinit2.o
         2          0          0          0          0          0   libshutdown.o
         2          0          0          0          0          0   libshutdown2.o
         8          4          0          0         96         68   libspace.o
        38          0          0          0          0         68   llshl.o
       138          0          0          0          0         80   lludiv10.o
       238          0          0          0          0        100   lludivv7m.o
        88          0          0          0          0         76   memcmp.o
        16          4          0          0          0         76   rt_ctype_table.o
         8          4          0          0          0         68   rt_errno_addr_intlibspace.o
         8          4          0          0          0         68   rt_locale_intlibspace.o
        68          0          0          0          0         68   rt_memclr.o
        78          0          0          0          0         80   rt_memclr_w.o
       138          0          0          0          0         68   rt_memcpy_v6.o
       100          0          0          0          0         80   rt_memcpy_w.o
         2          0          0          0          0          0   rtexit.o
        10          0          0          0          0          0   rtexit2.o
        44          8          0          0          0         84   scanf_char.o
      1272         16          0          0          0        168   scanf_fp.o
       800         14          0          0          0        100   scanf_hexfp.o
       308         16          0          0          0        100   scanf_infnan.o
       128          0          0          0          0         68   strcmpv7m.o
        62          0          0          0          0         76   strlen.o
        86          0          0          0          0         76   strncpy.o
        36          0          0          0          0         80   strstr.o
        12          4          0          0          0         68   sys_exit.o
        74          0          0          0          0         80   sys_stackheap_outer.o
         2          0          0          0          0         68   use_no_semi.o
        24          0          0          0          0        164   basic.o
        98          4          0          0          0        140   d2f.o
       826         16          0          0          0        492   daddsub_clz.o
        16          4          0          0          0        116   dcheck1.o
        24          0          0          0          0        116   dcmpi.o
       688        140          0          0          0        256   ddiv.o
       120          4          0          0          0        140   deqf.o
        94          4          0          0          0        140   dfix.o
        84          0          0          0          0        232   dflt_clz.o
       120          4          0          0          0        140   dleqf.o
       340         12          0          0          0        152   dmul.o
       156          4          0          0          0        140   dnaninf.o
        12          0          0          0          0        116   dretinf.o
       108          0          0          0          0        128   drleqf.o
       408         56          0          0          0        168   dsqrt_umaal.o
        86          4          0          0          0        132   f2d.o
       140          4          0          0          0        132   fnaninf.o
         0          0         16          0          0          0   fpconst.o
        10          0          0          0          0        116   fpinit.o
        10          0          0          0          0        116   fretinf.o
         6          0          0          0          0        116   istatus.o
         4          0          0          0          0        116   printf1.o
       100          0          0          0          0        116   retnan.o
        92          0          0          0          0        116   scalbn.o
         4          0          0          0          0        116   scanf1.o
         8          0          0          0          0        132   scanf2.o
        48          0          0          0          0        116   trapv.o
         0          0          0          0          0          0   usenofp.o
       200         20          0          0          0        164   cos.o
       368         46         48          0          0        200   cos_i.o
       116         24          0          0          0        496   dunder.o
        24          0          0          0          0        124   fabs.o
        48          0          0          0          0        124   fpclassify.o
       140         22          0          0          0        132   frexp.o
       228          8          0          0          0        308   ldexp.o
       266         16          0          0          0        308   narrow.o
       248          0          0          0          0        152   poly.o
      1080        142        200          0          0        188   rred.o
       200         20          0          0          0        164   sin.o
       304         24         40          0          0        208   sin_i.o
       122          0          0          0          0        148   sqrt.o

    ----------------------------------------------------------------------
     16432        884        752          0        100      11792   Library Totals
        34          2          0          0          4          0   (incl. Padding)

    ----------------------------------------------------------------------

      Code (inc. data)   RO Data    RW Data    ZI Data      Debug   Library Name

      9428        304        448          0         96       5112   c_w.l
      3626        256         16          0          0       3964   fz_wm.l
      3344        322        288          0          0       2716   m_wm.l

    ----------------------------------------------------------------------
     16432        884        752          0        100      11792   Library Totals

    ----------------------------------------------------------------------

==============================================================================


      Code (inc. data)   RO Data    RW Data    ZI Data      Debug   

     33600       2294       1380        272      35864     945470   Grand Totals
     33600       2294       1380        272      35864     945470   ELF Image Totals
     33600       2294       1380        272          0          0   ROM Totals

==============================================================================

    Total RO  Size (Code + RO Data)                34980 (  34.16kB)
    Total RW  Size (RW Data + ZI Data)             36136 (  35.29kB)
    Total ROM Size (Code + RO Data + RW Data)      35252 (  34.43kB)

==============================================================================

