Component: ARM Compiler 5.06 update 7 (build 960) Tool: armlink [4d3601]

==============================================================================

Section Cross References

    startup_stm32f407xx.o(RESET) refers to startup_stm32f407xx.o(STACK) for __initial_sp
    startup_stm32f407xx.o(RESET) refers to startup_stm32f407xx.o(.text) for Reset_Handler
    startup_stm32f407xx.o(RESET) refers to stm32f4xx_it.o(i.NMI_Handler) for NMI_Handler
    startup_stm32f407xx.o(RESET) refers to stm32f4xx_it.o(i.HardFault_Handler) for HardFault_Handler
    startup_stm32f407xx.o(RESET) refers to stm32f4xx_it.o(i.MemManage_Handler) for MemManage_Handler
    startup_stm32f407xx.o(RESET) refers to stm32f4xx_it.o(i.BusFault_Handler) for BusFault_Handler
    startup_stm32f407xx.o(RESET) refers to stm32f4xx_it.o(i.UsageFault_Handler) for UsageFault_Handler
    startup_stm32f407xx.o(RESET) refers to stm32f4xx_it.o(i.SVC_Handler) for SVC_Handler
    startup_stm32f407xx.o(RESET) refers to stm32f4xx_it.o(i.DebugMon_Handler) for DebugMon_Handler
    startup_stm32f407xx.o(RESET) refers to stm32f4xx_it.o(i.PendSV_Handler) for PendSV_Handler
    startup_stm32f407xx.o(RESET) refers to stm32f4xx_it.o(i.SysTick_Handler) for SysTick_Handler
    startup_stm32f407xx.o(RESET) refers to stm32f4xx_it.o(i.TIM1_CC_IRQHandler) for TIM1_CC_IRQHandler
    startup_stm32f407xx.o(RESET) refers to stm32f4xx_it.o(i.USART1_IRQHandler) for USART1_IRQHandler
    startup_stm32f407xx.o(RESET) refers to stm32f4xx_it.o(i.USART2_IRQHandler) for USART2_IRQHandler
    startup_stm32f407xx.o(.text) refers to system_stm32f4xx.o(i.SystemInit) for SystemInit
    startup_stm32f407xx.o(.text) refers to entry.o(.ARM.Collect$$$$00000000) for __main
    main.o(i.SystemClock_Config) refers to memseta.o(.text) for __aeabi_memclr4
    main.o(i.SystemClock_Config) refers to stm32f4xx_hal_rcc.o(i.HAL_RCC_OscConfig) for HAL_RCC_OscConfig
    main.o(i.SystemClock_Config) refers to stm32f4xx_hal_rcc.o(i.HAL_RCC_ClockConfig) for HAL_RCC_ClockConfig
    main.o(i.main) refers to stm32f4xx_hal.o(i.HAL_Init) for HAL_Init
    main.o(i.main) refers to main.o(i.SystemClock_Config) for SystemClock_Config
    main.o(i.main) refers to gpio.o(i.MX_GPIO_Init) for MX_GPIO_Init
    main.o(i.main) refers to usart.o(i.MX_USART1_UART_Init) for MX_USART1_UART_Init
    main.o(i.main) refers to usart.o(i.MX_USART2_UART_Init) for MX_USART2_UART_Init
    main.o(i.main) refers to tim.o(i.MX_TIM1_Init) for MX_TIM1_Init
    main.o(i.main) refers to stm32f4xx_hal.o(i.HAL_Delay) for HAL_Delay
    main.o(i.main) refers to stm32f4xx_hal_uart.o(i.HAL_UARTEx_ReceiveToIdle_IT) for HAL_UARTEx_ReceiveToIdle_IT
    main.o(i.main) refers to nfc.o(i.nfc_WakeUp) for nfc_WakeUp
    main.o(i.main) refers to nfc.o(i.nfc_findCard) for nfc_findCard
    main.o(i.main) refers to sr04.o(i.SR04_Init) for SR04_Init
    main.o(i.main) refers to gps.o(i.parseGpsBuffer) for parseGpsBuffer
    main.o(i.main) refers to nfc.o(.bss) for nfc_frame
    main.o(i.main) refers to usart.o(.bss) for huart2
    gpio.o(i.MX_GPIO_Init) refers to memseta.o(.text) for __aeabi_memclr4
    gpio.o(i.MX_GPIO_Init) refers to stm32f4xx_hal_gpio.o(i.HAL_GPIO_WritePin) for HAL_GPIO_WritePin
    gpio.o(i.MX_GPIO_Init) refers to stm32f4xx_hal_gpio.o(i.HAL_GPIO_Init) for HAL_GPIO_Init
    tim.o(i.HAL_TIM_Base_MspDeInit) refers to stm32f4xx_hal_gpio.o(i.HAL_GPIO_DeInit) for HAL_GPIO_DeInit
    tim.o(i.HAL_TIM_Base_MspDeInit) refers to stm32f4xx_hal_cortex.o(i.HAL_NVIC_DisableIRQ) for HAL_NVIC_DisableIRQ
    tim.o(i.HAL_TIM_Base_MspInit) refers to memseta.o(.text) for __aeabi_memclr4
    tim.o(i.HAL_TIM_Base_MspInit) refers to stm32f4xx_hal_gpio.o(i.HAL_GPIO_Init) for HAL_GPIO_Init
    tim.o(i.HAL_TIM_Base_MspInit) refers to stm32f4xx_hal_cortex.o(i.HAL_NVIC_SetPriority) for HAL_NVIC_SetPriority
    tim.o(i.HAL_TIM_Base_MspInit) refers to stm32f4xx_hal_cortex.o(i.HAL_NVIC_EnableIRQ) for HAL_NVIC_EnableIRQ
    tim.o(i.MX_TIM1_Init) refers to stm32f4xx_hal_tim.o(i.HAL_TIM_Base_Init) for HAL_TIM_Base_Init
    tim.o(i.MX_TIM1_Init) refers to main.o(i.Error_Handler) for Error_Handler
    tim.o(i.MX_TIM1_Init) refers to stm32f4xx_hal_tim.o(i.HAL_TIM_ConfigClockSource) for HAL_TIM_ConfigClockSource
    tim.o(i.MX_TIM1_Init) refers to stm32f4xx_hal_tim.o(i.HAL_TIM_IC_Init) for HAL_TIM_IC_Init
    tim.o(i.MX_TIM1_Init) refers to stm32f4xx_hal_tim_ex.o(i.HAL_TIMEx_MasterConfigSynchronization) for HAL_TIMEx_MasterConfigSynchronization
    tim.o(i.MX_TIM1_Init) refers to stm32f4xx_hal_tim.o(i.HAL_TIM_IC_ConfigChannel) for HAL_TIM_IC_ConfigChannel
    tim.o(i.MX_TIM1_Init) refers to tim.o(.bss) for .bss
    usart.o(i.HAL_UART_MspDeInit) refers to stm32f4xx_hal_gpio.o(i.HAL_GPIO_DeInit) for HAL_GPIO_DeInit
    usart.o(i.HAL_UART_MspDeInit) refers to stm32f4xx_hal_cortex.o(i.HAL_NVIC_DisableIRQ) for HAL_NVIC_DisableIRQ
    usart.o(i.HAL_UART_MspInit) refers to memseta.o(.text) for __aeabi_memclr4
[...]
    Removing stm32f4xx_hal_exti.o(i.HAL_EXTI_ClearPending), (20 bytes).
    Removing stm32f4xx_hal_exti.o(i.HAL_EXTI_GenerateSWI), (20 bytes).
    Removing stm32f4xx_hal_exti.o(i.HAL_EXTI_GetConfigLine), (144 bytes).
    Removing stm32f4xx_hal_exti.o(i.HAL_EXTI_GetHandle), (12 bytes).
    Removing stm32f4xx_hal_exti.o(i.HAL_EXTI_GetPending), (24 bytes).
    Removing stm32f4xx_hal_exti.o(i.HAL_EXTI_IRQHandler), (36 bytes).
    Removing stm32f4xx_hal_exti.o(i.HAL_EXTI_RegisterCallback), (14 bytes).
    Removing stm32f4xx_hal_exti.o(i.HAL_EXTI_SetConfigLine), (168 bytes).
    Removing stm32f4xx_hal_uart.o(.rev16_text), (4 bytes).
    Removing stm32f4xx_hal_uart.o(.revsh_text), (4 bytes).
    Removing stm32f4xx_hal_uart.o(.rrx_text), (6 bytes).
    Removing stm32f4xx_hal_uart.o(i.HAL_HalfDuplex_EnableReceiver), (50 bytes).
    Removing stm32f4xx_hal_uart.o(i.HAL_HalfDuplex_EnableTransmitter), (50 bytes).
    Removing stm32f4xx_hal_uart.o(i.HAL_HalfDuplex_Init), (110 bytes).
    Removing stm32f4xx_hal_uart.o(i.HAL_LIN_Init), (130 bytes).
    Removing stm32f4xx_hal_uart.o(i.HAL_LIN_SendBreak), (60 bytes).
    Removing stm32f4xx_hal_uart.o(i.HAL_MultiProcessor_EnterMuteMode), (62 bytes).
    Removing stm32f4xx_hal_uart.o(i.HAL_MultiProcessor_ExitMuteMode), (62 bytes).
    Removing stm32f4xx_hal_uart.o(i.HAL_MultiProcessor_Init), (144 bytes).
    Removing stm32f4xx_hal_uart.o(i.HAL_UARTEx_GetRxEventType), (4 bytes).
    Removing stm32f4xx_hal_uart.o(i.HAL_UARTEx_ReceiveToIdle), (240 bytes).
    Removing stm32f4xx_hal_uart.o(i.HAL_UARTEx_ReceiveToIdle_DMA), (78 bytes).
    Removing stm32f4xx_hal_uart.o(i.HAL_UARTEx_RxEventCallback), (2 bytes).
    Removing stm32f4xx_hal_uart.o(i.HAL_UART_Abort), (210 bytes).
    Removing stm32f4xx_hal_uart.o(i.HAL_UART_AbortCpltCallback), (2 bytes).
    Removing stm32f4xx_hal_uart.o(i.HAL_UART_AbortReceive), (148 bytes).
    Removing stm32f4xx_hal_uart.o(i.HAL_UART_AbortReceiveCpltCallback), (2 bytes).
    Removing stm32f4xx_hal_uart.o(i.HAL_UART_AbortReceive_IT), (152 bytes).
    Removing stm32f4xx_hal_uart.o(i.HAL_UART_AbortTransmit), (98 bytes).
    Removing stm32f4xx_hal_uart.o(i.HAL_UART_AbortTransmitCpltCallback), (2 bytes).
    Removing stm32f4xx_hal_uart.o(i.HAL_UART_AbortTransmit_IT), (104 bytes).
    Removing stm32f4xx_hal_uart.o(i.HAL_UART_Abort_IT), (244 bytes).
    Removing stm32f4xx_hal_uart.o(i.HAL_UART_DMAPause), (120 bytes).
    Removing stm32f4xx_hal_uart.o(i.HAL_UART_DMAResume), (114 bytes).
    Removing stm32f4xx_hal_uart.o(i.HAL_UART_DMAStop), (112 bytes).
    Removing stm32f4xx_hal_uart.o(i.HAL_UART_DeInit), (54 bytes).
    Removing stm32f4xx_hal_uart.o(i.HAL_UART_GetError), (4 bytes).
    Removing stm32f4xx_hal_uart.o(i.HAL_UART_GetState), (10 bytes).
    Removing stm32f4xx_hal_uart.o(i.HAL_UART_MspDeInit), (2 bytes).
    Removing stm32f4xx_hal_uart.o(i.HAL_UART_MspInit), (2 bytes).
    Removing stm32f4xx_hal_uart.o(i.HAL_UART_Receive), (176 bytes).
    Removing stm32f4xx_hal_uart.o(i.HAL_UART_Receive_DMA), (28 bytes).
    Removing stm32f4xx_hal_uart.o(i.HAL_UART_RxCpltCallback), (2 bytes).
    Removing stm32f4xx_hal_uart.o(i.HAL_UART_RxHalfCpltCallback), (2 bytes).
    Removing stm32f4xx_hal_uart.o(i.HAL_UART_Transmit_DMA), (120 bytes).
    Removing stm32f4xx_hal_uart.o(i.HAL_UART_Transmit_IT), (50 bytes).
    Removing stm32f4xx_hal_uart.o(i.HAL_UART_TxHalfCpltCallback), (2 bytes).
    Removing stm32f4xx_hal_uart.o(i.UART_DMAError), (74 bytes).
    Removing stm32f4xx_hal_uart.o(i.UART_DMAReceiveCplt), (134 bytes).
    Removing stm32f4xx_hal_uart.o(i.UART_DMARxAbortCallback), (44 bytes).
    Removing stm32f4xx_hal_uart.o(i.UART_DMARxHalfCplt), (30 bytes).
    Removing stm32f4xx_hal_uart.o(i.UART_DMARxOnlyAbortCallback), (22 bytes).
    Removing stm32f4xx_hal_uart.o(i.UART_DMATransmitCplt), (66 bytes).
    Removing stm32f4xx_hal_uart.o(i.UART_DMATxAbortCallback), (44 bytes).
    Removing stm32f4xx_hal_uart.o(i.UART_DMATxHalfCplt), (10 bytes).
    Removing stm32f4xx_hal_uart.o(i.UART_DMATxOnlyAbortCallback), (20 bytes).
    Removing stm32f4xx_hal_uart.o(i.UART_EndTxTransfer), (28 bytes).
    Removing stm32f4xx_hal_uart.o(i.UART_Start_Receive_DMA), (144 bytes).
    Removing system_stm32f4xx.o(.rev16_text), (4 bytes).
    Removing system_stm32f4xx.o(.revsh_text), (4 bytes).
    Removing system_stm32f4xx.o(.rrx_text), (6 bytes).
    Removing system_stm32f4xx.o(i.SystemCoreClockUpdate), (120 bytes).
    Removing gps.o(.rev16_text), (4 bytes).
    Removing gps.o(.revsh_text), (4 bytes).
    Removing gps.o(.rrx_text), (6 bytes).
    Removing nfc.o(.rev16_text), (4 bytes).
    Removing nfc.o(.revsh_text), (4 bytes).
    Removing nfc.o(.rrx_text), (6 bytes).
    Removing nfc.o(i.swap_endian_32), (4 bytes).
    Removing nfc.o(.data), (1 bytes).
    Removing sr04.o(.rev16_text), (4 bytes).
    Removing sr04.o(.revsh_text), (4 bytes).
    Removing sr04.o(.rrx_text), (6 bytes).
    Removing sr04.o(i.SR04_GetData), (176 bytes).
    Removing dneg.o(.text), (6 bytes).
    Removing cdcmple.o(.text), (48 bytes).

405 unused section(s) (total 29140 bytes) removed from the image.

==============================================================================

Image Symbol Table

    Local Symbols

    Symbol Name                              Value     Ov Type        Size  Object(Section)

    ../Core/Src/gpio.c                       0x00000000   Number         0  gpio.o ABSOLUTE
    ../Core/Src/main.c                       0x00000000   Number         0  main.o ABSOLUTE
    ../Core/Src/stm32f4xx_hal_msp.c          0x00000000   Number         0  stm32f4xx_hal_msp.o ABSOLUTE
    ../Core/Src/stm32f4xx_it.c               0x00000000   Number         0  stm32f4xx_it.o ABSOLUTE
    ../Core/Src/system_stm32f4xx.c           0x00000000   Number         0  system_stm32f4xx.o ABSOLUTE
    ../Core/Src/tim.c                        0x00000000   Number         0  tim.o ABSOLUTE
    ../Core/Src/usart.c                      0x00000000   Number         0  usart.o ABSOLUTE
    ../Drivers/STM32F4xx_HAL_Driver/Src/stm32f4xx_hal.c 0x00000000   Number         0  stm32f4xx_hal.o ABSOLUTE
    ../Drivers/STM32F4xx_HAL_Driver/Src/stm32f4xx_hal_cortex.c 0x00000000   Number         0  stm32f4xx_hal_cortex.o ABSOLUTE
    ../Drivers/STM32F4xx_HAL_Driver/Src/stm32f4xx_hal_dma.c 0x00000000   Number         0  stm32f4xx_hal_dma.o ABSOLUTE
    ../Drivers/STM32F4xx_HAL_Driver/Src/stm32f4xx_hal_dma_ex.c 0x00000000   Number         0  stm32f4xx_hal_dma_ex.o ABSOLUTE
    ../Drivers/STM32F4xx_HAL_Driver/Src/stm32f4xx_hal_exti.c 0x00000000   Number         0  stm32f4xx_hal_exti.o ABSOLUTE
    ../Drivers/STM32F4xx_HAL_Driver/Src/stm32f4xx_hal_flash.c 0x00000000   Number         0  stm32f4xx_hal_flash.o ABSOLUTE
    ../Drivers/STM32F4xx_HAL_Driver/Src/stm32f4xx_hal_flash_ex.c 0x00000000   Number         0  stm32f4xx_hal_flash_ex.o ABSOLUTE
    ../Drivers/STM32F4xx_HAL_Driver/Src/stm32f4xx_hal_flash_ramfunc.c 0x00000000   Number         0  stm32f4xx_hal_flash_ramfunc.o ABSOLUTE
    ../Drivers/STM32F4xx_HAL_Driver/Src/stm32f4xx_hal_gpio.c 0x00000000   Number         0  stm32f4xx_hal_gpio.o ABSOLUTE
    ../Drivers/STM32F4xx_HAL_Driver/Src/stm32f4xx_hal_pwr.c 0x00000000   Number         0  stm32f4xx_hal_pwr.o ABSOLUTE
    ../Drivers/STM32F4xx_HAL_Driver/Src/stm32f4xx_hal_pwr_ex.c 0x00000000   Number         0  stm32f4xx_hal_pwr_ex.o ABSOLUTE
    ../Drivers/STM32F4xx_HAL_Driver/Src/stm32f4xx_hal_rcc.c 0x00000000   Number         0  stm32f4xx_hal_rcc.o ABSOLUTE
    ../Drivers/STM32F4xx_HAL_Driver/Src/stm32f4xx_hal_rcc_ex.c 0x00000000   Number         0  stm32f4xx_hal_rcc_ex.o ABSOLUTE
    ../Drivers/STM32F4xx_HAL_Driver/Src/stm32f4xx_hal_tim.c 0x00000000   Number         0  stm32f4xx_hal_tim.o ABSOLUTE
    ../Drivers/STM32F4xx_HAL_Driver/Src/stm32f4xx_hal_tim_ex.c 0x00000000   Number         0  stm32f4xx_hal_tim_ex.o ABSOLUTE
    ../Drivers/STM32F4xx_HAL_Driver/Src/stm32f4xx_hal_uart.c 0x00000000   Number         0  stm32f4xx_hal_uart.o ABSOLUTE
    ../clib/microlib/ctype/ctype.c           0x00000000   Number         0  isspace_c.o ABSOLUTE
    ../clib/microlib/ctype/ctype.c           0x00000000   Number         0  ctype_c.o ABSOLUTE
    ../clib/microlib/division.c              0x00000000   Number         0  uldiv.o ABSOLUTE
    ../clib/microlib/errno.c                 0x00000000   Number         0  errno.o ABSOLUTE
    ../clib/microlib/init/entry.s            0x00000000   Number         0  entry10b.o ABSOLUTE
    ../clib/microlib/init/entry.s            0x00000000   Number         0  entry10a.o ABSOLUTE
    ../clib/microlib/init/entry.s            0x00000000   Number         0  entry9b.o ABSOLUTE
    ../clib/microlib/init/entry.s            0x00000000   Number         0  entry5.o ABSOLUTE
    ../clib/microlib/init/entry.s            0x00000000   Number         0  entry12a.o ABSOLUTE
    ../clib/microlib/init/entry.s            0x00000000   Number         0  entry12b.o ABSOLUTE
    ../clib/microlib/init/entry.s            0x00000000   Number         0  entry9a.o ABSOLUTE
    ../clib/microlib/init/entry.s            0x00000000   Number         0  entry7a.o ABSOLUTE
    ../clib/microlib/init/entry.s            0x00000000   Number         0  entry7b.o ABSOLUTE
    ../clib/microlib/init/entry.s            0x00000000   Number         0  entry8a.o ABSOLUTE
    ../clib/microlib/init/entry.s            0x00000000   Number         0  entry2.o ABSOLUTE
    ../clib/microlib/init/entry.s            0x00000000   Number         0  entry11b.o ABSOLUTE
    ../clib/microlib/init/entry.s            0x00000000   Number         0  entry8b.o ABSOLUTE
    ../clib/microlib/init/entry.s            0x00000000   Number         0  entry.o ABSOLUTE
    ../clib/microlib/init/entry.s            0x00000000   Number         0  entry11a.o ABSOLUTE
    ../clib/microlib/longlong.c              0x00000000   Number         0  llushr.o ABSOLUTE
    ../clib/microlib/longlong.c              0x00000000   Number         0  llsshr.o ABSOLUTE
    ../clib/microlib/longlong.c              0x00000000   Number         0  llshl.o ABSOLUTE
    ../clib/microlib/stdlib/abs.c            0x00000000   Number         0  ilabs.o ABSOLUTE
    ../clib/microlib/stdlib/abs.c            0x00000000   Number         0  siabs.o ABSOLUTE
    ../clib/microlib/string/memcmp.c         0x00000000   Number         0  memcmp.o ABSOLUTE
    ../clib/microlib/string/memcpy.c         0x00000000   Number         0  memcpya.o ABSOLUTE
    ../clib/microlib/string/memcpy.c         0x00000000   Number         0  memcpyb.o ABSOLUTE
    ../clib/microlib/string/memset.c         0x00000000   Number         0  memseta.o ABSOLUTE
    ../clib/microlib/string/strstr.c         0x00000000   Number         0  strstr.o ABSOLUTE
    ../clib/microlib/stubs.s                 0x00000000   Number         0  iusefp.o ABSOLUTE
    ../clib/scanf.c                          0x00000000   Number         0  __0sscanf.o ABSOLUTE
    ../clib/scanf.c                          0x00000000   Number         0  _sgetc.o ABSOLUTE
    ../clib/scanf.c                          0x00000000   Number         0  scanf_fp.o ABSOLUTE
    ../clib/scanf.c                          0x00000000   Number         0  scanf_char.o ABSOLUTE
    ../clib/scanf.c                          0x00000000   Number         0  _scanf.o ABSOLUTE
    ../fplib/microlib/d2f.c                  0x00000000   Number         0  d2f.o ABSOLUTE
    ../fplib/microlib/f2d.c                  0x00000000   Number         0  f2d.o ABSOLUTE
    ../fplib/microlib/fpadd.c                0x00000000   Number         0  dadd.o ABSOLUTE
    ../fplib/microlib/fpdiv.c                0x00000000   Number         0  ddiv.o ABSOLUTE
    ../fplib/microlib/fpepilogue.c           0x00000000   Number         0  depilogue.o ABSOLUTE
    ../fplib/microlib/fpepilogue.c           0x00000000   Number         0  fepilogue.o ABSOLUTE
    ../fplib/microlib/fpfix.c                0x00000000   Number         0  dfixi.o ABSOLUTE
    ../fplib/microlib/fpflt.c                0x00000000   Number         0  dflti.o ABSOLUTE
    ../fplib/microlib/fpflt.c                0x00000000   Number         0  dfltul.o ABSOLUTE
    ../fplib/microlib/fpflt.c                0x00000000   Number         0  dfltui.o ABSOLUTE
    ../fplib/microlib/fpmul.c                0x00000000   Number         0  dmul.o ABSOLUTE
    ../fplib/microlib/fpneg.c                0x00000000   Number         0  dneg.o ABSOLUTE
    ../fplib/microlib/fpsqrt.c               0x00000000   Number         0  dsqrt.o ABSOLUTE
    ../mathlib/cos.c                         0x00000000   Number         0  cos.o ABSOLUTE
    ../mathlib/cos.c                         0x00000000   Number         0  cos_x.o ABSOLUTE
    ../mathlib/cos_i.c                       0x00000000   Number         0  cos_i.o ABSOLUTE
    ../mathlib/dunder.c                      0x00000000   Number         0  dunder.o ABSOLUTE
    ../mathlib/fabs.c                        0x00000000   Number         0  fabs.o ABSOLUTE
    ../mathlib/fpclassify.c                  0x00000000   Number         0  fpclassify.o ABSOLUTE
    ../mathlib/poly.c                        0x00000000   Number         0  poly.o ABSOLUTE
    ../mathlib/rred.c                        0x00000000   Number         0  rred.o ABSOLUTE
    ../mathlib/sin.c                         0x00000000   Number         0  sin_x.o ABSOLUTE
    ../mathlib/sin.c                         0x00000000   Number         0  sin.o ABSOLUTE
    ../mathlib/sin_i.c                       0x00000000   Number         0  sin_i_x.o ABSOLUTE
    ../mathlib/sin_i.c                       0x00000000   Number         0  sin_i.o ABSOLUTE
    ../mathlib/sqrt.c                        0x00000000   Number         0  sqrt_x.o ABSOLUTE
    ../mathlib/sqrt.c                        0x00000000   Number         0  sqrt.o ABSOLUTE
    ..\Core\Src\gpio.c                       0x00000000   Number         0  gpio.o ABSOLUTE
    ..\Core\Src\main.c                       0x00000000   Number         0  main.o ABSOLUTE
    ..\Core\Src\stm32f4xx_hal_msp.c          0x00000000   Number         0  stm32f4xx_hal_msp.o ABSOLUTE
    ..\Core\Src\stm32f4xx_it.c               0x00000000   Number         0  stm32f4xx_it.o ABSOLUTE
    ..\Core\Src\system_stm32f4xx.c           0x00000000   Number         0  system_stm32f4xx.o ABSOLUTE
    ..\Core\Src\tim.c                        0x00000000   Number         0  tim.o ABSOLUTE
    ..\Core\Src\usart.c                      0x00000000   Number         0  usart.o ABSOLUTE
    ..\Drivers\STM32F4xx_HAL_Driver\Src\stm32f4xx_hal.c 0x00000000   Number         0  stm32f4xx_hal.o ABSOLUTE
    ..\Drivers\STM32F4xx_HAL_Driver\Src\stm32f4xx_hal_cortex.c 0x00000000   Number         0  stm32f4xx_hal_cortex.o ABSOLUTE
    ..\Drivers\STM32F4xx_HAL_Driver\Src\stm32f4xx_hal_dma.c 0x00000000   Number         0  stm32f4xx_hal_dma.o ABSOLUTE
    ..\Drivers\STM32F4xx_HAL_Driver\Src\stm32f4xx_hal_dma_ex.c 0x00000000   Number         0  stm32f4xx_hal_dma_ex.o ABSOLUTE
    ..\Drivers\STM32F4xx_HAL_Driver\Src\stm32f4xx_hal_exti.c 0x00000000   Number         0  stm32f4xx_hal_exti.o ABSOLUTE
    ..\Drivers\STM32F4xx_HAL_Driver\Src\stm32f4xx_hal_flash.c 0x00000000   Number         0  stm32f4xx_hal_flash.o ABSOLUTE
    ..\Drivers\STM32F4xx_HAL_Driver\Src\stm32f4xx_hal_flash_ex.c 0x00000000   Number         0  stm32f4xx_hal_flash_ex.o ABSOLUTE
    ..\Drivers\STM32F4xx_HAL_Driver\Src\stm32f4xx_hal_flash_ramfunc.c 0x00000000   Number         0  stm32f4xx_hal_flash_ramfunc.o ABSOLUTE
    ..\Drivers\STM32F4xx_HAL_Driver\Src\stm32f4xx_hal_gpio.c 0x00000000   Number         0  stm32f4xx_hal_gpio.o ABSOLUTE
    ..\Drivers\STM32F4xx_HAL_Driver\Src\stm32f4xx_hal_pwr.c 0x00000000   Number         0  stm32f4xx_hal_pwr.o ABSOLUTE
    ..\Drivers\STM32F4xx_HAL_Driver\Src\stm32f4xx_hal_pwr_ex.c 0x00000000   Number         0  stm32f4xx_hal_pwr_ex.o ABSOLUTE
    ..\Drivers\STM32F4xx_HAL_Driver\Src\stm32f4xx_hal_rcc.c 0x00000000   Number         0  stm32f4xx_hal_rcc.o ABSOLUTE
    ..\Drivers\STM32F4xx_HAL_Driver\Src\stm32f4xx_hal_rcc_ex.c 0x00000000   Number         0  stm32f4xx_hal_rcc_ex.o ABSOLUTE
    ..\Drivers\STM32F4xx_HAL_Driver\Src\stm32f4xx_hal_tim.c 0x00000000   Number         0  stm32f4xx_hal_tim.o ABSOLUTE
    ..\Drivers\STM32F4xx_HAL_Driver\Src\stm32f4xx_hal_tim_ex.c 0x00000000   Number         0  stm32f4xx_hal_tim_ex.o ABSOLUTE
    ..\Drivers\STM32F4xx_HAL_Driver\Src\stm32f4xx_hal_uart.c 0x00000000   Number         0  stm32f4xx_hal_uart.o ABSOLUTE
    ..\Hardware\GPS.c                        0x00000000   Number         0  gps.o ABSOLUTE
    ..\Hardware\GPS_Transform.c              0x00000000   Number         0  gps_transform.o ABSOLUTE
    ..\Hardware\SR04.c                       0x00000000   Number         0  sr04.o ABSOLUTE
    ..\Hardware\nfc.c                        0x00000000   Number         0  nfc.o ABSOLUTE
    ..\\Hardware\\GPS.c                      0x00000000   Number         0  gps.o ABSOLUTE
    ..\\Hardware\\SR04.c                     0x00000000   Number         0  sr04.o ABSOLUTE
    ..\\Hardware\\nfc.c                      0x00000000   Number         0  nfc.o ABSOLUTE
    cdcmple.s                                0x00000000   Number         0  cdcmple.o ABSOLUTE
    dc.s                                     0x00000000   Number         0  dc.o ABSOLUTE
    handlers.s                               0x00000000   Number         0  handlers.o ABSOLUTE
    init.s                                   0x00000000   Number         0  init.o ABSOLUTE
    startup_stm32f407xx.s                    0x00000000   Number         0  startup_stm32f407xx.o ABSOLUTE
    RESET                                    0x08000000   Section      392  startup_stm32f407xx.o(RESET)
    .ARM.Collect$$$$00000000                 0x08000188   Section        0  entry.o(.ARM.Collect$$$$00000000)
    .ARM.Collect$$$$00000001                 0x08000188   Section        4  entry2.o(.ARM.Collect$$$$00000001)
    .ARM.Collect$$$$00000004                 0x0800018c   Section        4  entry5.o(.ARM.Collect$$$$00000004)
    .ARM.Collect$$$$00000008                 0x08000190   Section        0  entry7b.o(.ARM.Collect$$$$00000008)
    .ARM.Collect$$$$0000000A                 0x08000190   Section        0  entry8b.o(.ARM.Collect$$$$0000000A)
    .ARM.Collect$$$$0000000B                 0x08000190   Section        8  entry9a.o(.ARM.Collect$$$$0000000B)
    .ARM.Collect$$$$0000000E                 0x08000198   Section        4  entry12b.o(.ARM.Collect$$$$0000000E)
    .ARM.Collect$$$$0000000F                 0x0800019c   Section        0  entry10a.o(.ARM.Collect$$$$0000000F)
    .ARM.Collect$$$$00000011                 0x0800019c   Section        0  entry11a.o(.ARM.Collect$$$$00000011)
    .ARM.Collect$$$$00002712                 0x0800019c   Section        4  entry2.o(.ARM.Collect$$$$00002712)
    __lit__00000000                          0x0800019c   Data           4  entry2.o(.ARM.Collect$$$$00002712)
    .text                                    0x080001a0   Section       36  startup_stm32f407xx.o(.text)
    $v0                                      0x080001a0   Number         0  startup_stm32f407xx.o(.text)
    .text                                    0x080001c4   Section        0  uldiv.o(.text)
    .text                                    0x08000226   Section        0  siabs.o(.text)
    .text                                    0x0800022e   Section        0  memcpya.o(.text)
    .text                                    0x08000252   Section        0  memseta.o(.text)
    .text                                    0x08000276   Section        0  strstr.o(.text)
    .text                                    0x0800029a   Section        0  memcmp.o(.text)
    .text                                    0x080002b4   Section        0  __0sscanf.o(.text)
    .text                                    0x080002ec   Section        0  scanf_fp.o(.text)
    _fp_value                                0x080002ed   Thumb Code   296  scanf_fp.o(.text)
    .text                                    0x0800064c   Section        0  dadd.o(.text)
    .text                                    0x0800079a   Section        0  dmul.o(.text)
    .text                                    0x0800087e   Section        0  ddiv.o(.text)
    .text                                    0x0800095c   Section        0  dflti.o(.text)
    .text                                    0x0800097e   Section        0  f2d.o(.text)
    .text                                    0x080009a4   Section        0  d2f.o(.text)
    .text                                    0x080009dc   Section        0  llshl.o(.text)
    .text                                    0x080009fa   Section        0  llushr.o(.text)
    .text                                    0x08000a1a   Section        0  llsshr.o(.text)
    .text                                    0x08000a40   Section        0  scanf_char.o(.text)
    _scanf_char_input                        0x08000a41   Thumb Code    12  scanf_char.o(.text)
    .text                                    0x08000a68   Section        0  _sgetc.o(.text)
    .text                                    0x08000aa8   Section        0  iusefp.o(.text)
    .text                                    0x08000aa8   Section        0  fepilogue.o(.text)
    .text                                    0x08000b16   Section        0  depilogue.o(.text)
    .text                                    0x08000bd0   Section        0  dsqrt.o(.text)
    .text                                    0x08000c72   Section        0  dfltul.o(.text)
    .text                                    0x08000c8c   Section       36  init.o(.text)
    .text                                    0x08000cb0   Section        0  isspace_c.o(.text)
    .text                                    0x08000cbc   Section        0  _scanf.o(.text)
    .text                                    0x08000fec   Section        0  dfltui.o(.text)
    .text                                    0x08001006   Section        0  dfixi.o(.text)
    .text                                    0x08001044   Section        0  ctype_c.o(.text)
    i.BusFault_Handler                       0x0800106c   Section        0  stm32f4xx_it.o(i.BusFault_Handler)
    i.DebugMon_Handler                       0x0800106e   Section        0  stm32f4xx_it.o(i.DebugMon_Handler)
    i.Error_Handler                          0x08001070   Section        0  main.o(i.Error_Handler)
    i.HAL_DMA_Abort                          0x08001074   Section        0  stm32f4xx_hal_dma.o(i.HAL_DMA_Abort)
    i.HAL_DMA_Abort_IT                       0x08001106   Section        0  stm32f4xx_hal_dma.o(i.HAL_DMA_Abort_IT)
    i.HAL_Delay                              0x0800112c   Section        0  stm32f4xx_hal.o(i.HAL_Delay)
    i.HAL_GPIO_Init                          0x08001150   Section        0  stm32f4xx_hal_gpio.o(i.HAL_GPIO_Init)
    i.HAL_GPIO_WritePin                      0x08001340   Section        0  stm32f4xx_hal_gpio.o(i.HAL_GPIO_WritePin)
    i.HAL_GetTick                            0x0800134c   Section        0  stm32f4xx_hal.o(i.HAL_GetTick)
    i.HAL_IncTick                            0x08001358   Section        0  stm32f4xx_hal.o(i.HAL_IncTick)
    i.HAL_Init                               0x08001368   Section        0  stm32f4xx_hal.o(i.HAL_Init)
    i.HAL_InitTick                           0x0800139c   Section        0  stm32f4xx_hal.o(i.HAL_InitTick)
    i.HAL_MspInit                            0x080013dc   Section        0  stm32f4xx_hal_msp.o(i.HAL_MspInit)
    i.HAL_NVIC_EnableIRQ                     0x0800140c   Section        0  stm32f4xx_hal_cortex.o(i.HAL_NVIC_EnableIRQ)
    i.HAL_NVIC_SetPriority                   0x08001428   Section        0  stm32f4xx_hal_cortex.o(i.HAL_NVIC_SetPriority)
    i.HAL_NVIC_SetPriorityGrouping           0x08001468   Section        0  stm32f4xx_hal_cortex.o(i.HAL_NVIC_SetPriorityGrouping)
    i.HAL_RCC_ClockConfig                    0x0800148c   Section        0  stm32f4xx_hal_rcc.o(i.HAL_RCC_ClockConfig)
    i.HAL_RCC_GetPCLK1Freq                   0x080015c0   Section        0  stm32f4xx_hal_rcc.o(i.HAL_RCC_GetPCLK1Freq)
    i.HAL_RCC_GetPCLK2Freq                   0x080015e0   Section        0  stm32f4xx_hal_rcc.o(i.HAL_RCC_GetPCLK2Freq)
    i.HAL_RCC_GetSysClockFreq                0x08001600   Section        0  stm32f4xx_hal_rcc.o(i.HAL_RCC_GetSysClockFreq)
    i.HAL_RCC_OscConfig                      0x08001660   Section        0  stm32f4xx_hal_rcc.o(i.HAL_RCC_OscConfig)
    i.HAL_SYSTICK_Config                     0x080019cc   Section        0  stm32f4xx_hal_cortex.o(i.HAL_SYSTICK_Config)
    i.HAL_TIMEx_BreakCallback                0x080019f4   Section        0  stm32f4xx_hal_tim_ex.o(i.HAL_TIMEx_BreakCallback)
    i.HAL_TIMEx_CommutCallback               0x080019f6   Section        0  stm32f4xx_hal_tim_ex.o(i.HAL_TIMEx_CommutCallback)
    i.HAL_TIMEx_MasterConfigSynchronization  0x080019f8   Section        0  stm32f4xx_hal_tim_ex.o(i.HAL_TIMEx_MasterConfigSynchronization)
    i.HAL_TIM_Base_Init                      0x08001a88   Section        0  stm32f4xx_hal_tim.o(i.HAL_TIM_Base_Init)
    i.HAL_TIM_Base_MspInit                   0x08001ae4   Section        0  tim.o(i.HAL_TIM_Base_MspInit)
    i.HAL_TIM_ConfigClockSource              0x08001b5c   Section        0  stm32f4xx_hal_tim.o(i.HAL_TIM_ConfigClockSource)
    i.HAL_TIM_IC_CaptureCallback             0x08001c38   Section        0  sr04.o(i.HAL_TIM_IC_CaptureCallback)
    i.HAL_TIM_IC_ConfigChannel               0x08001d40   Section        0  stm32f4xx_hal_tim.o(i.HAL_TIM_IC_ConfigChannel)
    i.HAL_TIM_IC_Init                        0x08001e64   Section        0  stm32f4xx_hal_tim.o(i.HAL_TIM_IC_Init)
    i.HAL_TIM_IC_MspInit                     0x08001ebe   Section        0  stm32f4xx_hal_tim.o(i.HAL_TIM_IC_MspInit)
    i.HAL_TIM_IC_Start_IT                    0x08001ec0   Section        0  stm32f4xx_hal_tim.o(i.HAL_TIM_IC_Start_IT)
    i.HAL_TIM_IC_Stop_IT                     0x08001fcc   Section        0  stm32f4xx_hal_tim.o(i.HAL_TIM_IC_Stop_IT)
    i.HAL_TIM_IRQHandler                     0x0800205e   Section        0  stm32f4xx_hal_tim.o(i.HAL_TIM_IRQHandler)
    i.HAL_TIM_OC_DelayElapsedCallback        0x0800218e   Section        0  stm32f4xx_hal_tim.o(i.HAL_TIM_OC_DelayElapsedCallback)
    i.HAL_TIM_PWM_PulseFinishedCallback      0x08002190   Section        0  stm32f4xx_hal_tim.o(i.HAL_TIM_PWM_PulseFinishedCallback)
    i.HAL_TIM_PeriodElapsedCallback          0x08002192   Section        0  stm32f4xx_hal_tim.o(i.HAL_TIM_PeriodElapsedCallback)
    i.HAL_TIM_ReadCapturedValue              0x08002194   Section        0  stm32f4xx_hal_tim.o(i.HAL_TIM_ReadCapturedValue)
    i.HAL_TIM_TriggerCallback                0x080021be   Section        0  stm32f4xx_hal_tim.o(i.HAL_TIM_TriggerCallback)
    i.HAL_UARTEx_ReceiveToIdle_IT            0x080021c0   Section        0  stm32f4xx_hal_uart.o(i.HAL_UARTEx_ReceiveToIdle_IT)
    i.HAL_UARTEx_RxEventCallback             0x08002210   Section        0  stm32f4xx_it.o(i.HAL_UARTEx_RxEventCallback)
    i.HAL_UART_ErrorCallback                 0x08002284   Section        0  stm32f4xx_hal_uart.o(i.HAL_UART_ErrorCallback)
    i.HAL_UART_IRQHandler                    0x08002288   Section        0  stm32f4xx_hal_uart.o(i.HAL_UART_IRQHandler)
    i.HAL_UART_Init                          0x080024f8   Section        0  stm32f4xx_hal_uart.o(i.HAL_UART_Init)
    i.HAL_UART_MspInit                       0x0800255c   Section        0  usart.o(i.HAL_UART_MspInit)
    i.HAL_UART_Receive_IT                    0x08002624   Section        0  stm32f4xx_hal_uart.o(i.HAL_UART_Receive_IT)
    i.HAL_UART_RxCpltCallback                0x08002640   Section        0  stm32f4xx_it.o(i.HAL_UART_RxCpltCallback)
    i.HAL_UART_Transmit                      0x080026c0   Section        0  stm32f4xx_hal_uart.o(i.HAL_UART_Transmit)
    i.HAL_UART_TxCpltCallback                0x08002760   Section        0  stm32f4xx_hal_uart.o(i.HAL_UART_TxCpltCallback)
    i.HardFault_Handler                      0x08002762   Section        0  stm32f4xx_it.o(i.HardFault_Handler)
    i.MX_GPIO_Init                           0x08002764   Section        0  gpio.o(i.MX_GPIO_Init)
    i.MX_TIM1_Init                           0x080027e4   Section        0  tim.o(i.MX_TIM1_Init)
    i.MX_USART1_UART_Init                    0x0800288c   Section        0  usart.o(i.MX_USART1_UART_Init)
    i.MX_USART2_UART_Init                    0x080028d0   Section        0  usart.o(i.MX_USART2_UART_Init)
    i.MemManage_Handler                      0x08002908   Section        0  stm32f4xx_it.o(i.MemManage_Handler)
    i.NMI_Handler                            0x0800290a   Section        0  stm32f4xx_it.o(i.NMI_Handler)
    i.PendSV_Handler                         0x0800290c   Section        0  stm32f4xx_it.o(i.PendSV_Handler)
    i.SR04_Init                              0x08002910   Section        0  sr04.o(i.SR04_Init)
    i.SVC_Handler                            0x08002930   Section        0  stm32f4xx_it.o(i.SVC_Handler)
    i.SysTick_Handler                        0x08002932   Section        0  stm32f4xx_it.o(i.SysTick_Handler)
    i.SystemClock_Config                     0x08002938   Section        0  main.o(i.SystemClock_Config)
    i.SystemInit                             0x080029cc   Section        0  system_stm32f4xx.o(i.SystemInit)
    i.TIM1_CC_IRQHandler                     0x080029dc   Section        0  stm32f4xx_it.o(i.TIM1_CC_IRQHandler)
    i.TIM_Base_SetConfig                     0x080029e8   Section        0  stm32f4xx_hal_tim.o(i.TIM_Base_SetConfig)
    i.TIM_CCxChannelCmd                      0x08002ac0   Section        0  stm32f4xx_hal_tim.o(i.TIM_CCxChannelCmd)
    i.TIM_ETR_SetConfig                      0x08002ada   Section        0  stm32f4xx_hal_tim.o(i.TIM_ETR_SetConfig)
    i.TIM_ITRx_SetConfig                     0x08002aee   Section        0  stm32f4xx_hal_tim.o(i.TIM_ITRx_SetConfig)
    TIM_ITRx_SetConfig                       0x08002aef   Thumb Code    16  stm32f4xx_hal_tim.o(i.TIM_ITRx_SetConfig)
    i.TIM_TI1_ConfigInputStage               0x08002afe   Section        0  stm32f4xx_hal_tim.o(i.TIM_TI1_ConfigInputStage)
    TIM_TI1_ConfigInputStage                 0x08002aff   Thumb Code    34  stm32f4xx_hal_tim.o(i.TIM_TI1_ConfigInputStage)
    i.TIM_TI1_SetConfig                      0x08002b20   Section        0  stm32f4xx_hal_tim.o(i.TIM_TI1_SetConfig)
    i.TIM_TI2_ConfigInputStage               0x08002ba0   Section        0  stm32f4xx_hal_tim.o(i.TIM_TI2_ConfigInputStage)
    TIM_TI2_ConfigInputStage                 0x08002ba1   Thumb Code    36  stm32f4xx_hal_tim.o(i.TIM_TI2_ConfigInputStage)
    i.TIM_TI2_SetConfig                      0x08002bc4   Section        0  stm32f4xx_hal_tim.o(i.TIM_TI2_SetConfig)
    TIM_TI2_SetConfig                        0x08002bc5   Thumb Code    54  stm32f4xx_hal_tim.o(i.TIM_TI2_SetConfig)
    i.UART_DMAAbortOnError                   0x08002bfa   Section        0  stm32f4xx_hal_uart.o(i.UART_DMAAbortOnError)
    UART_DMAAbortOnError                     0x08002bfb   Thumb Code    16  stm32f4xx_hal_uart.o(i.UART_DMAAbortOnError)
    i.UART_EndRxTransfer                     0x08002c0a   Section        0  stm32f4xx_hal_uart.o(i.UART_EndRxTransfer)
    UART_EndRxTransfer                       0x08002c0b   Thumb Code    78  stm32f4xx_hal_uart.o(i.UART_EndRxTransfer)
    i.UART_Receive_IT                        0x08002c58   Section        0  stm32f4xx_hal_uart.o(i.UART_Receive_IT)
    UART_Receive_IT                          0x08002c59   Thumb Code   194  stm32f4xx_hal_uart.o(i.UART_Receive_IT)
    i.UART_SetConfig                         0x08002d1c   Section        0  stm32f4xx_hal_uart.o(i.UART_SetConfig)
    UART_SetConfig                           0x08002d1d   Thumb Code   258  stm32f4xx_hal_uart.o(i.UART_SetConfig)
    i.UART_Start_Receive_IT                  0x08002e28   Section        0  stm32f4xx_hal_uart.o(i.UART_Start_Receive_IT)
    i.UART_WaitOnFlagUntilTimeout            0x08002e5e   Section        0  stm32f4xx_hal_uart.o(i.UART_WaitOnFlagUntilTimeout)
    UART_WaitOnFlagUntilTimeout              0x08002e5f   Thumb Code   114  stm32f4xx_hal_uart.o(i.UART_WaitOnFlagUntilTimeout)
    i.USART1_IRQHandler                      0x08002ed0   Section        0  stm32f4xx_it.o(i.USART1_IRQHandler)
    i.USART2_IRQHandler                      0x08002ef0   Section        0  stm32f4xx_it.o(i.USART2_IRQHandler)
    i.UsageFault_Handler                     0x08002efc   Section        0  stm32f4xx_it.o(i.UsageFault_Handler)
    i.__ARM_fpclassify                       0x08002efe   Section        0  fpclassify.o(i.__ARM_fpclassify)
    i.__NVIC_SetPriority                     0x08002f2e   Section        0  stm32f4xx_hal_cortex.o(i.__NVIC_SetPriority)
    __NVIC_SetPriority                       0x08002f2f   Thumb Code    32  stm32f4xx_hal_cortex.o(i.__NVIC_SetPriority)
    i.__hardfp_cos                           0x08002f50   Section        0  cos.o(i.__hardfp_cos)
    i.__hardfp_sin                           0x08003018   Section        0  sin.o(i.__hardfp_sin)
    i.__hardfp_sqrt                          0x080030e0   Section        0  sqrt.o(i.__hardfp_sqrt)
    i.__ieee754_rem_pio2                     0x08003160   Section        0  rred.o(i.__ieee754_rem_pio2)
    i.__kernel_cos                           0x08003598   Section        0  cos_i.o(i.__kernel_cos)
    i.__kernel_poly                          0x08003708   Section        0  poly.o(i.__kernel_poly)
    i.__kernel_sin                           0x08003800   Section        0  sin_i.o(i.__kernel_sin)
    i.__mathlib_dbl_infnan                   0x08003930   Section        0  dunder.o(i.__mathlib_dbl_infnan)
    i.__mathlib_dbl_invalid                  0x08003948   Section        0  dunder.o(i.__mathlib_dbl_invalid)
    i.__mathlib_dbl_underflow                0x08003968   Section        0  dunder.o(i.__mathlib_dbl_underflow)
    i.__scatterload_copy                     0x08003988   Section       14  handlers.o(i.__scatterload_copy)
    i.__scatterload_null                     0x08003996   Section        2  handlers.o(i.__scatterload_null)
    i.__scatterload_zeroinit                 0x08003998   Section       14  handlers.o(i.__scatterload_zeroinit)
    i.__set_errno                            0x080039a8   Section        0  errno.o(i.__set_errno)
    i._is_digit                              0x080039b4   Section        0  scanf_fp.o(i._is_digit)
    i.fabs                                   0x080039c2   Section        0  fabs.o(i.fabs)
    i.main                                   0x080039dc   Section        0  main.o(i.main)
    i.nfc_WakeUp                             0x08003a34   Section        0  nfc.o(i.nfc_WakeUp)
    i.nfc_findCard                           0x08003a58   Section        0  nfc.o(i.nfc_findCard)
    i.parseGpsBuffer                         0x08003aa4   Section        0  gps.o(i.parseGpsBuffer)
    i.transformlat                           0x08003cac   Section        0  gps_transform.o(i.transformlat)
    i.transformlng                           0x08003f4c   Section        0  gps_transform.o(i.transformlng)
    i.wgs84togcj02                           0x080041c4   Section        0  gps_transform.o(i.wgs84togcj02)
    .constdata                               0x0800439c   Section       16  system_stm32f4xx.o(.constdata)
    .constdata                               0x080043ac   Section        8  system_stm32f4xx.o(.constdata)
    .constdata                               0x080043b4   Section        5  nfc.o(.constdata)
    .constdata                               0x080043b9   Section       35  nfc.o(.constdata)
    .constdata                               0x080043dc   Section        6  nfc.o(.constdata)
    .constdata                               0x080043e8   Section       48  cos_i.o(.constdata)
    C                                        0x080043e8   Data          48  cos_i.o(.constdata)
    .constdata                               0x08004418   Section      200  rred.o(.constdata)
    pio2s                                    0x08004418   Data          48  rred.o(.constdata)
    twooverpi                                0x08004448   Data         152  rred.o(.constdata)
    .constdata                               0x080044e0   Section       40  sin_i.o(.constdata)
    S                                        0x080044e0   Data          40  sin_i.o(.constdata)
    .constdata                               0x08004508   Section       64  ctype_c.o(.constdata)
    .data                                    0x20000000   Section        4  stm32f4xx_it.o(.data)
    .data                                    0x20000004   Section       12  stm32f4xx_hal.o(.data)
    .data                                    0x20000010   Section        4  system_stm32f4xx.o(.data)
    .data                                    0x20000014   Section        1  gps.o(.data)
    .data                                    0x20000018   Section        8  gps.o(.data)
    .data                                    0x20000020   Section        1  nfc.o(.data)
    .data                                    0x20000024   Section        4  errno.o(.data)
    _errno                                   0x20000024   Data           4  errno.o(.data)
    .bss                                     0x20000028   Section       72  tim.o(.bss)
    .bss                                     0x20000070   Section      144  usart.o(.bss)
    .bss                                     0x20000100   Section      200  gps.o(.bss)
    .bss                                     0x200001c8   Section      140  gps.o(.bss)
    .bss                                     0x20000254   Section      112  nfc.o(.bss)
    .bss                                     0x200002c4   Section       12  sr04.o(.bss)
    STACK                                    0x200002d0   Section     1024  startup_stm32f407xx.o(STACK)

    Global Symbols

    Symbol Name                              Value     Ov Type        Size  Object(Section)

    BuildAttributes$$THM_ISAv4$E$P$D$K$B$S$7EM$VFPi3$EXTD16$VFPS$VFMA$PE$A:L22UL41UL21$X:L11$S22US41US21$IEEE1$IW$USESV6$~STKCKD$USESV7$~SHL$OTIME$ROPI$IEEEX$EBA8$MICROLIB$REQ8$PRES8$EABIv2 0x00000000   Number         0  anon$$obj.o ABSOLUTE
    __ARM_use_no_argv                        0x00000000   Number         0  main.o ABSOLUTE
    __arm_fini_                               - Undefined Weak Reference
    __cpp_initialize__aeabi_                  - Undefined Weak Reference
    __cxa_finalize                            - Undefined Weak Reference
    __decompress                              - Undefined Weak Reference
    _clock_init                               - Undefined Weak Reference
    _microlib_exit                            - Undefined Weak Reference
    _scanf_int                                - Undefined Weak Reference
    _scanf_longlong                           - Undefined Weak Reference
    _scanf_string                             - Undefined Weak Reference
    __Vectors_Size                           0x00000188   Number         0  startup_stm32f407xx.o ABSOLUTE
    __Vectors                                0x08000000   Data           4  startup_stm32f407xx.o(RESET)
    __Vectors_End                            0x08000188   Data           0  startup_stm32f407xx.o(RESET)
    __main                                   0x08000189   Thumb Code     0  entry.o(.ARM.Collect$$$$00000000)
    _main_stk                                0x08000189   Thumb Code     0  entry2.o(.ARM.Collect$$$$00000001)
    _main_scatterload                        0x0800018d   Thumb Code     0  entry5.o(.ARM.Collect$$$$00000004)
    __main_after_scatterload                 0x08000191   Thumb Code     0  entry5.o(.ARM.Collect$$$$00000004)
    _main_clock                              0x08000191   Thumb Code     0  entry7b.o(.ARM.Collect$$$$00000008)
    _main_cpp_init                           0x08000191   Thumb Code     0  entry8b.o(.ARM.Collect$$$$0000000A)
    _main_init                               0x08000191   Thumb Code     0  entry9a.o(.ARM.Collect$$$$0000000B)
    __rt_lib_shutdown_fini                   0x08000199   Thumb Code     0  entry12b.o(.ARM.Collect$$$$0000000E)
    __rt_final_cpp                           0x0800019d   Thumb Code     0  entry10a.o(.ARM.Collect$$$$0000000F)
    __rt_final_exit                          0x0800019d   Thumb Code     0  entry11a.o(.ARM.Collect$$$$00000011)
    Reset_Handler                            0x080001a1   Thumb Code     8  startup_stm32f407xx.o(.text)
    ADC_IRQHandler                           0x080001bb   Thumb Code     0  startup_stm32f407xx.o(.text)
    CAN1_RX0_IRQHandler                      0x080001bb   Thumb Code     0  startup_stm32f407xx.o(.text)
    CAN1_RX1_IRQHandler                      0x080001bb   Thumb Code     0  startup_stm32f407xx.o(.text)
    CAN1_SCE_IRQHandler                      0x080001bb   Thumb Code     0  startup_stm32f407xx.o(.text)
    CAN1_TX_IRQHandler                       0x080001bb   Thumb Code     0  startup_stm32f407xx.o(.text)
    CAN2_RX0_IRQHandler                      0x080001bb   Thumb Code     0  startup_stm32f407xx.o(.text)
    CAN2_RX1_IRQHandler                      0x080001bb   Thumb Code     0  startup_stm32f407xx.o(.text)
    CAN2_SCE_IRQHandler                      0x080001bb   Thumb Code     0  startup_stm32f407xx.o(.text)
    CAN2_TX_IRQHandler                       0x080001bb   Thumb Code     0  startup_stm32f407xx.o(.text)
    DCMI_IRQHandler                          0x080001bb   Thumb Code     0  startup_stm32f407xx.o(.text)
    DMA1_Stream0_IRQHandler                  0x080001bb   Thumb Code     0  startup_stm32f407xx.o(.text)
    DMA1_Stream1_IRQHandler                  0x080001bb   Thumb Code     0  startup_stm32f407xx.o(.text)
    DMA1_Stream2_IRQHandler                  0x080001bb   Thumb Code     0  startup_stm32f407xx.o(.text)
    DMA1_Stream3_IRQHandler                  0x080001bb   Thumb Code     0  startup_stm32f407xx.o(.text)
    DMA1_Stream4_IRQHandler                  0x080001bb   Thumb Code     0  startup_stm32f407xx.o(.text)
    DMA1_Stream5_IRQHandler                  0x080001bb   Thumb Code     0  startup_stm32f407xx.o(.text)
    DMA1_Stream6_IRQHandler                  0x080001bb   Thumb Code     0  startup_stm32f407xx.o(.text)
    DMA1_Stream7_IRQHandler                  0x080001bb   Thumb Code     0  startup_stm32f407xx.o(.text)
    DMA2_Stream0_IRQHandler                  0x080001bb   Thumb Code     0  startup_stm32f407xx.o(.text)
    DMA2_Stream1_IRQHandler                  0x080001bb   Thumb Code     0  startup_stm32f407xx.o(.text)
    DMA2_Stream2_IRQHandler                  0x080001bb   Thumb Code     0  startup_stm32f407xx.o(.text)
    DMA2_Stream3_IRQHandler                  0x080001bb   Thumb Code     0  startup_stm32f407xx.o(.text)
    DMA2_Stream4_IRQHandler                  0x080001bb   Thumb Code     0  startup_stm32f407xx.o(.text)
    DMA2_Stream5_IRQHandler                  0x080001bb   Thumb Code     0  startup_stm32f407xx.o(.text)
    DMA2_Stream6_IRQHandler                  0x080001bb   Thumb Code     0  startup_stm32f407xx.o(.text)
    DMA2_Stream7_IRQHandler                  0x080001bb   Thumb Code     0  startup_stm32f407xx.o(.text)
    ETH_IRQHandler                           0x080001bb   Thumb Code     0  startup_stm32f407xx.o(.text)
    ETH_WKUP_IRQHandler                      0x080001bb   Thumb Code     0  startup_stm32f407xx.o(.text)
    EXTI0_IRQHandler                         0x080001bb   Thumb Code     0  startup_stm32f407xx.o(.text)
    EXTI15_10_IRQHandler                     0x080001bb   Thumb Code     0  startup_stm32f407xx.o(.text)
    EXTI1_IRQHandler                         0x080001bb   Thumb Code     0  startup_stm32f407xx.o(.text)
    EXTI2_IRQHandler                         0x080001bb   Thumb Code     0  startup_stm32f407xx.o(.text)
    EXTI3_IRQHandler                         0x080001bb   Thumb Code     0  startup_stm32f407xx.o(.text)
    EXTI4_IRQHandler                         0x080001bb   Thumb Code     0  startup_stm32f407xx.o(.text)
    EXTI9_5_IRQHandler                       0x080001bb   Thumb Code     0  startup_stm32f407xx.o(.text)
    FLASH_IRQHandler                         0x080001bb   Thumb Code     0  startup_stm32f407xx.o(.text)
    FMC_IRQHandler                           0x080001bb   Thumb Code     0  startup_stm32f407xx.o(.text)
    FPU_IRQHandler                           0x080001bb   Thumb Code     0  startup_stm32f407xx.o(.text)
    HASH_RNG_IRQHandler                      0x080001bb   Thumb Code     0  startup_stm32f407xx.o(.text)
    I2C1_ER_IRQHandler                       0x080001bb   Thumb Code     0  startup_stm32f407xx.o(.text)
    I2C1_EV_IRQHandler                       0x080001bb   Thumb Code     0  startup_stm32f407xx.o(.text)
    I2C2_ER_IRQHandler                       0x080001bb   Thumb Code     0  startup_stm32f407xx.o(.text)
    I2C2_EV_IRQHandler                       0x080001bb   Thumb Code     0  startup_stm32f407xx.o(.text)
    I2C3_ER_IRQHandler                       0x080001bb   Thumb Code     0  startup_stm32f407xx.o(.text)
    I2C3_EV_IRQHandler                       0x080001bb   Thumb Code     0  startup_stm32f407xx.o(.text)
    OTG_FS_IRQHandler                        0x080001bb   Thumb Code     0  startup_stm32f407xx.o(.text)
    OTG_FS_WKUP_IRQHandler                   0x080001bb   Thumb Code     0  startup_stm32f407xx.o(.text)
    OTG_HS_EP1_IN_IRQHandler                 0x080001bb   Thumb Code     0  startup_stm32f407xx.o(.text)
    OTG_HS_EP1_OUT_IRQHandler                0x080001bb   Thumb Code     0  startup_stm32f407xx.o(.text)
    OTG_HS_IRQHandler                        0x080001bb   Thumb Code     0  startup_stm32f407xx.o(.text)
    OTG_HS_WKUP_IRQHandler                   0x080001bb   Thumb Code     0  startup_stm32f407xx.o(.text)
    PVD_IRQHandler                           0x080001bb   Thumb Code     0  startup_stm32f407xx.o(.text)
    RCC_IRQHandler                           0x080001bb   Thumb Code     0  startup_stm32f407xx.o(.text)
    RTC_Alarm_IRQHandler                     0x080001bb   Thumb Code     0  startup_stm32f407xx.o(.text)
    RTC_WKUP_IRQHandler                      0x080001bb   Thumb Code     0  startup_stm32f407xx.o(.text)
    SDIO_IRQHandler                          0x080001bb   Thumb Code     0  startup_stm32f407xx.o(.text)
    SPI1_IRQHandler                          0x080001bb   Thumb Code     0  startup_stm32f407xx.o(.text)
    SPI2_IRQHandler                          0x080001bb   Thumb Code     0  startup_stm32f407xx.o(.text)
    SPI3_IRQHandler                          0x080001bb   Thumb Code     0  startup_stm32f407xx.o(.text)
    TAMP_STAMP_IRQHandler                    0x080001bb   Thumb Code     0  startup_stm32f407xx.o(.text)
    TIM1_BRK_TIM9_IRQHandler                 0x080001bb   Thumb Code     0  startup_stm32f407xx.o(.text)
    TIM1_TRG_COM_TIM11_IRQHandler            0x080001bb   Thumb Code     0  startup_stm32f407xx.o(.text)
    TIM1_UP_TIM10_IRQHandler                 0x080001bb   Thumb Code     0  startup_stm32f407xx.o(.text)
    TIM2_IRQHandler                          0x080001bb   Thumb Code     0  startup_stm32f407xx.o(.text)
    TIM3_IRQHandler                          0x080001bb   Thumb Code     0  startup_stm32f407xx.o(.text)
    TIM4_IRQHandler                          0x080001bb   Thumb Code     0  startup_stm32f407xx.o(.text)
    TIM5_IRQHandler                          0x080001bb   Thumb Code     0  startup_stm32f407xx.o(.text)
    TIM6_DAC_IRQHandler                      0x080001bb   Thumb Code     0  startup_stm32f407xx.o(.text)
    TIM7_IRQHandler                          0x080001bb   Thumb Code     0  startup_stm32f407xx.o(.text)
    TIM8_BRK_TIM12_IRQHandler                0x080001bb   Thumb Code     0  startup_stm32f407xx.o(.text)
    TIM8_CC_IRQHandler                       0x080001bb   Thumb Code     0  startup_stm32f407xx.o(.text)
    TIM8_TRG_COM_TIM14_IRQHandler            0x080001bb   Thumb Code     0  startup_stm32f407xx.o(.text)
    TIM8_UP_TIM13_IRQHandler                 0x080001bb   Thumb Code     0  startup_stm32f407xx.o(.text)
    UART4_IRQHandler                         0x080001bb   Thumb Code     0  startup_stm32f407xx.o(.text)
    UART5_IRQHandler                         0x080001bb   Thumb Code     0  startup_stm32f407xx.o(.text)
    USART3_IRQHandler                        0x080001bb   Thumb Code     0  startup_stm32f407xx.o(.text)
    USART6_IRQHandler                        0x080001bb   Thumb Code     0  startup_stm32f407xx.o(.text)
    WWDG_IRQHandler                          0x080001bb   Thumb Code     0  startup_stm32f407xx.o(.text)
    __aeabi_uldivmod                         0x080001c5   Thumb Code    98  uldiv.o(.text)
    abs                                      0x08000227   Thumb Code     8  siabs.o(.text)
    __aeabi_memcpy                           0x0800022f   Thumb Code    36  memcpya.o(.text)
    __aeabi_memcpy4                          0x0800022f   Thumb Code     0  memcpya.o(.text)
    __aeabi_memcpy8                          0x0800022f   Thumb Code     0  memcpya.o(.text)
    __aeabi_memset                           0x08000253   Thumb Code    14  memseta.o(.text)
    __aeabi_memset4                          0x08000253   Thumb Code     0  memseta.o(.text)
    __aeabi_memset8                          0x08000253   Thumb Code     0  memseta.o(.text)
    __aeabi_memclr                           0x08000261   Thumb Code     4  memseta.o(.text)
    __aeabi_memclr4                          0x08000261   Thumb Code     0  memseta.o(.text)
    __aeabi_memclr8                          0x08000261   Thumb Code     0  memseta.o(.text)
    _memset$wrapper                          0x08000265   Thumb Code    18  memseta.o(.text)
    strstr                                   0x08000277   Thumb Code    36  strstr.o(.text)
    memcmp                                   0x0800029b   Thumb Code    26  memcmp.o(.text)
    __0sscanf                                0x080002b5   Thumb Code    48  __0sscanf.o(.text)
    _scanf_real                              0x08000415   Thumb Code     0  scanf_fp.o(.text)
    _scanf_really_real                       0x08000415   Thumb Code   556  scanf_fp.o(.text)
    __aeabi_dadd                             0x0800064d   Thumb Code   322  dadd.o(.text)
    __aeabi_dsub                             0x0800078f   Thumb Code     6  dadd.o(.text)
    __aeabi_drsub                            0x08000795   Thumb Code     6  dadd.o(.text)
    __aeabi_dmul                             0x0800079b   Thumb Code   228  dmul.o(.text)
    __aeabi_ddiv                             0x0800087f   Thumb Code   222  ddiv.o(.text)
    __aeabi_i2d                              0x0800095d   Thumb Code    34  dflti.o(.text)
    __aeabi_f2d                              0x0800097f   Thumb Code    38  f2d.o(.text)
    __aeabi_d2f                              0x080009a5   Thumb Code    56  d2f.o(.text)
    __aeabi_llsl                             0x080009dd   Thumb Code    30  llshl.o(.text)
    _ll_shift_l                              0x080009dd   Thumb Code     0  llshl.o(.text)
    __aeabi_llsr                             0x080009fb   Thumb Code    32  llushr.o(.text)
    _ll_ushift_r                             0x080009fb   Thumb Code     0  llushr.o(.text)
    __aeabi_lasr                             0x08000a1b   Thumb Code    36  llsshr.o(.text)
    _ll_sshift_r                             0x08000a1b   Thumb Code     0  llsshr.o(.text)
    __vfscanf_char                           0x08000a4d   Thumb Code    20  scanf_char.o(.text)
    _sgetc                                   0x08000a69   Thumb Code    30  _sgetc.o(.text)
    _sbackspace                              0x08000a87   Thumb Code    34  _sgetc.o(.text)
    __I$use$fp                               0x08000aa9   Thumb Code     0  iusefp.o(.text)
    _float_round                             0x08000aa9   Thumb Code    18  fepilogue.o(.text)
    _float_epilogue                          0x08000abb   Thumb Code    92  fepilogue.o(.text)
    _double_round                            0x08000b17   Thumb Code    30  depilogue.o(.text)
    _double_epilogue                         0x08000b35   Thumb Code   156  depilogue.o(.text)
    _dsqrt                                   0x08000bd1   Thumb Code   162  dsqrt.o(.text)
    __aeabi_ul2d                             0x08000c73   Thumb Code    24  dfltul.o(.text)
    __scatterload                            0x08000c8d   Thumb Code    28  init.o(.text)
    __scatterload_rt2                        0x08000c8d   Thumb Code     0  init.o(.text)
    isspace                                  0x08000cb1   Thumb Code    10  isspace_c.o(.text)
    __vfscanf                                0x08000cbd   Thumb Code   810  _scanf.o(.text)
    __aeabi_ui2d                             0x08000fed   Thumb Code    26  dfltui.o(.text)
    __aeabi_d2iz                             0x08001007   Thumb Code    62  dfixi.o(.text)
    __ctype_lookup                           0x08001045   Thumb Code    34  ctype_c.o(.text)
    BusFault_Handler                         0x0800106d   Thumb Code     2  stm32f4xx_it.o(i.BusFault_Handler)
    DebugMon_Handler                         0x0800106f   Thumb Code     2  stm32f4xx_it.o(i.DebugMon_Handler)
    Error_Handler                            0x08001071   Thumb Code     4  main.o(i.Error_Handler)
    HAL_DMA_Abort                            0x08001075   Thumb Code   146  stm32f4xx_hal_dma.o(i.HAL_DMA_Abort)
    HAL_DMA_Abort_IT                         0x08001107   Thumb Code    36  stm32f4xx_hal_dma.o(i.HAL_DMA_Abort_IT)
    HAL_Delay                                0x0800112d   Thumb Code    32  stm32f4xx_hal.o(i.HAL_Delay)
    HAL_GPIO_Init                            0x08001151   Thumb Code   450  stm32f4xx_hal_gpio.o(i.HAL_GPIO_Init)
    HAL_GPIO_WritePin                        0x08001341   Thumb Code    10  stm32f4xx_hal_gpio.o(i.HAL_GPIO_WritePin)
    HAL_GetTick                              0x0800134d   Thumb Code     6  stm32f4xx_hal.o(i.HAL_GetTick)
    HAL_IncTick                              0x08001359   Thumb Code    12  stm32f4xx_hal.o(i.HAL_IncTick)
    HAL_Init                                 0x08001369   Thumb Code    48  stm32f4xx_hal.o(i.HAL_Init)
    HAL_InitTick                             0x0800139d   Thumb Code    54  stm32f4xx_hal.o(i.HAL_InitTick)
    HAL_MspInit                              0x080013dd   Thumb Code    42  stm32f4xx_hal_msp.o(i.HAL_MspInit)
    HAL_NVIC_EnableIRQ                       0x0800140d   Thumb Code    26  stm32f4xx_hal_cortex.o(i.HAL_NVIC_EnableIRQ)
    HAL_NVIC_SetPriority                     0x08001429   Thumb Code    60  stm32f4xx_hal_cortex.o(i.HAL_NVIC_SetPriority)
    HAL_NVIC_SetPriorityGrouping             0x08001469   Thumb Code    26  stm32f4xx_hal_cortex.o(i.HAL_NVIC_SetPriorityGrouping)
    HAL_RCC_ClockConfig                      0x0800148d   Thumb Code   288  stm32f4xx_hal_rcc.o(i.HAL_RCC_ClockConfig)
    HAL_RCC_GetPCLK1Freq                     0x080015c1   Thumb Code    20  stm32f4xx_hal_rcc.o(i.HAL_RCC_GetPCLK1Freq)
    HAL_RCC_GetPCLK2Freq                     0x080015e1   Thumb Code    20  stm32f4xx_hal_rcc.o(i.HAL_RCC_GetPCLK2Freq)
    HAL_RCC_GetSysClockFreq                  0x08001601   Thumb Code    88  stm32f4xx_hal_rcc.o(i.HAL_RCC_GetSysClockFreq)
    HAL_RCC_OscConfig                        0x08001661   Thumb Code   856  stm32f4xx_hal_rcc.o(i.HAL_RCC_OscConfig)
    HAL_SYSTICK_Config                       0x080019cd   Thumb Code    40  stm32f4xx_hal_cortex.o(i.HAL_SYSTICK_Config)
    HAL_TIMEx_BreakCallback                  0x080019f5   Thumb Code     2  stm32f4xx_hal_tim_ex.o(i.HAL_TIMEx_BreakCallback)
    HAL_TIMEx_CommutCallback                 0x080019f7   Thumb Code     2  stm32f4xx_hal_tim_ex.o(i.HAL_TIMEx_CommutCallback)
    HAL_TIMEx_MasterConfigSynchronization    0x080019f9   Thumb Code   116  stm32f4xx_hal_tim_ex.o(i.HAL_TIMEx_MasterConfigSynchronization)
    HAL_TIM_Base_Init                        0x08001a89   Thumb Code    90  stm32f4xx_hal_tim.o(i.HAL_TIM_Base_Init)
    HAL_TIM_Base_MspInit                     0x08001ae5   Thumb Code   108  tim.o(i.HAL_TIM_Base_MspInit)
    HAL_TIM_ConfigClockSource                0x08001b5d   Thumb Code   220  stm32f4xx_hal_tim.o(i.HAL_TIM_ConfigClockSource)
    HAL_TIM_IC_CaptureCallback               0x08001c39   Thumb Code   246  sr04.o(i.HAL_TIM_IC_CaptureCallback)
    HAL_TIM_IC_ConfigChannel                 0x08001d41   Thumb Code   292  stm32f4xx_hal_tim.o(i.HAL_TIM_IC_ConfigChannel)
    HAL_TIM_IC_Init                          0x08001e65   Thumb Code    90  stm32f4xx_hal_tim.o(i.HAL_TIM_IC_Init)
    HAL_TIM_IC_MspInit                       0x08001ebf   Thumb Code     2  stm32f4xx_hal_tim.o(i.HAL_TIM_IC_MspInit)
    HAL_TIM_IC_Start_IT                      0x08001ec1   Thumb Code   240  stm32f4xx_hal_tim.o(i.HAL_TIM_IC_Start_IT)
    HAL_TIM_IC_Stop_IT                       0x08001fcd   Thumb Code   146  stm32f4xx_hal_tim.o(i.HAL_TIM_IC_Stop_IT)
    HAL_TIM_IRQHandler                       0x0800205f   Thumb Code   304  stm32f4xx_hal_tim.o(i.HAL_TIM_IRQHandler)
    HAL_TIM_OC_DelayElapsedCallback          0x0800218f   Thumb Code     2  stm32f4xx_hal_tim.o(i.HAL_TIM_OC_DelayElapsedCallback)
    HAL_TIM_PWM_PulseFinishedCallback        0x08002191   Thumb Code     2  stm32f4xx_hal_tim.o(i.HAL_TIM_PWM_PulseFinishedCallback)
    HAL_TIM_PeriodElapsedCallback            0x08002193   Thumb Code     2  stm32f4xx_hal_tim.o(i.HAL_TIM_PeriodElapsedCallback)
    HAL_TIM_ReadCapturedValue                0x08002195   Thumb Code    42  stm32f4xx_hal_tim.o(i.HAL_TIM_ReadCapturedValue)
    HAL_TIM_TriggerCallback                  0x080021bf   Thumb Code     2  stm32f4xx_hal_tim.o(i.HAL_TIM_TriggerCallback)
    HAL_UARTEx_ReceiveToIdle_IT              0x080021c1   Thumb Code    78  stm32f4xx_hal_uart.o(i.HAL_UARTEx_ReceiveToIdle_IT)
    HAL_UARTEx_RxEventCallback               0x08002211   Thumb Code    86  stm32f4xx_it.o(i.HAL_UARTEx_RxEventCallback)
    HAL_UART_ErrorCallback                   0x08002285   Thumb Code     2  stm32f4xx_hal_uart.o(i.HAL_UART_ErrorCallback)
    HAL_UART_IRQHandler                      0x08002289   Thumb Code   618  stm32f4xx_hal_uart.o(i.HAL_UART_IRQHandler)
    HAL_UART_Init                            0x080024f9   Thumb Code   100  stm32f4xx_hal_uart.o(i.HAL_UART_Init)
    HAL_UART_MspInit                         0x0800255d   Thumb Code   182  usart.o(i.HAL_UART_MspInit)
    HAL_UART_Receive_IT                      0x08002625   Thumb Code    28  stm32f4xx_hal_uart.o(i.HAL_UART_Receive_IT)
    HAL_UART_RxCpltCallback                  0x08002641   Thumb Code   106  stm32f4xx_it.o(i.HAL_UART_RxCpltCallback)
    HAL_UART_Transmit                        0x080026c1   Thumb Code   160  stm32f4xx_hal_uart.o(i.HAL_UART_Transmit)
    HAL_UART_TxCpltCallback                  0x08002761   Thumb Code     2  stm32f4xx_hal_uart.o(i.HAL_UART_TxCpltCallback)
    HardFault_Handler                        0x08002763   Thumb Code     2  stm32f4xx_it.o(i.HardFault_Handler)
    MX_GPIO_Init                             0x08002765   Thumb Code   120  gpio.o(i.MX_GPIO_Init)
    MX_TIM1_Init                             0x080027e5   Thumb Code   160  tim.o(i.MX_TIM1_Init)
    MX_USART1_UART_Init                      0x0800288d   Thumb Code    54  usart.o(i.MX_USART1_UART_Init)
    MX_USART2_UART_Init                      0x080028d1   Thumb Code    48  usart.o(i.MX_USART2_UART_Init)
    MemManage_Handler                        0x08002909   Thumb Code     2  stm32f4xx_it.o(i.MemManage_Handler)
    NMI_Handler                              0x0800290b   Thumb Code     2  stm32f4xx_it.o(i.NMI_Handler)
    PendSV_Handler                           0x0800290d   Thumb Code     2  stm32f4xx_it.o(i.PendSV_Handler)
    SR04_Init                                0x08002911   Thumb Code    22  sr04.o(i.SR04_Init)
    SVC_Handler                              0x08002931   Thumb Code     2  stm32f4xx_it.o(i.SVC_Handler)
    SysTick_Handler                          0x08002933   Thumb Code     4  stm32f4xx_it.o(i.SysTick_Handler)
    SystemClock_Config                       0x08002939   Thumb Code   138  main.o(i.SystemClock_Config)
    SystemInit                               0x080029cd   Thumb Code    12  system_stm32f4xx.o(i.SystemInit)
    TIM1_CC_IRQHandler                       0x080029dd   Thumb Code     6  stm32f4xx_it.o(i.TIM1_CC_IRQHandler)
    TIM_Base_SetConfig                       0x080029e9   Thumb Code   170  stm32f4xx_hal_tim.o(i.TIM_Base_SetConfig)
    TIM_CCxChannelCmd                        0x08002ac1   Thumb Code    26  stm32f4xx_hal_tim.o(i.TIM_CCxChannelCmd)
    TIM_ETR_SetConfig                        0x08002adb   Thumb Code    20  stm32f4xx_hal_tim.o(i.TIM_ETR_SetConfig)
    TIM_TI1_SetConfig                        0x08002b21   Thumb Code   100  stm32f4xx_hal_tim.o(i.TIM_TI1_SetConfig)
    UART_Start_Receive_IT                    0x08002e29   Thumb Code    54  stm32f4xx_hal_uart.o(i.UART_Start_Receive_IT)
    USART1_IRQHandler                        0x08002ed1   Thumb Code    22  stm32f4xx_it.o(i.USART1_IRQHandler)
    USART2_IRQHandler                        0x08002ef1   Thumb Code     6  stm32f4xx_it.o(i.USART2_IRQHandler)
    UsageFault_Handler                       0x08002efd   Thumb Code     2  stm32f4xx_it.o(i.UsageFault_Handler)
    __ARM_fpclassify                         0x08002eff   Thumb Code    48  fpclassify.o(i.__ARM_fpclassify)
    __hardfp_cos                             0x08002f51   Thumb Code   180  cos.o(i.__hardfp_cos)
    __hardfp_sin                             0x08003019   Thumb Code   180  sin.o(i.__hardfp_sin)
    __hardfp_sqrt                            0x080030e1   Thumb Code   122  sqrt.o(i.__hardfp_sqrt)
    __ieee754_rem_pio2                       0x08003161   Thumb Code   938  rred.o(i.__ieee754_rem_pio2)
    __kernel_cos                             0x08003599   Thumb Code   322  cos_i.o(i.__kernel_cos)
    __kernel_poly                            0x08003709   Thumb Code   248  poly.o(i.__kernel_poly)
    __kernel_sin                             0x08003801   Thumb Code   280  sin_i.o(i.__kernel_sin)
    __mathlib_dbl_infnan                     0x08003931   Thumb Code    20  dunder.o(i.__mathlib_dbl_infnan)
    __mathlib_dbl_invalid                    0x08003949   Thumb Code    24  dunder.o(i.__mathlib_dbl_invalid)
    __mathlib_dbl_underflow                  0x08003969   Thumb Code    24  dunder.o(i.__mathlib_dbl_underflow)
    __scatterload_copy                       0x08003989   Thumb Code    14  handlers.o(i.__scatterload_copy)
    __scatterload_null                       0x08003997   Thumb Code     2  handlers.o(i.__scatterload_null)
    __scatterload_zeroinit                   0x08003999   Thumb Code    14  handlers.o(i.__scatterload_zeroinit)
    __set_errno                              0x080039a9   Thumb Code     6  errno.o(i.__set_errno)
    _is_digit                                0x080039b5   Thumb Code    14  scanf_fp.o(i._is_digit)
    fabs                                     0x080039c3   Thumb Code    24  fabs.o(i.fabs)
    main                                     0x080039dd   Thumb Code    80  main.o(i.main)
    nfc_WakeUp                               0x08003a35   Thumb Code    22  nfc.o(i.nfc_WakeUp)
    nfc_findCard                             0x08003a59   Thumb Code    60  nfc.o(i.nfc_findCard)
    parseGpsBuffer                           0x08003aa5   Thumb Code   492  gps.o(i.parseGpsBuffer)
    transformlat                             0x08003cad   Thumb Code   580  gps_transform.o(i.transformlat)
    transformlng                             0x08003f4d   Thumb Code   560  gps_transform.o(i.transformlng)
    wgs84togcj02                             0x080041c5   Thumb Code   414  gps_transform.o(i.wgs84togcj02)
    AHBPrescTable                            0x0800439c   Data          16  system_stm32f4xx.o(.constdata)
    APBPrescTable                            0x080043ac   Data           8  system_stm32f4xx.o(.constdata)
    nfc_readack                              0x080043b4   Data           5  nfc.o(.constdata)
    nfc_start                                0x080043b9   Data          24  nfc.o(.constdata)
    nfc_find                                 0x080043d1   Data          11  nfc.o(.constdata)
    nfc_reply                                0x080043dc   Data           6  nfc.o(.constdata)
    __ctype_categories                       0x08004508   Data          64  ctype_c.o(.constdata)
    Region$$Table$$Base                      0x08004548   Number         0  anon$$obj.o(Region$$Table)
    Region$$Table$$Limit                     0x08004568   Number         0  anon$$obj.o(Region$$Table)
    laststate                                0x20000000   Data           1  stm32f4xx_it.o(.data)
    point1                                   0x20000002   Data           2  stm32f4xx_it.o(.data)
    uwTickFreq                               0x20000004   Data           1  stm32f4xx_hal.o(.data)
    uwTickPrio                               0x20000008   Data           4  stm32f4xx_hal.o(.data)
    uwTick                                   0x2000000c   Data           4  stm32f4xx_hal.o(.data)
    SystemCoreClock                          0x20000010   Data           4  system_stm32f4xx.o(.data)
    GPS_data                                 0x20000014   Data           1  gps.o(.data)
    mylatitude                               0x20000018   Data           4  gps.o(.data)
    mylongitude                              0x2000001c   Data           4  gps.o(.data)
    nfc                                      0x20000020   Data           1  nfc.o(.data)
    htim1                                    0x20000028   Data          72  tim.o(.bss)
    huart1                                   0x20000070   Data          72  usart.o(.bss)
    huart2                                   0x200000b8   Data          72  usart.o(.bss)
    GPS_Frame                                0x20000100   Data         200  gps.o(.bss)
    GPS                                      0x200001c8   Data         140  gps.o(.bss)
    nfc_frame                                0x20000254   Data          50  nfc.o(.bss)
    nfcRecv                                  0x20000286   Data          50  nfc.o(.bss)
    mynfc                                    0x200002b8   Data          12  nfc.o(.bss)
    SR04                                     0x200002c4   Data          12  sr04.o(.bss)
    __initial_sp                             0x200006d0   Data           0  startup_stm32f407xx.o(STACK)



==============================================================================

Memory Map of the image

  Image Entry point : 0x08000189

  Load Region LR_IROM1 (Base: 0x08000000, Size: 0x00004590, Max: 0x00080000, ABSOLUTE)

    Execution Region ER_IROM1 (Exec base: 0x08000000, Load base: 0x08000000, Size: 0x00004568, Max: 0x00080000, ABSOLUTE)

    Exec Addr    Load Addr    Size         Type   Attr      Idx    E Section Name        Object

    0x08000000   0x08000000   0x00000188   Data   RO            3    RESET               startup_stm32f407xx.o
    0x08000188   0x08000188   0x00000000   Code   RO         3132  * .ARM.Collect$$$$00000000  mc_w.l(entry.o)
    0x08000188   0x08000188   0x00000004   Code   RO         3197    .ARM.Collect$$$$00000001  mc_w.l(entry2.o)
    0x0800018c   0x0800018c   0x00000004   Code   RO         3200    .ARM.Collect$$$$00000004  mc_w.l(entry5.o)
    0x08000190   0x08000190   0x00000000   Code   RO         3202    .ARM.Collect$$$$00000008  mc_w.l(entry7b.o)
    0x08000190   0x08000190   0x00000000   Code   RO         3204    .ARM.Collect$$$$0000000A  mc_w.l(entry8b.o)
    0x08000190   0x08000190   0x00000008   Code   RO         3205    .ARM.Collect$$$$0000000B  mc_w.l(entry9a.o)
    0x08000198   0x08000198   0x00000004   Code   RO         3212    .ARM.Collect$$$$0000000E  mc_w.l(entry12b.o)
    0x0800019c   0x0800019c   0x00000000   Code   RO         3207    .ARM.Collect$$$$0000000F  mc_w.l(entry10a.o)
    0x0800019c   0x0800019c   0x00000000   Code   RO         3209    .ARM.Collect$$$$00000011  mc_w.l(entry11a.o)
    0x0800019c   0x0800019c   0x00000004   Code   RO         3198    .ARM.Collect$$$$00002712  mc_w.l(entry2.o)
    0x080001a0   0x080001a0   0x00000024   Code   RO            4    .text               startup_stm32f407xx.o
    0x080001c4   0x080001c4   0x00000062   Code   RO         3135    .text               mc_w.l(uldiv.o)
    0x08000226   0x08000226   0x00000008   Code   RO         3137    .text               mc_w.l(siabs.o)
    0x0800022e   0x0800022e   0x00000024   Code   RO         3141    .text               mc_w.l(memcpya.o)
    0x08000252   0x08000252   0x00000024   Code   RO         3143    .text               mc_w.l(memseta.o)
    0x08000276   0x08000276   0x00000024   Code   RO         3145    .text               mc_w.l(strstr.o)
    0x0800029a   0x0800029a   0x0000001a   Code   RO         3147    .text               mc_w.l(memcmp.o)
    0x080002b4   0x080002b4   0x00000038   Code   RO         3151    .text               mc_w.l(__0sscanf.o)
    0x080002ec   0x080002ec   0x00000360   Code   RO         3153    .text               mc_w.l(scanf_fp.o)
    0x0800064c   0x0800064c   0x0000014e   Code   RO         3157    .text               mf_w.l(dadd.o)
    0x0800079a   0x0800079a   0x000000e4   Code   RO         3159    .text               mf_w.l(dmul.o)
    0x0800087e   0x0800087e   0x000000de   Code   RO         3161    .text               mf_w.l(ddiv.o)
    0x0800095c   0x0800095c   0x00000022   Code   RO         3163    .text               mf_w.l(dflti.o)
    0x0800097e   0x0800097e   0x00000026   Code   RO         3165    .text               mf_w.l(f2d.o)
    0x080009a4   0x080009a4   0x00000038   Code   RO         3167    .text               mf_w.l(d2f.o)
    0x080009dc   0x080009dc   0x0000001e   Code   RO         3213    .text               mc_w.l(llshl.o)
    0x080009fa   0x080009fa   0x00000020   Code   RO         3215    .text               mc_w.l(llushr.o)
    0x08000a1a   0x08000a1a   0x00000024   Code   RO         3217    .text               mc_w.l(llsshr.o)
    0x08000a3e   0x08000a3e   0x00000002   PAD
    0x08000a40   0x08000a40   0x00000028   Code   RO         3226    .text               mc_w.l(scanf_char.o)
    0x08000a68   0x08000a68   0x00000040   Code   RO         3228    .text               mc_w.l(_sgetc.o)
    0x08000aa8   0x08000aa8   0x00000000   Code   RO         3230    .text               mc_w.l(iusefp.o)
    0x08000aa8   0x08000aa8   0x0000006e   Code   RO         3231    .text               mf_w.l(fepilogue.o)
    0x08000b16   0x08000b16   0x000000ba   Code   RO         3233    .text               mf_w.l(depilogue.o)
    0x08000bd0   0x08000bd0   0x000000a2   Code   RO         3237    .text               mf_w.l(dsqrt.o)
    0x08000c72   0x08000c72   0x00000018   Code   RO         3239    .text               mf_w.l(dfltul.o)
    0x08000c8a   0x08000c8a   0x00000002   PAD
    0x08000c8c   0x08000c8c   0x00000024   Code   RO         3253    .text               mc_w.l(init.o)
    0x08000cb0   0x08000cb0   0x0000000a   Code   RO         3255    .text               mc_w.l(isspace_c.o)
    0x08000cba   0x08000cba   0x00000002   PAD
    0x08000cbc   0x08000cbc   0x00000330   Code   RO         3257    .text               mc_w.l(_scanf.o)
    0x08000fec   0x08000fec   0x0000001a   Code   RO         3259    .text               mf_w.l(dfltui.o)
    0x08001006   0x08001006   0x0000003e   Code   RO         3261    .text               mf_w.l(dfixi.o)
    0x08001044   0x08001044   0x00000028   Code   RO         3263    .text               mc_w.l(ctype_c.o)
    0x0800106c   0x0800106c   0x00000002   Code   RO          286    i.BusFault_Handler  stm32f4xx_it.o
    0x0800106e   0x0800106e   0x00000002   Code   RO          287    i.DebugMon_Handler  stm32f4xx_it.o
    0x08001070   0x08001070   0x00000004   Code   RO           13    i.Error_Handler     main.o
    0x08001074   0x08001074   0x00000092   Code   RO         1867    i.HAL_DMA_Abort     stm32f4xx_hal_dma.o
    0x08001106   0x08001106   0x00000024   Code   RO         1868    i.HAL_DMA_Abort_IT  stm32f4xx_hal_dma.o
    0x0800112a   0x0800112a   0x00000002   PAD
    0x0800112c   0x0800112c   0x00000024   Code   RO         2292    i.HAL_Delay         stm32f4xx_hal.o
    0x08001150   0x08001150   0x000001f0   Code   RO         1760    i.HAL_GPIO_Init     stm32f4xx_hal_gpio.o
    0x08001340   0x08001340   0x0000000a   Code   RO         1764    i.HAL_GPIO_WritePin  stm32f4xx_hal_gpio.o
    0x0800134a   0x0800134a   0x00000002   PAD
    0x0800134c   0x0800134c   0x0000000c   Code   RO         2298    i.HAL_GetTick       stm32f4xx_hal.o
    0x08001358   0x08001358   0x00000010   Code   RO         2304    i.HAL_IncTick       stm32f4xx_hal.o
    0x08001368   0x08001368   0x00000034   Code   RO         2305    i.HAL_Init          stm32f4xx_hal.o
    0x0800139c   0x0800139c   0x00000040   Code   RO         2306    i.HAL_InitTick      stm32f4xx_hal.o
    0x080013dc   0x080013dc   0x00000030   Code   RO          408    i.HAL_MspInit       stm32f4xx_hal_msp.o
    0x0800140c   0x0800140c   0x0000001a   Code   RO         2150    i.HAL_NVIC_EnableIRQ  stm32f4xx_hal_cortex.o
    0x08001426   0x08001426   0x00000002   PAD
    0x08001428   0x08001428   0x00000040   Code   RO         2156    i.HAL_NVIC_SetPriority  stm32f4xx_hal_cortex.o
    0x08001468   0x08001468   0x00000024   Code   RO         2157    i.HAL_NVIC_SetPriorityGrouping  stm32f4xx_hal_cortex.o
    0x0800148c   0x0800148c   0x00000134   Code   RO         1406    i.HAL_RCC_ClockConfig  stm32f4xx_hal_rcc.o
    0x080015c0   0x080015c0   0x00000020   Code   RO         1413    i.HAL_RCC_GetPCLK1Freq  stm32f4xx_hal_rcc.o
    0x080015e0   0x080015e0   0x00000020   Code   RO         1414    i.HAL_RCC_GetPCLK2Freq  stm32f4xx_hal_rcc.o
    0x08001600   0x08001600   0x00000060   Code   RO         1415    i.HAL_RCC_GetSysClockFreq  stm32f4xx_hal_rcc.o
    0x08001660   0x08001660   0x0000036c   Code   RO         1418    i.HAL_RCC_OscConfig  stm32f4xx_hal_rcc.o
    0x080019cc   0x080019cc   0x00000028   Code   RO         2161    i.HAL_SYSTICK_Config  stm32f4xx_hal_cortex.o
    0x080019f4   0x080019f4   0x00000002   Code   RO         1138    i.HAL_TIMEx_BreakCallback  stm32f4xx_hal_tim_ex.o
    0x080019f6   0x080019f6   0x00000002   Code   RO         1139    i.HAL_TIMEx_CommutCallback  stm32f4xx_hal_tim_ex.o
    0x080019f8   0x080019f8   0x00000090   Code   RO         1157    i.HAL_TIMEx_MasterConfigSynchronization  stm32f4xx_hal_tim_ex.o
    0x08001a88   0x08001a88   0x0000005a   Code   RO          434    i.HAL_TIM_Base_Init  stm32f4xx_hal_tim.o
    0x08001ae2   0x08001ae2   0x00000002   PAD
    0x08001ae4   0x08001ae4   0x00000078   Code   RO          197    i.HAL_TIM_Base_MspInit  tim.o
    0x08001b5c   0x08001b5c   0x000000dc   Code   RO          443    i.HAL_TIM_ConfigClockSource  stm32f4xx_hal_tim.o
    0x08001c38   0x08001c38   0x00000108   Code   RO         3057    i.HAL_TIM_IC_CaptureCallback  sr04.o
    0x08001d40   0x08001d40   0x00000124   Code   RO          470    i.HAL_TIM_IC_ConfigChannel  stm32f4xx_hal_tim.o
    0x08001e64   0x08001e64   0x0000005a   Code   RO          473    i.HAL_TIM_IC_Init   stm32f4xx_hal_tim.o
    0x08001ebe   0x08001ebe   0x00000002   Code   RO          475    i.HAL_TIM_IC_MspInit  stm32f4xx_hal_tim.o
    0x08001ec0   0x08001ec0   0x0000010c   Code   RO          478    i.HAL_TIM_IC_Start_IT  stm32f4xx_hal_tim.o
    0x08001fcc   0x08001fcc   0x00000092   Code   RO          481    i.HAL_TIM_IC_Stop_IT  stm32f4xx_hal_tim.o
    0x0800205e   0x0800205e   0x00000130   Code   RO          482    i.HAL_TIM_IRQHandler  stm32f4xx_hal_tim.o
    0x0800218e   0x0800218e   0x00000002   Code   RO          485    i.HAL_TIM_OC_DelayElapsedCallback  stm32f4xx_hal_tim.o
    0x08002190   0x08002190   0x00000002   Code   RO          512    i.HAL_TIM_PWM_PulseFinishedCallback  stm32f4xx_hal_tim.o
    0x08002192   0x08002192   0x00000002   Code   RO          520    i.HAL_TIM_PeriodElapsedCallback  stm32f4xx_hal_tim.o
    0x08002194   0x08002194   0x0000002a   Code   RO          522    i.HAL_TIM_ReadCapturedValue  stm32f4xx_hal_tim.o
    0x080021be   0x080021be   0x00000002   Code   RO          525    i.HAL_TIM_TriggerCallback  stm32f4xx_hal_tim.o
    0x080021c0   0x080021c0   0x0000004e   Code   RO         2554    i.HAL_UARTEx_ReceiveToIdle_IT  stm32f4xx_hal_uart.o
    0x0800220e   0x0800220e   0x00000002   PAD
    0x08002210   0x08002210   0x00000074   Code   RO          288    i.HAL_UARTEx_RxEventCallback  stm32f4xx_it.o
    0x08002284   0x08002284   0x00000002   Code   RO         2569    i.HAL_UART_ErrorCallback  stm32f4xx_hal_uart.o
    0x08002286   0x08002286   0x00000002   PAD
    0x08002288   0x08002288   0x00000270   Code   RO         2572    i.HAL_UART_IRQHandler  stm32f4xx_hal_uart.o
    0x080024f8   0x080024f8   0x00000064   Code   RO         2573    i.HAL_UART_Init     stm32f4xx_hal_uart.o
    0x0800255c   0x0800255c   0x000000c8   Code   RO          239    i.HAL_UART_MspInit  usart.o
    0x08002624   0x08002624   0x0000001c   Code   RO         2578    i.HAL_UART_Receive_IT  stm32f4xx_hal_uart.o
    0x08002640   0x08002640   0x00000080   Code   RO          289    i.HAL_UART_RxCpltCallback  stm32f4xx_it.o
    0x080026c0   0x080026c0   0x000000a0   Code   RO         2581    i.HAL_UART_Transmit  stm32f4xx_hal_uart.o
    0x08002760   0x08002760   0x00000002   Code   RO         2584    i.HAL_UART_TxCpltCallback  stm32f4xx_hal_uart.o
    0x08002762   0x08002762   0x00000002   Code   RO          290    i.HardFault_Handler  stm32f4xx_it.o
    0x08002764   0x08002764   0x00000080   Code   RO          172    i.MX_GPIO_Init      gpio.o
    0x080027e4   0x080027e4   0x000000a8   Code   RO          198    i.MX_TIM1_Init      tim.o
    0x0800288c   0x0800288c   0x00000044   Code   RO          240    i.MX_USART1_UART_Init  usart.o
    0x080028d0   0x080028d0   0x00000038   Code   RO          241    i.MX_USART2_UART_Init  usart.o
    0x08002908   0x08002908   0x00000002   Code   RO          291    i.MemManage_Handler  stm32f4xx_it.o
    0x0800290a   0x0800290a   0x00000002   Code   RO          292    i.NMI_Handler       stm32f4xx_it.o
    0x0800290c   0x0800290c   0x00000002   Code   RO          293    i.PendSV_Handler    stm32f4xx_it.o
    0x0800290e   0x0800290e   0x00000002   PAD
    0x08002910   0x08002910   0x00000020   Code   RO         3059    i.SR04_Init         sr04.o
    0x08002930   0x08002930   0x00000002   Code   RO          294    i.SVC_Handler       stm32f4xx_it.o
    0x08002932   0x08002932   0x00000004   Code   RO          295    i.SysTick_Handler   stm32f4xx_it.o
    0x08002936   0x08002936   0x00000002   PAD
    0x08002938   0x08002938   0x00000094   Code   RO           14    i.SystemClock_Config  main.o
    0x080029cc   0x080029cc   0x00000010   Code   RO         2907    i.SystemInit        system_stm32f4xx.o
    0x080029dc   0x080029dc   0x0000000c   Code   RO          296    i.TIM1_CC_IRQHandler  stm32f4xx_it.o
    0x080029e8   0x080029e8   0x000000d8   Code   RO          527    i.TIM_Base_SetConfig  stm32f4xx_hal_tim.o
    0x08002ac0   0x08002ac0   0x0000001a   Code   RO          528    i.TIM_CCxChannelCmd  stm32f4xx_hal_tim.o
    0x08002ada   0x08002ada   0x00000014   Code   RO          538    i.TIM_ETR_SetConfig  stm32f4xx_hal_tim.o
    0x08002aee   0x08002aee   0x00000010   Code   RO          539    i.TIM_ITRx_SetConfig  stm32f4xx_hal_tim.o
    0x08002afe   0x08002afe   0x00000022   Code   RO          545    i.TIM_TI1_ConfigInputStage  stm32f4xx_hal_tim.o
    0x08002b20   0x08002b20   0x00000080   Code   RO          546    i.TIM_TI1_SetConfig  stm32f4xx_hal_tim.o
    0x08002ba0   0x08002ba0   0x00000024   Code   RO          547    i.TIM_TI2_ConfigInputStage  stm32f4xx_hal_tim.o
    0x08002bc4   0x08002bc4   0x00000036   Code   RO          548    i.TIM_TI2_SetConfig  stm32f4xx_hal_tim.o
    0x08002bfa   0x08002bfa   0x00000010   Code   RO         2586    i.UART_DMAAbortOnError  stm32f4xx_hal_uart.o
    0x08002c0a   0x08002c0a   0x0000004e   Code   RO         2596    i.UART_EndRxTransfer  stm32f4xx_hal_uart.o
    0x08002c58   0x08002c58   0x000000c2   Code   RO         2598    i.UART_Receive_IT   stm32f4xx_hal_uart.o
    0x08002d1a   0x08002d1a   0x00000002   PAD
    0x08002d1c   0x08002d1c   0x0000010c   Code   RO         2599    i.UART_SetConfig    stm32f4xx_hal_uart.o
    0x08002e28   0x08002e28   0x00000036   Code   RO         2601    i.UART_Start_Receive_IT  stm32f4xx_hal_uart.o
    0x08002e5e   0x08002e5e   0x00000072   Code   RO         2602    i.UART_WaitOnFlagUntilTimeout  stm32f4xx_hal_uart.o
    0x08002ed0   0x08002ed0   0x00000020   Code   RO          297    i.USART1_IRQHandler  stm32f4xx_it.o
    0x08002ef0   0x08002ef0   0x0000000c   Code   RO          298    i.USART2_IRQHandler  stm32f4xx_it.o
    0x08002efc   0x08002efc   0x00000002   Code   RO          299    i.UsageFault_Handler  stm32f4xx_it.o
    0x08002efe   0x08002efe   0x00000030   Code   RO         3249    i.__ARM_fpclassify  m_wm.l(fpclassify.o)
    0x08002f2e   0x08002f2e   0x00000020   Code   RO         2163    i.__NVIC_SetPriority  stm32f4xx_hal_cortex.o
    0x08002f4e   0x08002f4e   0x00000002   PAD
    0x08002f50   0x08002f50   0x000000c8   Code   RO         3096    i.__hardfp_cos      m_wm.l(cos.o)
    0x08003018   0x08003018   0x000000c8   Code   RO         3108    i.__hardfp_sin      m_wm.l(sin.o)
    0x080030e0   0x080030e0   0x0000007a   Code   RO         3120    i.__hardfp_sqrt     m_wm.l(sqrt.o)
    0x0800315a   0x0800315a   0x00000006   PAD
    0x08003160   0x08003160   0x00000438   Code   RO         3186    i.__ieee754_rem_pio2  m_wm.l(rred.o)
    0x08003598   0x08003598   0x00000170   Code   RO         3169    i.__kernel_cos      m_wm.l(cos_i.o)
    0x08003708   0x08003708   0x000000f8   Code   RO         3251    i.__kernel_poly     m_wm.l(poly.o)
    0x08003800   0x08003800   0x00000130   Code   RO         3191    i.__kernel_sin      m_wm.l(sin_i.o)
    0x08003930   0x08003930   0x00000014   Code   RO         3173    i.__mathlib_dbl_infnan  m_wm.l(dunder.o)
    0x08003944   0x08003944   0x00000004   PAD
    0x08003948   0x08003948   0x00000020   Code   RO         3175    i.__mathlib_dbl_invalid  m_wm.l(dunder.o)
    0x08003968   0x08003968   0x00000020   Code   RO         3178    i.__mathlib_dbl_underflow  m_wm.l(dunder.o)
    0x08003988   0x08003988   0x0000000e   Code   RO         3268    i.__scatterload_copy  mc_w.l(handlers.o)
    0x08003996   0x08003996   0x00000002   Code   RO         3269    i.__scatterload_null  mc_w.l(handlers.o)
    0x08003998   0x08003998   0x0000000e   Code   RO         3270    i.__scatterload_zeroinit  mc_w.l(handlers.o)
    0x080039a6   0x080039a6   0x00000002   PAD
    0x080039a8   0x080039a8   0x0000000c   Code   RO         3221    i.__set_errno       mc_w.l(errno.o)
    0x080039b4   0x080039b4   0x0000000e   Code   RO         3155    i._is_digit         mc_w.l(scanf_fp.o)
    0x080039c2   0x080039c2   0x00000018   Code   RO         3245    i.fabs              m_wm.l(fabs.o)
    0x080039da   0x080039da   0x00000002   PAD
    0x080039dc   0x080039dc   0x00000058   Code   RO           15    i.main              main.o
    0x08003a34   0x08003a34   0x00000024   Code   RO         3009    i.nfc_WakeUp        nfc.o
    0x08003a58   0x08003a58   0x0000004c   Code   RO         3010    i.nfc_findCard      nfc.o
    0x08003aa4   0x08003aa4   0x00000208   Code   RO         2944    i.parseGpsBuffer    gps.o
    0x08003cac   0x08003cac   0x000002a0   Code   RO         2978    i.transformlat      gps_transform.o
    0x08003f4c   0x08003f4c   0x00000278   Code   RO         2979    i.transformlng      gps_transform.o
    0x080041c4   0x080041c4   0x000001d8   Code   RO         2980    i.wgs84togcj02      gps_transform.o
    0x0800439c   0x0800439c   0x00000010   Data   RO         2908    .constdata          system_stm32f4xx.o
    0x080043ac   0x080043ac   0x00000008   Data   RO         2909    .constdata          system_stm32f4xx.o
    0x080043b4   0x080043b4   0x00000005   Data   RO         3013    .constdata          nfc.o
    0x080043b9   0x080043b9   0x00000023   Data   RO         3014    .constdata          nfc.o
    0x080043dc   0x080043dc   0x00000006   Data   RO         3015    .constdata          nfc.o
    0x080043e2   0x080043e2   0x00000006   PAD
    0x080043e8   0x080043e8   0x00000030   Data   RO         3170    .constdata          m_wm.l(cos_i.o)
    0x08004418   0x08004418   0x000000c8   Data   RO         3188    .constdata          m_wm.l(rred.o)
    0x080044e0   0x080044e0   0x00000028   Data   RO         3192    .constdata          m_wm.l(sin_i.o)
    0x08004508   0x08004508   0x00000040   Data   RO         3264    .constdata          mc_w.l(ctype_c.o)
    0x08004548   0x08004548   0x00000020   Data   RO         3266    Region$$Table       anon$$obj.o


    Execution Region RW_IRAM1 (Exec base: 0x20000000, Load base: 0x08004568, Size: 0x000006d0, Max: 0x0001c000, ABSOLUTE)

    Exec Addr    Load Addr    Size         Type   Attr      Idx    E Section Name        Object

    0x20000000   0x08004568   0x00000004   Data   RW          302    .data               stm32f4xx_it.o
    0x20000004   0x0800456c   0x0000000c   Data   RW         2312    .data               stm32f4xx_hal.o
    0x20000010   0x08004578   0x00000004   Data   RW         2910    .data               system_stm32f4xx.o
    0x20000014   0x0800457c   0x00000001   Data   RW         2947    .data               gps.o
    0x20000015   0x0800457d   0x00000003   PAD
    0x20000018   0x08004580   0x00000008   Data   RW         2948    .data               gps.o
    0x20000020   0x08004588   0x00000001   Data   RW         3017    .data               nfc.o
    0x20000021   0x08004589   0x00000003   PAD
    0x20000024   0x0800458c   0x00000004   Data   RW         3222    .data               mc_w.l(errno.o)
    0x20000028        -       0x00000048   Zero   RW          199    .bss                tim.o
    0x20000070        -       0x00000090   Zero   RW          242    .bss                usart.o
    0x20000100        -       0x000000c8   Zero   RW         2945    .bss                gps.o
    0x200001c8        -       0x0000008c   Zero   RW         2946    .bss                gps.o
    0x20000254        -       0x00000070   Zero   RW         3012    .bss                nfc.o
    0x200002c4        -       0x0000000c   Zero   RW         3060    .bss                sr04.o
    0x200002d0        -       0x00000400   Zero   RW            1    STACK               startup_stm32f407xx.o


    Execution Region RW_IRAM2 (Exec base: 0x2001c000, Load base: 0x08004590, Size: 0x00000000, Max: 0x00004000, ABSOLUTE)

    **** No section assigned to this execution region ****


==============================================================================

Image component sizes


      Code (inc. data)   RO Data    RW Data    ZI Data      Debug   Object Name

       128          8          0          0          0        987   gpio.o
       520         36          0          9        340       2726   gps.o
      1776        222          0          0          0       2353   gps_transform.o
       240         18          0          0          0     693638   main.o
       112         30         46          1        112       2486   nfc.o
       296         28          0          0         12       2644   sr04.o
        36          8        392          0       1024        848   startup_stm32f407xx.o
       180         28          0         12          0       9517   stm32f4xx_hal.o
       198         14          0          0          0      33895   stm32f4xx_hal_cortex.o
       182          0          0          0          0       2135   stm32f4xx_hal_dma.o
       506         46          0          0          0       2228   stm32f4xx_hal_gpio.o
        48          6          0          0          0        882   stm32f4xx_hal_msp.o
      1344         72          0          0          0       5312   stm32f4xx_hal_rcc.o
      1992        102          0          0          0      17221   stm32f4xx_hal_tim.o
       148         28          0          0          0       2537   stm32f4xx_hal_tim_ex.o
      1718         16          0          0          0      11961   stm32f4xx_hal_uart.o
       320         74          0          4          0       7998   stm32f4xx_it.o
        16          4         24          4          0       1163   system_stm32f4xx.o
       288         20          0          0         72       1926   tim.o
       324         40          0          0        144       2531   usart.o

    ----------------------------------------------------------------------
     10392        800        500         36       1704     804988   Object Totals
         0          0         32          0          0          0   (incl. Generated)
        20          0          6          6          0          0   (incl. Padding)

    ----------------------------------------------------------------------

      Code (inc. data)   RO Data    RW Data    ZI Data      Debug   Library Member Name

       200         20          0          0          0        164   cos.o
       368         46         48          0          0        200   cos_i.o
        84         16          0          0          0        372   dunder.o
        24          0          0          0          0        124   fabs.o
        48          0          0          0          0        124   fpclassify.o
       248          0          0          0          0        152   poly.o
      1080        142        200          0          0        188   rred.o
       200         20          0          0          0        164   sin.o
       304         24         40          0          0        208   sin_i.o
       122          0          0          0          0        148   sqrt.o
        56          8          0          0          0         84   __0sscanf.o
       816          6          0          0          0        112   _scanf.o
        64          0          0          0          0         84   _sgetc.o
        40          6         64          0          0         68   ctype_c.o
         0          0          0          0          0          0   entry.o
         0          0          0          0          0          0   entry10a.o
         0          0          0          0          0          0   entry11a.o
         4          0          0          0          0          0   entry12b.o
         8          4          0          0          0          0   entry2.o
         4          0          0          0          0          0   entry5.o
         0          0          0          0          0          0   entry7b.o
         0          0          0          0          0          0   entry8b.o
         8          4          0          0          0          0   entry9a.o
        12          6          0          4          0         68   errno.o
        30          0          0          0          0          0   handlers.o
        36          8          0          0          0         68   init.o
        10          0          0          0          0         68   isspace_c.o
         0          0          0          0          0          0   iusefp.o
        30          0          0          0          0         68   llshl.o
        36          0          0          0          0         68   llsshr.o
        32          0          0          0          0         68   llushr.o
        26          0          0          0          0         80   memcmp.o
        36          0          0          0          0         68   memcpya.o
        36          0          0          0          0        108   memseta.o
        40          8          0          0          0         84   scanf_char.o
       878         12          0          0          0        216   scanf_fp.o
         8          0          0          0          0         68   siabs.o
        36          0          0          0          0         80   strstr.o
        98          0          0          0          0         92   uldiv.o
        56          0          0          0          0         88   d2f.o
       334          0          0          0          0        148   dadd.o
       222          0          0          0          0        100   ddiv.o
       186          0          0          0          0        176   depilogue.o
        62          0          0          0          0         80   dfixi.o
        34          0          0          0          0         76   dflti.o
        26          0          0          0          0         76   dfltui.o
        24          0          0          0          0         76   dfltul.o
       228          0          0          0          0         96   dmul.o
       162          0          0          0          0        100   dsqrt.o
        38          0          0          0          0         68   f2d.o
       110          0          0          0          0        168   fepilogue.o

    ----------------------------------------------------------------------
      6524        330        352          4          0       4648   Library Totals
        20          0          0          0          0          0   (incl. Padding)

    ----------------------------------------------------------------------

      Code (inc. data)   RO Data    RW Data    ZI Data      Debug   Library Name

      2678        268        288          0          0       1844   m_wm.l
      2344         62         64          4          0       1552   mc_w.l
      1482          0          0          0          0       1252   mf_w.l

    ----------------------------------------------------------------------
      6524        330        352          4          0       4648   Library Totals

    ----------------------------------------------------------------------

==============================================================================


      Code (inc. data)   RO Data    RW Data    ZI Data      Debug   

     16916       1130        852         40       1704     799136   Grand Totals
     16916       1130        852         40       1704     799136   ELF Image Totals
     16916       1130        852         40          0          0   ROM Totals

==============================================================================

    Total RO  Size (Code + RO Data)                17768 (  17.35kB)
    Total RW  Size (RW Data + ZI Data)              1744 (   1.70kB)
    Total ROM Size (Code + RO Data + RW Data)      17808 (  17.39kB)

==============================================================================

