Component: ARM Compiler 5.06 update 7 (build 960) Tool: armlink [4d3601]

==============================================================================

Section Cross References

    startup_stm32f407xx.o(RESET) refers to startup_stm32f407xx.o(STACK) for __initial_sp
    startup_stm32f407xx.o(RESET) refers to startup_stm32f407xx.o(.text) for Reset_Handler
    startup_stm32f407xx.o(RESET) refers to stm32f4xx_it.o(i.NMI_Handler) for NMI_Handler
    startup_stm32f407xx.o(RESET) refers to stm32f4xx_it.o(i.HardFault_Handler) for HardFault_Handler
    startup_stm32f407xx.o(RESET) refers to stm32f4xx_it.o(i.MemManage_Handler) for MemManage_Handler
    startup_stm32f407xx.o(RESET) refers to stm32f4xx_it.o(i.BusFault_Handler) for BusFault_Handler
    startup_stm32f407xx.o(RESET) refers to stm32f4xx_it.o(i.UsageFault_Handler) for UsageFault_Handler
    startup_stm32f407xx.o(RESET) refers to stm32f4xx_it.o(i.SVC_Handler) for SVC_Handler
    startup_stm32f407xx.o(RESET) refers to stm32f4xx_it.o(i.DebugMon_Handler) for DebugMon_Handler
    startup_stm32f407xx.o(RESET) refers to stm32f4xx_it.o(i.PendSV_Handler) for PendSV_Handler
    startup_stm32f407xx.o(RESET) refers to stm32f4xx_it.o(i.SysTick_Handler) for SysTick_Handler
    startup_stm32f407xx.o(RESET) refers to stm32f4xx_it.o(i.TIM1_CC_IRQHandler) for TIM1_CC_IRQHandler
    startup_stm32f407xx.o(RESET) refers to stm32f4xx_it.o(i.USART1_IRQHandler) for USART1_IRQHandler
    startup_stm32f407xx.o(RESET) refers to stm32f4xx_it.o(i.USART2_IRQHandler) for USART2_IRQHandler
    startup_stm32f407xx.o(RESET) refers to stm32f4xx_it.o(i.USART3_IRQHandler) for USART3_IRQHandler
    startup_stm32f407xx.o(.text) refers to system_stm32f4xx.o(i.SystemInit) for SystemInit
    startup_stm32f407xx.o(.text) refers to entry.o(.ARM.Collect$$$$00000000) for __main
    main.o(i.SystemClock_Config) refers to memseta.o(.text) for __aeabi_memclr4
    main.o(i.SystemClock_Config) refers to stm32f4xx_hal_rcc.o(i.HAL_RCC_OscConfig) for HAL_RCC_OscConfig
    main.o(i.SystemClock_Config) refers to stm32f4xx_hal_rcc.o(i.HAL_RCC_ClockConfig) for HAL_RCC_ClockConfig
    main.o(i.main) refers to stm32f4xx_hal.o(i.HAL_Init) for HAL_Init
    main.o(i.main) refers to main.o(i.SystemClock_Config) for SystemClock_Config
    main.o(i.main) refers to gpio.o(i.MX_GPIO_Init) for MX_GPIO_Init
    main.o(i.main) refers to usart.o(i.MX_USART1_UART_Init) for MX_USART1_UART_Init
    main.o(i.main) refers to usart.o(i.MX_USART2_UART_Init) for MX_USART2_UART_Init
    main.o(i.main) refers to tim.o(i.MX_TIM1_Init) for MX_TIM1_Init
    main.o(i.main) refers to usart.o(i.MX_USART3_UART_Init) for MX_USART3_UART_Init
    main.o(i.main) refers to stm32f4xx_hal.o(i.HAL_Delay) for HAL_Delay
    main.o(i.main) refers to 4g.o(i.Net4GInit) for Net4GInit
    main.o(i.main) refers to 4g.o(i.GPS_Send) for GPS_Send
    gpio.o(i.MX_GPIO_Init) refers to memseta.o(.text) for __aeabi_memclr4
    gpio.o(i.MX_GPIO_Init) refers to stm32f4xx_hal_gpio.o(i.HAL_GPIO_WritePin) for HAL_GPIO_WritePin
    gpio.o(i.MX_GPIO_Init) refers to stm32f4xx_hal_gpio.o(i.HAL_GPIO_Init) for HAL_GPIO_Init
    tim.o(i.HAL_TIM_Base_MspDeInit) refers to stm32f4xx_hal_gpio.o(i.HAL_GPIO_DeInit) for HAL_GPIO_DeInit
    tim.o(i.HAL_TIM_Base_MspDeInit) refers to stm32f4xx_hal_cortex.o(i.HAL_NVIC_DisableIRQ) for HAL_NVIC_DisableIRQ
    tim.o(i.HAL_TIM_Base_MspInit) refers to memseta.o(.text) for __aeabi_memclr4
    tim.o(i.HAL_TIM_Base_MspInit) refers to stm32f4xx_hal_gpio.o(i.HAL_GPIO_Init) for HAL_GPIO_Init
    tim.o(i.HAL_TIM_Base_MspInit) refers to stm32f4xx_hal_cortex.o(i.HAL_NVIC_SetPriority) for HAL_NVIC_SetPriority
    tim.o(i.HAL_TIM_Base_MspInit) refers to stm32f4xx_hal_cortex.o(i.HAL_NVIC_EnableIRQ) for HAL_NVIC_EnableIRQ
    tim.o(i.MX_TIM1_Init) refers to stm32f4xx_hal_tim.o(i.HAL_TIM_Base_Init) for HAL_TIM_Base_Init
    tim.o(i.MX_TIM1_Init) refers to main.o(i.Error_Handler) for Error_Handler
    tim.o(i.MX_TIM1_Init) refers to stm32f4xx_hal_tim.o(i.HAL_TIM_ConfigClockSource) for HAL_TIM_ConfigClockSource
    tim.o(i.MX_TIM1_Init) refers to stm32f4xx_hal_tim.o(i.HAL_TIM_IC_Init) for HAL_TIM_IC_Init
    tim.o(i.MX_TIM1_Init) refers to stm32f4xx_hal_tim_ex.o(i.HAL_TIMEx_MasterConfigSynchronization) for HAL_TIMEx_MasterConfigSynchronization
    tim.o(i.MX_TIM1_Init) refers to stm32f4xx_hal_tim.o(i.HAL_TIM_IC_ConfigChannel) for HAL_TIM_IC_ConfigChannel
    tim.o(i.MX_TIM1_Init) refers to tim.o(.bss) for .bss
    usart.o(i.HAL_UART_MspDeInit) refers to stm32f4xx_hal_gpio.o(i.HAL_GPIO_DeInit) for HAL_GPIO_DeInit
    usart.o(i.HAL_UART_MspDeInit) refers to stm32f4xx_hal_cortex.o(i.HAL_NVIC_DisableIRQ) for HAL_NVIC_DisableIRQ
    usart.o(i.HAL_UART_MspInit) refers to memseta.o(.text) for __aeabi_memclr4
    usart.o(i.HAL_UART_MspInit) refers to stm32f4xx_hal_gpio.o(i.HAL_GPIO_Init) for HAL_GPIO_Init
    usart.o(i.HAL_UART_MspInit) refers to stm32f4xx_hal_cortex.o(i.HAL_NVIC_SetPriority) for HAL_NVIC_SetPriority
[...]
    Removing atk_idm750c.o(i.atk_idm750c_uart_pack_parameter), (64 bytes).
    Removing atk_idm750c.o(i.atk_idm750c_uart_parameter), (248 bytes).
    Removing atk_idm750c.o(i.atk_idm750c_user), (68 bytes).
    Removing atk_idm750c.o(i.dtu_urc_atk_error), (40 bytes).
    Removing atk_idm750c.o(i.dtu_urc_error_csq), (40 bytes).
    Removing atk_idm750c.o(i.dtu_urc_error_gprs), (40 bytes).
    Removing atk_idm750c.o(i.dtu_urc_error_mqtt), (40 bytes).
    Removing atk_idm750c.o(i.dtu_urc_error_sim), (40 bytes).
    Removing atk_idm750c.o(.bss), (512 bytes).
    Removing atk_idm750c.o(.conststring), (122 bytes).
    Removing atk_idm750c.o(.data), (48 bytes).
    Removing atk_idm750c_uart.o(.rev16_text), (4 bytes).
    Removing atk_idm750c_uart.o(.revsh_text), (4 bytes).
    Removing atk_idm750c_uart.o(.rrx_text), (6 bytes).
    Removing atk_idm750c_uart.o(i.atk_idm750c_uart_init), (40 bytes).
    Removing atk_idm750c_uart.o(i.atk_idm750c_uart_rx_get_frame_len), (24 bytes).
    Removing checkcard.o(.rev16_text), (4 bytes).
    Removing checkcard.o(.revsh_text), (4 bytes).
    Removing checkcard.o(.rrx_text), (6 bytes).
    Removing checkcard.o(i.cardWarning), (152 bytes).
    Removing checkcard.o(i.intoBus), (132 bytes).
    Removing checkcard.o(i.outofBus), (136 bytes).
    Removing checkcard.o(.data), (12 bytes).
    Removing 4g.o(.rev16_text), (4 bytes).
    Removing 4g.o(.revsh_text), (4 bytes).
    Removing 4g.o(.rrx_text), (6 bytes).
    Removing 4g.o(i.DangerousDriving_Send), (32 bytes).
    Removing 4g.o(i.studentID_Send), (92 bytes).
    Removing dflti.o(.text), (34 bytes).
    Removing f2d.o(.text), (38 bytes).
    Removing d2f.o(.text), (56 bytes).
    Removing fepilogue.o(.text), (110 bytes).
    Removing dneg.o(.text), (6 bytes).
    Removing dsqrt.o(.text), (162 bytes).
    Removing dfltul.o(.text), (24 bytes).
    Removing cdcmple.o(.text), (48 bytes).
    Removing dfltui.o(.text), (26 bytes).
    Removing dfixi.o(.text), (62 bytes).

535 unused section(s) (total 41821 bytes) removed from the image.

==============================================================================

Image Symbol Table

    Local Symbols

    Symbol Name                              Value     Ov Type        Size  Object(Section)

    ../Core/Src/gpio.c                       0x00000000   Number         0  gpio.o ABSOLUTE
    ../Core/Src/main.c                       0x00000000   Number         0  main.o ABSOLUTE
    ../Core/Src/stm32f4xx_hal_msp.c          0x00000000   Number         0  stm32f4xx_hal_msp.o ABSOLUTE
    ../Core/Src/stm32f4xx_it.c               0x00000000   Number         0  stm32f4xx_it.o ABSOLUTE
    ../Core/Src/system_stm32f4xx.c           0x00000000   Number         0  system_stm32f4xx.o ABSOLUTE
    ../Core/Src/tim.c                        0x00000000   Number         0  tim.o ABSOLUTE
    ../Core/Src/usart.c                      0x00000000   Number         0  usart.o ABSOLUTE
    ../Drivers/STM32F4xx_HAL_Driver/Src/stm32f4xx_hal.c 0x00000000   Number         0  stm32f4xx_hal.o ABSOLUTE
    ../Drivers/STM32F4xx_HAL_Driver/Src/stm32f4xx_hal_cortex.c 0x00000000   Number         0  stm32f4xx_hal_cortex.o ABSOLUTE
    ../Drivers/STM32F4xx_HAL_Driver/Src/stm32f4xx_hal_dma.c 0x00000000   Number         0  stm32f4xx_hal_dma.o ABSOLUTE
    ../Drivers/STM32F4xx_HAL_Driver/Src/stm32f4xx_hal_dma_ex.c 0x00000000   Number         0  stm32f4xx_hal_dma_ex.o ABSOLUTE
    ../Drivers/STM32F4xx_HAL_Driver/Src/stm32f4xx_hal_exti.c 0x00000000   Number         0  stm32f4xx_hal_exti.o ABSOLUTE
    ../Drivers/STM32F4xx_HAL_Driver/Src/stm32f4xx_hal_flash.c 0x00000000   Number         0  stm32f4xx_hal_flash.o ABSOLUTE
    ../Drivers/STM32F4xx_HAL_Driver/Src/stm32f4xx_hal_flash_ex.c 0x00000000   Number         0  stm32f4xx_hal_flash_ex.o ABSOLUTE
    ../Drivers/STM32F4xx_HAL_Driver/Src/stm32f4xx_hal_flash_ramfunc.c 0x00000000   Number         0  stm32f4xx_hal_flash_ramfunc.o ABSOLUTE
    ../Drivers/STM32F4xx_HAL_Driver/Src/stm32f4xx_hal_gpio.c 0x00000000   Number         0  stm32f4xx_hal_gpio.o ABSOLUTE
    ../Drivers/STM32F4xx_HAL_Driver/Src/stm32f4xx_hal_pwr.c 0x00000000   Number         0  stm32f4xx_hal_pwr.o ABSOLUTE
    ../Drivers/STM32F4xx_HAL_Driver/Src/stm32f4xx_hal_pwr_ex.c 0x00000000   Number         0  stm32f4xx_hal_pwr_ex.o ABSOLUTE
    ../Drivers/STM32F4xx_HAL_Driver/Src/stm32f4xx_hal_rcc.c 0x00000000   Number         0  stm32f4xx_hal_rcc.o ABSOLUTE
    ../Drivers/STM32F4xx_HAL_Driver/Src/stm32f4xx_hal_rcc_ex.c 0x00000000   Number         0  stm32f4xx_hal_rcc_ex.o ABSOLUTE
    ../Drivers/STM32F4xx_HAL_Driver/Src/stm32f4xx_hal_tim.c 0x00000000   Number         0  stm32f4xx_hal_tim.o ABSOLUTE
    ../Drivers/STM32F4xx_HAL_Driver/Src/stm32f4xx_hal_tim_ex.c 0x00000000   Number         0  stm32f4xx_hal_tim_ex.o ABSOLUTE
    ../Drivers/STM32F4xx_HAL_Driver/Src/stm32f4xx_hal_uart.c 0x00000000   Number         0  stm32f4xx_hal_uart.o ABSOLUTE
    ../clib/microlib/ctype/ctype.c           0x00000000   Number         0  ctype_c.o ABSOLUTE
    ../clib/microlib/ctype/ctype.c           0x00000000   Number         0  isspace_c.o ABSOLUTE
    ../clib/microlib/division.c              0x00000000   Number         0  uidiv.o ABSOLUTE
    ../clib/microlib/division.c              0x00000000   Number         0  uldiv.o ABSOLUTE
    ../clib/microlib/errno.c                 0x00000000   Number         0  errno.o ABSOLUTE
    ../clib/microlib/init/entry.s            0x00000000   Number         0  entry12a.o ABSOLUTE
    ../clib/microlib/init/entry.s            0x00000000   Number         0  entry10b.o ABSOLUTE
    ../clib/microlib/init/entry.s            0x00000000   Number         0  entry12b.o ABSOLUTE
    ../clib/microlib/init/entry.s            0x00000000   Number         0  entry11b.o ABSOLUTE
    ../clib/microlib/init/entry.s            0x00000000   Number         0  entry11a.o ABSOLUTE
    ../clib/microlib/init/entry.s            0x00000000   Number         0  entry.o ABSOLUTE
    ../clib/microlib/init/entry.s            0x00000000   Number         0  entry2.o ABSOLUTE
    ../clib/microlib/init/entry.s            0x00000000   Number         0  entry5.o ABSOLUTE
    ../clib/microlib/init/entry.s            0x00000000   Number         0  entry7a.o ABSOLUTE
    ../clib/microlib/init/entry.s            0x00000000   Number         0  entry7b.o ABSOLUTE
    ../clib/microlib/init/entry.s            0x00000000   Number         0  entry8a.o ABSOLUTE
    ../clib/microlib/init/entry.s            0x00000000   Number         0  entry8b.o ABSOLUTE
    ../clib/microlib/init/entry.s            0x00000000   Number         0  entry9a.o ABSOLUTE
    ../clib/microlib/init/entry.s            0x00000000   Number         0  entry9b.o ABSOLUTE
    ../clib/microlib/init/entry.s            0x00000000   Number         0  entry10a.o ABSOLUTE
    ../clib/microlib/longlong.c              0x00000000   Number         0  llsshr.o ABSOLUTE
    ../clib/microlib/longlong.c              0x00000000   Number         0  llushr.o ABSOLUTE
    ../clib/microlib/longlong.c              0x00000000   Number         0  llshl.o ABSOLUTE
    ../clib/microlib/printf/printf.c         0x00000000   Number         0  printfa.o ABSOLUTE
    ../clib/microlib/printf/printf.c         0x00000000   Number         0  printf0.o ABSOLUTE
    ../clib/microlib/printf/printf.c         0x00000000   Number         0  printf8.o ABSOLUTE
    ../clib/microlib/printf/printf.c         0x00000000   Number         0  printf7.o ABSOLUTE
    ../clib/microlib/printf/printf.c         0x00000000   Number         0  printfb.o ABSOLUTE
    ../clib/microlib/printf/printf.c         0x00000000   Number         0  printf6.o ABSOLUTE
    ../clib/microlib/printf/printf.c         0x00000000   Number         0  printf5.o ABSOLUTE
    ../clib/microlib/printf/printf.c         0x00000000   Number         0  printf4.o ABSOLUTE
    ../clib/microlib/printf/printf.c         0x00000000   Number         0  printf3.o ABSOLUTE
    ../clib/microlib/printf/printf.c         0x00000000   Number         0  printf2.o ABSOLUTE
    ../clib/microlib/printf/printf.c         0x00000000   Number         0  printf1.o ABSOLUTE
    ../clib/microlib/printf/stubs.s          0x00000000   Number         0  stubs.o ABSOLUTE
    ../clib/microlib/stdio/fputc.c           0x00000000   Number         0  fputc.o ABSOLUTE
    ../clib/microlib/stdio/semi.s            0x00000000   Number         0  semi.o ABSOLUTE
    ../clib/microlib/stdio/streams.c         0x00000000   Number         0  stdout.o ABSOLUTE
    ../clib/microlib/stdlib/abs.c            0x00000000   Number         0  siabs.o ABSOLUTE
    ../clib/microlib/stdlib/abs.c            0x00000000   Number         0  ilabs.o ABSOLUTE
    ../clib/microlib/string/memcmp.c         0x00000000   Number         0  memcmp.o ABSOLUTE
    ../clib/microlib/string/memcpy.c         0x00000000   Number         0  memcpya.o ABSOLUTE
    ../clib/microlib/string/memcpy.c         0x00000000   Number         0  memcpyb.o ABSOLUTE
    ../clib/microlib/string/memset.c         0x00000000   Number         0  memseta.o ABSOLUTE
    ../clib/microlib/string/strlen.c         0x00000000   Number         0  strlen.o ABSOLUTE
    ../clib/microlib/string/strstr.c         0x00000000   Number         0  strstr.o ABSOLUTE
    ../clib/microlib/stubs.s                 0x00000000   Number         0  iusefp.o ABSOLUTE
    ../clib/microlib/stubs.s                 0x00000000   Number         0  iusesemip.o ABSOLUTE
    ../clib/scanf.c                          0x00000000   Number         0  scanf_char.o ABSOLUTE
    ../clib/scanf.c                          0x00000000   Number         0  _sgetc.o ABSOLUTE
    ../clib/scanf.c                          0x00000000   Number         0  __0sscanf.o ABSOLUTE
    ../clib/scanf.c                          0x00000000   Number         0  scanf_fp.o ABSOLUTE
    ../clib/scanf.c                          0x00000000   Number         0  _scanf.o ABSOLUTE
    ../fplib/microlib/d2f.c                  0x00000000   Number         0  d2f.o ABSOLUTE
    ../fplib/microlib/f2d.c                  0x00000000   Number         0  f2d.o ABSOLUTE
    ../fplib/microlib/fpadd.c                0x00000000   Number         0  dadd.o ABSOLUTE
    ../fplib/microlib/fpdiv.c                0x00000000   Number         0  ddiv.o ABSOLUTE
    ../fplib/microlib/fpepilogue.c           0x00000000   Number         0  fepilogue.o ABSOLUTE
    ../fplib/microlib/fpepilogue.c           0x00000000   Number         0  depilogue.o ABSOLUTE
    ../fplib/microlib/fpfix.c                0x00000000   Number         0  dfixul.o ABSOLUTE
    ../fplib/microlib/fpfix.c                0x00000000   Number         0  dfixi.o ABSOLUTE
    ../fplib/microlib/fpflt.c                0x00000000   Number         0  dfltul.o ABSOLUTE
    ../fplib/microlib/fpflt.c                0x00000000   Number         0  dfltui.o ABSOLUTE
    ../fplib/microlib/fpflt.c                0x00000000   Number         0  dflti.o ABSOLUTE
    ../fplib/microlib/fpmul.c                0x00000000   Number         0  dmul.o ABSOLUTE
    ../fplib/microlib/fpneg.c                0x00000000   Number         0  dneg.o ABSOLUTE
    ../fplib/microlib/fpsqrt.c               0x00000000   Number         0  dsqrt.o ABSOLUTE
    ../mathlib/cos.c                         0x00000000   Number         0  cos.o ABSOLUTE
    ../mathlib/cos.c                         0x00000000   Number         0  cos_x.o ABSOLUTE
    ../mathlib/cos_i.c                       0x00000000   Number         0  cos_i.o ABSOLUTE
    ../mathlib/dunder.c                      0x00000000   Number         0  dunder.o ABSOLUTE
    ../mathlib/fabs.c                        0x00000000   Number         0  fabs.o ABSOLUTE
    ../mathlib/fpclassify.c                  0x00000000   Number         0  fpclassify.o ABSOLUTE
    ../mathlib/poly.c                        0x00000000   Number         0  poly.o ABSOLUTE
    ../mathlib/rred.c                        0x00000000   Number         0  rred.o ABSOLUTE
    ../mathlib/sin.c                         0x00000000   Number         0  sin.o ABSOLUTE
    ../mathlib/sin.c                         0x00000000   Number         0  sin_x.o ABSOLUTE
    ../mathlib/sin_i.c                       0x00000000   Number         0  sin_i_x.o ABSOLUTE
    ../mathlib/sin_i.c                       0x00000000   Number         0  sin_i.o ABSOLUTE
    ../mathlib/sqrt.c                        0x00000000   Number         0  sqrt_x.o ABSOLUTE
    ../mathlib/sqrt.c                        0x00000000   Number         0  sqrt.o ABSOLUTE
    ..\Core\Src\gpio.c                       0x00000000   Number         0  gpio.o ABSOLUTE
    ..\Core\Src\main.c                       0x00000000   Number         0  main.o ABSOLUTE
    ..\Core\Src\stm32f4xx_hal_msp.c          0x00000000   Number         0  stm32f4xx_hal_msp.o ABSOLUTE
    ..\Core\Src\stm32f4xx_it.c               0x00000000   Number         0  stm32f4xx_it.o ABSOLUTE
    ..\Core\Src\system_stm32f4xx.c           0x00000000   Number         0  system_stm32f4xx.o ABSOLUTE
    ..\Core\Src\tim.c                        0x00000000   Number         0  tim.o ABSOLUTE
    ..\Core\Src\usart.c                      0x00000000   Number         0  usart.o ABSOLUTE
    ..\Drivers\STM32F4xx_HAL_Driver\Src\stm32f4xx_hal.c 0x00000000   Number         0  stm32f4xx_hal.o ABSOLUTE
    ..\Drivers\STM32F4xx_HAL_Driver\Src\stm32f4xx_hal_cortex.c 0x00000000   Number         0  stm32f4xx_hal_cortex.o ABSOLUTE
    ..\Drivers\STM32F4xx_HAL_Driver\Src\stm32f4xx_hal_dma.c 0x00000000   Number         0  stm32f4xx_hal_dma.o ABSOLUTE
    ..\Drivers\STM32F4xx_HAL_Driver\Src\stm32f4xx_hal_dma_ex.c 0x00000000   Number         0  stm32f4xx_hal_dma_ex.o ABSOLUTE
    ..\Drivers\STM32F4xx_HAL_Driver\Src\stm32f4xx_hal_exti.c 0x00000000   Number         0  stm32f4xx_hal_exti.o ABSOLUTE
    ..\Drivers\STM32F4xx_HAL_Driver\Src\stm32f4xx_hal_flash.c 0x00000000   Number         0  stm32f4xx_hal_flash.o ABSOLUTE
    ..\Drivers\STM32F4xx_HAL_Driver\Src\stm32f4xx_hal_flash_ex.c 0x00000000   Number         0  stm32f4xx_hal_flash_ex.o ABSOLUTE
    ..\Drivers\STM32F4xx_HAL_Driver\Src\stm32f4xx_hal_flash_ramfunc.c 0x00000000   Number         0  stm32f4xx_hal_flash_ramfunc.o ABSOLUTE
    ..\Drivers\STM32F4xx_HAL_Driver\Src\stm32f4xx_hal_gpio.c 0x00000000   Number         0  stm32f4xx_hal_gpio.o ABSOLUTE
    ..\Drivers\STM32F4xx_HAL_Driver\Src\stm32f4xx_hal_pwr.c 0x00000000   Number         0  stm32f4xx_hal_pwr.o ABSOLUTE
    ..\Drivers\STM32F4xx_HAL_Driver\Src\stm32f4xx_hal_pwr_ex.c 0x00000000   Number         0  stm32f4xx_hal_pwr_ex.o ABSOLUTE
    ..\Drivers\STM32F4xx_HAL_Driver\Src\stm32f4xx_hal_rcc.c 0x00000000   Number         0  stm32f4xx_hal_rcc.o ABSOLUTE
    ..\Drivers\STM32F4xx_HAL_Driver\Src\stm32f4xx_hal_rcc_ex.c 0x00000000   Number         0  stm32f4xx_hal_rcc_ex.o ABSOLUTE
    ..\Drivers\STM32F4xx_HAL_Driver\Src\stm32f4xx_hal_tim.c 0x00000000   Number         0  stm32f4xx_hal_tim.o ABSOLUTE
    ..\Drivers\STM32F4xx_HAL_Driver\Src\stm32f4xx_hal_tim_ex.c 0x00000000   Number         0  stm32f4xx_hal_tim_ex.o ABSOLUTE
    ..\Drivers\STM32F4xx_HAL_Driver\Src\stm32f4xx_hal_uart.c 0x00000000   Number         0  stm32f4xx_hal_uart.o ABSOLUTE
    ..\Hardware\4G.c                         0x00000000   Number         0  4g.o ABSOLUTE
    ..\Hardware\CheckCard.c                  0x00000000   Number         0  checkcard.o ABSOLUTE
    ..\Hardware\GPS.c                        0x00000000   Number         0  gps.o ABSOLUTE
    ..\Hardware\GPS_Transform.c              0x00000000   Number         0  gps_transform.o ABSOLUTE
    ..\Hardware\SR04.c                       0x00000000   Number         0  sr04.o ABSOLUTE
    ..\Hardware\atk_idm750c.c                0x00000000   Number         0  atk_idm750c.o ABSOLUTE
    ..\Hardware\atk_idm750c_uart.c           0x00000000   Number         0  atk_idm750c_uart.o ABSOLUTE
    ..\Hardware\nfc.c                        0x00000000   Number         0  nfc.o ABSOLUTE
    ..\\Hardware\\4G.c                       0x00000000   Number         0  4g.o ABSOLUTE
    ..\\Hardware\\CheckCard.c                0x00000000   Number         0  checkcard.o ABSOLUTE
    ..\\Hardware\\GPS.c                      0x00000000   Number         0  gps.o ABSOLUTE
    ..\\Hardware\\SR04.c                     0x00000000   Number         0  sr04.o ABSOLUTE
    ..\\Hardware\\atk_idm750c.c              0x00000000   Number         0  atk_idm750c.o ABSOLUTE
    ..\\Hardware\\atk_idm750c_uart.c         0x00000000   Number         0  atk_idm750c_uart.o ABSOLUTE
    ..\\Hardware\\nfc.c                      0x00000000   Number         0  nfc.o ABSOLUTE
    cdcmple.s                                0x00000000   Number         0  cdcmple.o ABSOLUTE
    cdrcmple.s                               0x00000000   Number         0  cdrcmple.o ABSOLUTE
    dc.s                                     0x00000000   Number         0  dc.o ABSOLUTE
    handlers.s                               0x00000000   Number         0  handlers.o ABSOLUTE
    init.s                                   0x00000000   Number         0  init.o ABSOLUTE
    startup_stm32f407xx.s                    0x00000000   Number         0  startup_stm32f407xx.o ABSOLUTE
    RESET                                    0x08000000   Section      392  startup_stm32f407xx.o(RESET)
    .ARM.Collect$$$$00000000                 0x08000188   Section        0  entry.o(.ARM.Collect$$$$00000000)
    .ARM.Collect$$$$00000001                 0x08000188   Section        4  entry2.o(.ARM.Collect$$$$00000001)
    .ARM.Collect$$$$00000004                 0x0800018c   Section        4  entry5.o(.ARM.Collect$$$$00000004)
    .ARM.Collect$$$$00000008                 0x08000190   Section        0  entry7b.o(.ARM.Collect$$$$00000008)
    .ARM.Collect$$$$0000000A                 0x08000190   Section        0  entry8b.o(.ARM.Collect$$$$0000000A)
    .ARM.Collect$$$$0000000B                 0x08000190   Section        8  entry9a.o(.ARM.Collect$$$$0000000B)
    .ARM.Collect$$$$0000000E                 0x08000198   Section        4  entry12b.o(.ARM.Collect$$$$0000000E)
    .ARM.Collect$$$$0000000F                 0x0800019c   Section        0  entry10a.o(.ARM.Collect$$$$0000000F)
    .ARM.Collect$$$$00000011                 0x0800019c   Section        0  entry11a.o(.ARM.Collect$$$$00000011)
    .ARM.Collect$$$$00002712                 0x0800019c   Section        4  entry2.o(.ARM.Collect$$$$00002712)
    __lit__00000000                          0x0800019c   Data           4  entry2.o(.ARM.Collect$$$$00002712)
    .text                                    0x080001a0   Section       36  startup_stm32f407xx.o(.text)
    $v0                                      0x080001a0   Number         0  startup_stm32f407xx.o(.text)
    .text                                    0x080001c4   Section        0  uldiv.o(.text)
    .text                                    0x08000226   Section        0  memcpya.o(.text)
    .text                                    0x0800024a   Section        0  memseta.o(.text)
    .text                                    0x0800026e   Section        0  strstr.o(.text)
    .text                                    0x08000292   Section        0  strlen.o(.text)
    .text                                    0x080002a0   Section        0  memcmp.o(.text)
    .text                                    0x080002ba   Section        0  dadd.o(.text)
    .text                                    0x08000408   Section        0  dmul.o(.text)
    .text                                    0x080004ec   Section        0  ddiv.o(.text)
    .text                                    0x080005ca   Section        0  uidiv.o(.text)
    .text                                    0x080005f6   Section        0  llshl.o(.text)
    .text                                    0x08000614   Section        0  llushr.o(.text)
    .text                                    0x08000634   Section        0  llsshr.o(.text)
    .text                                    0x08000658   Section        0  depilogue.o(.text)
    .text                                    0x08000658   Section        0  iusefp.o(.text)
    .text                                    0x08000712   Section        0  dfixul.o(.text)
    .text                                    0x08000744   Section       48  cdrcmple.o(.text)
    .text                                    0x08000774   Section       36  init.o(.text)
    i.ATK_IDM750C_UART_IRQHandler            0x08000798   Section        0  atk_idm750c_uart.o(i.ATK_IDM750C_UART_IRQHandler)
    i.BusFault_Handler                       0x0800082c   Section        0  stm32f4xx_it.o(i.BusFault_Handler)
    i.DebugMon_Handler                       0x0800082e   Section        0  stm32f4xx_it.o(i.DebugMon_Handler)
    i.Error_Handler                          0x08000830   Section        0  main.o(i.Error_Handler)
    i.GPS_Send                               0x08000834   Section        0  4g.o(i.GPS_Send)
    i.HAL_DMA_Abort                          0x0800088c   Section        0  stm32f4xx_hal_dma.o(i.HAL_DMA_Abort)
    i.HAL_DMA_Abort_IT                       0x0800091e   Section        0  stm32f4xx_hal_dma.o(i.HAL_DMA_Abort_IT)
    i.HAL_Delay                              0x08000944   Section        0  stm32f4xx_hal.o(i.HAL_Delay)
    i.HAL_GPIO_Init                          0x08000968   Section        0  stm32f4xx_hal_gpio.o(i.HAL_GPIO_Init)
    i.HAL_GPIO_WritePin                      0x08000b58   Section        0  stm32f4xx_hal_gpio.o(i.HAL_GPIO_WritePin)
    i.HAL_GetTick                            0x08000b64   Section        0  stm32f4xx_hal.o(i.HAL_GetTick)
    i.HAL_IncTick                            0x08000b70   Section        0  stm32f4xx_hal.o(i.HAL_IncTick)
    i.HAL_Init                               0x08000b80   Section        0  stm32f4xx_hal.o(i.HAL_Init)
    i.HAL_InitTick                           0x08000bb4   Section        0  stm32f4xx_hal.o(i.HAL_InitTick)
    i.HAL_MspInit                            0x08000bf4   Section        0  stm32f4xx_hal_msp.o(i.HAL_MspInit)
    i.HAL_NVIC_EnableIRQ                     0x08000c24   Section        0  stm32f4xx_hal_cortex.o(i.HAL_NVIC_EnableIRQ)
    i.HAL_NVIC_SetPriority                   0x08000c40   Section        0  stm32f4xx_hal_cortex.o(i.HAL_NVIC_SetPriority)
    i.HAL_NVIC_SetPriorityGrouping           0x08000c80   Section        0  stm32f4xx_hal_cortex.o(i.HAL_NVIC_SetPriorityGrouping)
    i.HAL_RCC_ClockConfig                    0x08000ca4   Section        0  stm32f4xx_hal_rcc.o(i.HAL_RCC_ClockConfig)
    i.HAL_RCC_GetPCLK1Freq                   0x08000dd8   Section        0  stm32f4xx_hal_rcc.o(i.HAL_RCC_GetPCLK1Freq)
    i.HAL_RCC_GetPCLK2Freq                   0x08000df8   Section        0  stm32f4xx_hal_rcc.o(i.HAL_RCC_GetPCLK2Freq)
    i.HAL_RCC_GetSysClockFreq                0x08000e18   Section        0  stm32f4xx_hal_rcc.o(i.HAL_RCC_GetSysClockFreq)
    i.HAL_RCC_OscConfig                      0x08000e78   Section        0  stm32f4xx_hal_rcc.o(i.HAL_RCC_OscConfig)
    i.HAL_SYSTICK_Config                     0x080011e4   Section        0  stm32f4xx_hal_cortex.o(i.HAL_SYSTICK_Config)
    i.HAL_TIMEx_BreakCallback                0x0800120c   Section        0  stm32f4xx_hal_tim_ex.o(i.HAL_TIMEx_BreakCallback)
    i.HAL_TIMEx_CommutCallback               0x0800120e   Section        0  stm32f4xx_hal_tim_ex.o(i.HAL_TIMEx_CommutCallback)
    i.HAL_TIMEx_MasterConfigSynchronization  0x08001210   Section        0  stm32f4xx_hal_tim_ex.o(i.HAL_TIMEx_MasterConfigSynchronization)
    i.HAL_TIM_Base_Init                      0x080012a0   Section        0  stm32f4xx_hal_tim.o(i.HAL_TIM_Base_Init)
    i.HAL_TIM_Base_MspInit                   0x080012fc   Section        0  tim.o(i.HAL_TIM_Base_MspInit)
    i.HAL_TIM_ConfigClockSource              0x08001374   Section        0  stm32f4xx_hal_tim.o(i.HAL_TIM_ConfigClockSource)
    i.HAL_TIM_IC_CaptureCallback             0x08001450   Section        0  sr04.o(i.HAL_TIM_IC_CaptureCallback)
    i.HAL_TIM_IC_ConfigChannel               0x08001558   Section        0  stm32f4xx_hal_tim.o(i.HAL_TIM_IC_ConfigChannel)
    i.HAL_TIM_IC_Init                        0x0800167c   Section        0  stm32f4xx_hal_tim.o(i.HAL_TIM_IC_Init)
    i.HAL_TIM_IC_MspInit                     0x080016d6   Section        0  stm32f4xx_hal_tim.o(i.HAL_TIM_IC_MspInit)
    i.HAL_TIM_IC_Start_IT                    0x080016d8   Section        0  stm32f4xx_hal_tim.o(i.HAL_TIM_IC_Start_IT)
    i.HAL_TIM_IC_Stop_IT                     0x080017e4   Section        0  stm32f4xx_hal_tim.o(i.HAL_TIM_IC_Stop_IT)
    i.HAL_TIM_IRQHandler                     0x08001876   Section        0  stm32f4xx_hal_tim.o(i.HAL_TIM_IRQHandler)
    i.HAL_TIM_OC_DelayElapsedCallback        0x080019a6   Section        0  stm32f4xx_hal_tim.o(i.HAL_TIM_OC_DelayElapsedCallback)
    i.HAL_TIM_PWM_PulseFinishedCallback      0x080019a8   Section        0  stm32f4xx_hal_tim.o(i.HAL_TIM_PWM_PulseFinishedCallback)
    i.HAL_TIM_PeriodElapsedCallback          0x080019aa   Section        0  stm32f4xx_hal_tim.o(i.HAL_TIM_PeriodElapsedCallback)
    i.HAL_TIM_ReadCapturedValue              0x080019ac   Section        0  stm32f4xx_hal_tim.o(i.HAL_TIM_ReadCapturedValue)
    i.HAL_TIM_TriggerCallback                0x080019d6   Section        0  stm32f4xx_hal_tim.o(i.HAL_TIM_TriggerCallback)
    i.HAL_UARTEx_ReceiveToIdle_IT            0x080019d8   Section        0  stm32f4xx_hal_uart.o(i.HAL_UARTEx_ReceiveToIdle_IT)
    i.HAL_UARTEx_RxEventCallback             0x08001a28   Section        0  stm32f4xx_it.o(i.HAL_UARTEx_RxEventCallback)
    i.HAL_UART_ErrorCallback                 0x08001a9c   Section        0  stm32f4xx_hal_uart.o(i.HAL_UART_ErrorCallback)
    i.HAL_UART_IRQHandler                    0x08001aa0   Section        0  stm32f4xx_hal_uart.o(i.HAL_UART_IRQHandler)
    i.HAL_UART_Init                          0x08001d10   Section        0  stm32f4xx_hal_uart.o(i.HAL_UART_Init)
    i.HAL_UART_MspInit                       0x08001d74   Section        0  usart.o(i.HAL_UART_MspInit)
    i.HAL_UART_Receive                       0x08001eac   Section        0  stm32f4xx_hal_uart.o(i.HAL_UART_Receive)
    i.HAL_UART_Receive_IT                    0x08001f5c   Section        0  stm32f4xx_hal_uart.o(i.HAL_UART_Receive_IT)
    i.HAL_UART_RxCpltCallback                0x08001f78   Section        0  stm32f4xx_it.o(i.HAL_UART_RxCpltCallback)
    i.HAL_UART_Transmit                      0x08001ff8   Section        0  stm32f4xx_hal_uart.o(i.HAL_UART_Transmit)
    i.HAL_UART_TxCpltCallback                0x08002098   Section        0  stm32f4xx_hal_uart.o(i.HAL_UART_TxCpltCallback)
    i.HardFault_Handler                      0x0800209a   Section        0  stm32f4xx_it.o(i.HardFault_Handler)
    i.MX_GPIO_Init                           0x0800209c   Section        0  gpio.o(i.MX_GPIO_Init)
    i.MX_TIM1_Init                           0x0800212c   Section        0  tim.o(i.MX_TIM1_Init)
    i.MX_USART1_UART_Init                    0x080021d4   Section        0  usart.o(i.MX_USART1_UART_Init)
    i.MX_USART2_UART_Init                    0x08002218   Section        0  usart.o(i.MX_USART2_UART_Init)
    i.MX_USART3_UART_Init                    0x08002250   Section        0  usart.o(i.MX_USART3_UART_Init)
    i.MemManage_Handler                      0x08002288   Section        0  stm32f4xx_it.o(i.MemManage_Handler)
    i.Message_Send                           0x0800228c   Section        0  4g.o(i.Message_Send)
    i.NMI_Handler                            0x0800229c   Section        0  stm32f4xx_it.o(i.NMI_Handler)
    i.Net4GInit                              0x080022a0   Section        0  4g.o(i.Net4GInit)
    i.PendSV_Handler                         0x080022ec   Section        0  stm32f4xx_it.o(i.PendSV_Handler)
    i.SVC_Handler                            0x080022ee   Section        0  stm32f4xx_it.o(i.SVC_Handler)
    i.SysTick_Handler                        0x080022f0   Section        0  stm32f4xx_it.o(i.SysTick_Handler)
    i.SystemClock_Config                     0x080022f4   Section        0  main.o(i.SystemClock_Config)
    i.SystemInit                             0x08002388   Section        0  system_stm32f4xx.o(i.SystemInit)
    i.TIM1_CC_IRQHandler                     0x08002398   Section        0  stm32f4xx_it.o(i.TIM1_CC_IRQHandler)
    i.TIM_Base_SetConfig                     0x080023a4   Section        0  stm32f4xx_hal_tim.o(i.TIM_Base_SetConfig)
    i.TIM_CCxChannelCmd                      0x0800247c   Section        0  stm32f4xx_hal_tim.o(i.TIM_CCxChannelCmd)
    i.TIM_ETR_SetConfig                      0x08002496   Section        0  stm32f4xx_hal_tim.o(i.TIM_ETR_SetConfig)
    i.TIM_ITRx_SetConfig                     0x080024aa   Section        0  stm32f4xx_hal_tim.o(i.TIM_ITRx_SetConfig)
    TIM_ITRx_SetConfig                       0x080024ab   Thumb Code    16  stm32f4xx_hal_tim.o(i.TIM_ITRx_SetConfig)
    i.TIM_TI1_ConfigInputStage               0x080024ba   Section        0  stm32f4xx_hal_tim.o(i.TIM_TI1_ConfigInputStage)
    TIM_TI1_ConfigInputStage                 0x080024bb   Thumb Code    34  stm32f4xx_hal_tim.o(i.TIM_TI1_ConfigInputStage)
    i.TIM_TI1_SetConfig                      0x080024dc   Section        0  stm32f4xx_hal_tim.o(i.TIM_TI1_SetConfig)
    i.TIM_TI2_ConfigInputStage               0x0800255c   Section        0  stm32f4xx_hal_tim.o(i.TIM_TI2_ConfigInputStage)
    TIM_TI2_ConfigInputStage                 0x0800255d   Thumb Code    36  stm32f4xx_hal_tim.o(i.TIM_TI2_ConfigInputStage)
    i.TIM_TI2_SetConfig                      0x08002580   Section        0  stm32f4xx_hal_tim.o(i.TIM_TI2_SetConfig)
    TIM_TI2_SetConfig                        0x08002581   Thumb Code    54  stm32f4xx_hal_tim.o(i.TIM_TI2_SetConfig)
    i.UART_DMAAbortOnError                   0x080025b6   Section        0  stm32f4xx_hal_uart.o(i.UART_DMAAbortOnError)
    UART_DMAAbortOnError                     0x080025b7   Thumb Code    16  stm32f4xx_hal_uart.o(i.UART_DMAAbortOnError)
    i.UART_EndRxTransfer                     0x080025c6   Section        0  stm32f4xx_hal_uart.o(i.UART_EndRxTransfer)
    UART_EndRxTransfer                       0x080025c7   Thumb Code    78  stm32f4xx_hal_uart.o(i.UART_EndRxTransfer)
    i.UART_Receive_IT                        0x08002614   Section        0  stm32f4xx_hal_uart.o(i.UART_Receive_IT)
    UART_Receive_IT                          0x08002615   Thumb Code   194  stm32f4xx_hal_uart.o(i.UART_Receive_IT)
    i.UART_SetConfig                         0x080026d8   Section        0  stm32f4xx_hal_uart.o(i.UART_SetConfig)
    UART_SetConfig                           0x080026d9   Thumb Code   258  stm32f4xx_hal_uart.o(i.UART_SetConfig)
    i.UART_Start_Receive_IT                  0x080027e4   Section        0  stm32f4xx_hal_uart.o(i.UART_Start_Receive_IT)
    i.UART_WaitOnFlagUntilTimeout            0x0800281a   Section        0  stm32f4xx_hal_uart.o(i.UART_WaitOnFlagUntilTimeout)
    UART_WaitOnFlagUntilTimeout              0x0800281b   Thumb Code   114  stm32f4xx_hal_uart.o(i.UART_WaitOnFlagUntilTimeout)
    i.USART1_IRQHandler                      0x0800288c   Section        0  stm32f4xx_it.o(i.USART1_IRQHandler)
    i.USART2_IRQHandler                      0x080028ac   Section        0  stm32f4xx_it.o(i.USART2_IRQHandler)
    i.USART3_IRQHandler                      0x080028b8   Section        0  stm32f4xx_it.o(i.USART3_IRQHandler)
    i.UsageFault_Handler                     0x080028cc   Section        0  stm32f4xx_it.o(i.UsageFault_Handler)
    i.__0snprintf                            0x080028d0   Section        0  printfa.o(i.__0snprintf)
    i.__0sprintf                             0x08002904   Section        0  printfa.o(i.__0sprintf)
    i.__0vsprintf                            0x0800292c   Section        0  printfa.o(i.__0vsprintf)
    i.__NVIC_SetPriority                     0x08002950   Section        0  stm32f4xx_hal_cortex.o(i.__NVIC_SetPriority)
    __NVIC_SetPriority                       0x08002951   Thumb Code    32  stm32f4xx_hal_cortex.o(i.__NVIC_SetPriority)
    i.__scatterload_copy                     0x08002970   Section       14  handlers.o(i.__scatterload_copy)
    i.__scatterload_null                     0x0800297e   Section        2  handlers.o(i.__scatterload_null)
    i.__scatterload_zeroinit                 0x08002980   Section       14  handlers.o(i.__scatterload_zeroinit)
    i._fp_digits                             0x08002990   Section        0  printfa.o(i._fp_digits)
    _fp_digits                               0x08002991   Thumb Code   366  printfa.o(i._fp_digits)
    i._printf_core                           0x08002b14   Section        0  printfa.o(i._printf_core)
    _printf_core                             0x08002b15   Thumb Code  1704  printfa.o(i._printf_core)
    i._printf_post_padding                   0x080031c8   Section        0  printfa.o(i._printf_post_padding)
    _printf_post_padding                     0x080031c9   Thumb Code    36  printfa.o(i._printf_post_padding)
    i._printf_pre_padding                    0x080031ec   Section        0  printfa.o(i._printf_pre_padding)
    _printf_pre_padding                      0x080031ed   Thumb Code    46  printfa.o(i._printf_pre_padding)
    i._snputc                                0x0800321a   Section        0  printfa.o(i._snputc)
    _snputc                                  0x0800321b   Thumb Code    22  printfa.o(i._snputc)
    i._sputc                                 0x08003230   Section        0  printfa.o(i._sputc)
    _sputc                                   0x08003231   Thumb Code    10  printfa.o(i._sputc)
    i.atk_idm750c_at_test                    0x0800323c   Section        0  atk_idm750c.o(i.atk_idm750c_at_test)
    i.atk_idm750c_dtu_enter_configmode       0x08003268   Section        0  atk_idm750c.o(i.atk_idm750c_dtu_enter_configmode)
    i.atk_idm750c_enter_transfermode         0x080032ac   Section        0  atk_idm750c.o(i.atk_idm750c_enter_transfermode)
    i.atk_idm750c_http_request_mode          0x080032cc   Section        0  atk_idm750c.o(i.atk_idm750c_http_request_mode)
    i.atk_idm750c_http_request_timeout       0x08003320   Section        0  atk_idm750c.o(i.atk_idm750c_http_request_timeout)
    i.atk_idm750c_http_url_address           0x08003358   Section        0  atk_idm750c.o(i.atk_idm750c_http_url_address)
    i.atk_idm750c_init                       0x08003390   Section        0  atk_idm750c.o(i.atk_idm750c_init)
    i.atk_idm750c_query_workmode             0x080033a4   Section        0  atk_idm750c.o(i.atk_idm750c_query_workmode)
    i.atk_idm750c_send_cmd_to_dtu            0x08003474   Section        0  atk_idm750c.o(i.atk_idm750c_send_cmd_to_dtu)
    i.atk_idm750c_uart_printf                0x080034c0   Section        0  atk_idm750c_uart.o(i.atk_idm750c_uart_printf)
    i.atk_idm750c_uart_rx_get_frame          0x080034f0   Section        0  atk_idm750c_uart.o(i.atk_idm750c_uart_rx_get_frame)
    i.atk_idm750c_uart_rx_restart            0x08003510   Section        0  atk_idm750c_uart.o(i.atk_idm750c_uart_rx_restart)
    i.main                                   0x08003524   Section        0  main.o(i.main)
    .constdata                               0x08003564   Section       16  system_stm32f4xx.o(.constdata)
    .constdata                               0x08003574   Section        8  system_stm32f4xx.o(.constdata)
    .constdata                               0x0800357c   Section        5  nfc.o(.constdata)
    .constdata                               0x08003581   Section        6  nfc.o(.constdata)
    .data                                    0x20000000   Section        4  stm32f4xx_it.o(.data)
    .data                                    0x20000004   Section       12  stm32f4xx_hal.o(.data)
    .data                                    0x20000010   Section        4  system_stm32f4xx.o(.data)
    .data                                    0x20000014   Section        1  gps.o(.data)
    .data                                    0x20000015   Section        2  nfc.o(.data)
    .bss                                     0x20000018   Section       72  tim.o(.bss)
    .bss                                     0x20000060   Section      216  usart.o(.bss)
    .bss                                     0x20000138   Section      200  gps.o(.bss)
    .bss                                     0x20000200   Section      140  gps.o(.bss)
    .bss                                     0x2000028c   Section      112  nfc.o(.bss)
    .bss                                     0x200002fc   Section       20  sr04.o(.bss)
    .bss                                     0x20000310   Section     1538  atk_idm750c_uart.o(.bss)
    g_uart_rx_frame                          0x20000310   Data        1026  atk_idm750c_uart.o(.bss)
    g_uart_tx_buf                            0x20000712   Data         512  atk_idm750c_uart.o(.bss)
    STACK                                    0x20000918   Section     1024  startup_stm32f407xx.o(STACK)

    Global Symbols

    Symbol Name                              Value     Ov Type        Size  Object(Section)

    BuildAttributes$$THM_ISAv4$E$P$D$K$B$S$7EM$VFPi3$EXTD16$VFPS$VFMA$PE$A:L22UL41UL21$X:L11$S22US41US21$IEEE1$IW$USESV6$~STKCKD$USESV7$~SHL$OTIME$ROPI$IEEEX$EBA8$MICROLIB$REQ8$PRES8$EABIv2 0x00000000   Number         0  anon$$obj.o ABSOLUTE
    __ARM_use_no_argv                        0x00000000   Number         0  main.o ABSOLUTE
    _printf_a                                0x00000000   Number         0  stubs.o ABSOLUTE
    _printf_c                                0x00000000   Number         0  stubs.o ABSOLUTE
    _printf_charcount                        0x00000000   Number         0  stubs.o ABSOLUTE
    _printf_d                                0x00000000   Number         0  stubs.o ABSOLUTE
    _printf_e                                0x00000000   Number         0  stubs.o ABSOLUTE
    _printf_f                                0x00000000   Number         0  stubs.o ABSOLUTE
    _printf_flags                            0x00000000   Number         0  stubs.o ABSOLUTE
    _printf_fp_dec                           0x00000000   Number         0  stubs.o ABSOLUTE
    _printf_fp_hex                           0x00000000   Number         0  stubs.o ABSOLUTE
    _printf_g                                0x00000000   Number         0  stubs.o ABSOLUTE
    _printf_i                                0x00000000   Number         0  stubs.o ABSOLUTE
    _printf_int_dec                          0x00000000   Number         0  stubs.o ABSOLUTE
    _printf_l                                0x00000000   Number         0  stubs.o ABSOLUTE
    _printf_lc                               0x00000000   Number         0  stubs.o ABSOLUTE
    _printf_ll                               0x00000000   Number         0  stubs.o ABSOLUTE
    _printf_lld                              0x00000000   Number         0  stubs.o ABSOLUTE
    _printf_lli                              0x00000000   Number         0  stubs.o ABSOLUTE
    _printf_llo                              0x00000000   Number         0  stubs.o ABSOLUTE
    _printf_llu                              0x00000000   Number         0  stubs.o ABSOLUTE
    _printf_llx                              0x00000000   Number         0  stubs.o ABSOLUTE
    _printf_longlong_dec                     0x00000000   Number         0  stubs.o ABSOLUTE
    _printf_longlong_hex                     0x00000000   Number         0  stubs.o ABSOLUTE
    _printf_longlong_oct                     0x00000000   Number         0  stubs.o ABSOLUTE
    _printf_ls                               0x00000000   Number         0  stubs.o ABSOLUTE
    _printf_mbtowc                           0x00000000   Number         0  stubs.o ABSOLUTE
    _printf_n                                0x00000000   Number         0  stubs.o ABSOLUTE
    _printf_o                                0x00000000   Number         0  stubs.o ABSOLUTE
    _printf_p                                0x00000000   Number         0  stubs.o ABSOLUTE
    _printf_percent                          0x00000000   Number         0  stubs.o ABSOLUTE
    _printf_pre_padding                      0x00000000   Number         0  stubs.o ABSOLUTE
    _printf_return_value                     0x00000000   Number         0  stubs.o ABSOLUTE
    _printf_s                                0x00000000   Number         0  stubs.o ABSOLUTE
    _printf_sizespec                         0x00000000   Number         0  stubs.o ABSOLUTE
    _printf_str                              0x00000000   Number         0  stubs.o ABSOLUTE
    _printf_truncate_signed                  0x00000000   Number         0  stubs.o ABSOLUTE
    _printf_truncate_unsigned                0x00000000   Number         0  stubs.o ABSOLUTE
    _printf_u                                0x00000000   Number         0  stubs.o ABSOLUTE
    _printf_wc                               0x00000000   Number         0  stubs.o ABSOLUTE
    _printf_wctomb                           0x00000000   Number         0  stubs.o ABSOLUTE
    _printf_widthprec                        0x00000000   Number         0  stubs.o ABSOLUTE
    _printf_x                                0x00000000   Number         0  stubs.o ABSOLUTE
    __arm_fini_                               - Undefined Weak Reference
    __cpp_initialize__aeabi_                  - Undefined Weak Reference
    __cxa_finalize                            - Undefined Weak Reference
    __decompress                              - Undefined Weak Reference
    _clock_init                               - Undefined Weak Reference
    _microlib_exit                            - Undefined Weak Reference
    _scanf_int                                - Undefined Weak Reference
    _scanf_longlong                           - Undefined Weak Reference
    _scanf_string                             - Undefined Weak Reference
    __Vectors_Size                           0x00000188   Number         0  startup_stm32f407xx.o ABSOLUTE
    __Vectors                                0x08000000   Data           4  startup_stm32f407xx.o(RESET)
    __Vectors_End                            0x08000188   Data           0  startup_stm32f407xx.o(RESET)
    __main                                   0x08000189   Thumb Code     0  entry.o(.ARM.Collect$$$$00000000)
    _main_stk                                0x08000189   Thumb Code     0  entry2.o(.ARM.Collect$$$$00000001)
    _main_scatterload                        0x0800018d   Thumb Code     0  entry5.o(.ARM.Collect$$$$00000004)
    __main_after_scatterload                 0x08000191   Thumb Code     0  entry5.o(.ARM.Collect$$$$00000004)
    _main_clock                              0x08000191   Thumb Code     0  entry7b.o(.ARM.Collect$$$$00000008)
    _main_cpp_init                           0x08000191   Thumb Code     0  entry8b.o(.ARM.Collect$$$$0000000A)
    _main_init                               0x08000191   Thumb Code     0  entry9a.o(.ARM.Collect$$$$0000000B)
    __rt_lib_shutdown_fini                   0x08000199   Thumb Code     0  entry12b.o(.ARM.Collect$$$$0000000E)
    __rt_final_cpp                           0x0800019d   Thumb Code     0  entry10a.o(.ARM.Collect$$$$0000000F)
    __rt_final_exit                          0x0800019d   Thumb Code     0  entry11a.o(.ARM.Collect$$$$00000011)
    Reset_Handler                            0x080001a1   Thumb Code     8  startup_stm32f407xx.o(.text)
    ADC_IRQHandler                           0x080001bb   Thumb Code     0  startup_stm32f407xx.o(.text)
    CAN1_RX0_IRQHandler                      0x080001bb   Thumb Code     0  startup_stm32f407xx.o(.text)
    CAN1_RX1_IRQHandler                      0x080001bb   Thumb Code     0  startup_stm32f407xx.o(.text)
    CAN1_SCE_IRQHandler                      0x080001bb   Thumb Code     0  startup_stm32f407xx.o(.text)
    CAN1_TX_IRQHandler                       0x080001bb   Thumb Code     0  startup_stm32f407xx.o(.text)
    CAN2_RX0_IRQHandler                      0x080001bb   Thumb Code     0  startup_stm32f407xx.o(.text)
    CAN2_RX1_IRQHandler                      0x080001bb   Thumb Code     0  startup_stm32f407xx.o(.text)
    CAN2_SCE_IRQHandler                      0x080001bb   Thumb Code     0  startup_stm32f407xx.o(.text)
    CAN2_TX_IRQHandler                       0x080001bb   Thumb Code     0  startup_stm32f407xx.o(.text)
    DCMI_IRQHandler                          0x080001bb   Thumb Code     0  startup_stm32f407xx.o(.text)
    DMA1_Stream0_IRQHandler                  0x080001bb   Thumb Code     0  startup_stm32f407xx.o(.text)
    DMA1_Stream1_IRQHandler                  0x080001bb   Thumb Code     0  startup_stm32f407xx.o(.text)
    DMA1_Stream2_IRQHandler                  0x080001bb   Thumb Code     0  startup_stm32f407xx.o(.text)
    DMA1_Stream3_IRQHandler                  0x080001bb   Thumb Code     0  startup_stm32f407xx.o(.text)
    DMA1_Stream4_IRQHandler                  0x080001bb   Thumb Code     0  startup_stm32f407xx.o(.text)
    DMA1_Stream5_IRQHandler                  0x080001bb   Thumb Code     0  startup_stm32f407xx.o(.text)
    DMA1_Stream6_IRQHandler                  0x080001bb   Thumb Code     0  startup_stm32f407xx.o(.text)
    DMA1_Stream7_IRQHandler                  0x080001bb   Thumb Code     0  startup_stm32f407xx.o(.text)
    DMA2_Stream0_IRQHandler                  0x080001bb   Thumb Code     0  startup_stm32f407xx.o(.text)
    DMA2_Stream1_IRQHandler                  0x080001bb   Thumb Code     0  startup_stm32f407xx.o(.text)
    DMA2_Stream2_IRQHandler                  0x080001bb   Thumb Code     0  startup_stm32f407xx.o(.text)
    DMA2_Stream3_IRQHandler                  0x080001bb   Thumb Code     0  startup_stm32f407xx.o(.text)
    DMA2_Stream4_IRQHandler                  0x080001bb   Thumb Code     0  startup_stm32f407xx.o(.text)
    DMA2_Stream5_IRQHandler                  0x080001bb   Thumb Code     0  startup_stm32f407xx.o(.text)
    DMA2_Stream6_IRQHandler                  0x080001bb   Thumb Code     0  startup_stm32f407xx.o(.text)
    DMA2_Stream7_IRQHandler                  0x080001bb   Thumb Code     0  startup_stm32f407xx.o(.text)
    ETH_IRQHandler                           0x080001bb   Thumb Code     0  startup_stm32f407xx.o(.text)
    ETH_WKUP_IRQHandler                      0x080001bb   Thumb Code     0  startup_stm32f407xx.o(.text)
    EXTI0_IRQHandler                         0x080001bb   Thumb Code     0  startup_stm32f407xx.o(.text)
    EXTI15_10_IRQHandler                     0x080001bb   Thumb Code     0  startup_stm32f407xx.o(.text)
    EXTI1_IRQHandler                         0x080001bb   Thumb Code     0  startup_stm32f407xx.o(.text)
    EXTI2_IRQHandler                         0x080001bb   Thumb Code     0  startup_stm32f407xx.o(.text)
    EXTI3_IRQHandler                         0x080001bb   Thumb Code     0  startup_stm32f407xx.o(.text)
    EXTI4_IRQHandler                         0x080001bb   Thumb Code     0  startup_stm32f407xx.o(.text)
    EXTI9_5_IRQHandler                       0x080001bb   Thumb Code     0  startup_stm32f407xx.o(.text)
    FLASH_IRQHandler                         0x080001bb   Thumb Code     0  startup_stm32f407xx.o(.text)
    FMC_IRQHandler                           0x080001bb   Thumb Code     0  startup_stm32f407xx.o(.text)
    FPU_IRQHandler                           0x080001bb   Thumb Code     0  startup_stm32f407xx.o(.text)
    HASH_RNG_IRQHandler                      0x080001bb   Thumb Code     0  startup_stm32f407xx.o(.text)
    I2C1_ER_IRQHandler                       0x080001bb   Thumb Code     0  startup_stm32f407xx.o(.text)
    I2C1_EV_IRQHandler                       0x080001bb   Thumb Code     0  startup_stm32f407xx.o(.text)
    I2C2_ER_IRQHandler                       0x080001bb   Thumb Code     0  startup_stm32f407xx.o(.text)
    I2C2_EV_IRQHandler                       0x080001bb   Thumb Code     0  startup_stm32f407xx.o(.text)
    I2C3_ER_IRQHandler                       0x080001bb   Thumb Code     0  startup_stm32f407xx.o(.text)
    I2C3_EV_IRQHandler                       0x080001bb   Thumb Code     0  startup_stm32f407xx.o(.text)
    OTG_FS_IRQHandler                        0x080001bb   Thumb Code     0  startup_stm32f407xx.o(.text)
    OTG_FS_WKUP_IRQHandler                   0x080001bb   Thumb Code     0  startup_stm32f407xx.o(.text)
    OTG_HS_EP1_IN_IRQHandler                 0x080001bb   Thumb Code     0  startup_stm32f407xx.o(.text)
    OTG_HS_EP1_OUT_IRQHandler                0x080001bb   Thumb Code     0  startup_stm32f407xx.o(.text)
    OTG_HS_IRQHandler                        0x080001bb   Thumb Code     0  startup_stm32f407xx.o(.text)
    OTG_HS_WKUP_IRQHandler                   0x080001bb   Thumb Code     0  startup_stm32f407xx.o(.text)
    PVD_IRQHandler                           0x080001bb   Thumb Code     0  startup_stm32f407xx.o(.text)
    RCC_IRQHandler                           0x080001bb   Thumb Code     0  startup_stm32f407xx.o(.text)
    RTC_Alarm_IRQHandler                     0x080001bb   Thumb Code     0  startup_stm32f407xx.o(.text)
    RTC_WKUP_IRQHandler                      0x080001bb   Thumb Code     0  startup_stm32f407xx.o(.text)
    SDIO_IRQHandler                          0x080001bb   Thumb Code     0  startup_stm32f407xx.o(.text)
    SPI1_IRQHandler                          0x080001bb   Thumb Code     0  startup_stm32f407xx.o(.text)
    SPI2_IRQHandler                          0x080001bb   Thumb Code     0  startup_stm32f407xx.o(.text)
    SPI3_IRQHandler                          0x080001bb   Thumb Code     0  startup_stm32f407xx.o(.text)
    TAMP_STAMP_IRQHandler                    0x080001bb   Thumb Code     0  startup_stm32f407xx.o(.text)
    TIM1_BRK_TIM9_IRQHandler                 0x080001bb   Thumb Code     0  startup_stm32f407xx.o(.text)
    TIM1_TRG_COM_TIM11_IRQHandler            0x080001bb   Thumb Code     0  startup_stm32f407xx.o(.text)
    TIM1_UP_TIM10_IRQHandler                 0x080001bb   Thumb Code     0  startup_stm32f407xx.o(.text)
    TIM2_IRQHandler                          0x080001bb   Thumb Code     0  startup_stm32f407xx.o(.text)
    TIM3_IRQHandler                          0x080001bb   Thumb Code     0  startup_stm32f407xx.o(.text)
    TIM4_IRQHandler                          0x080001bb   Thumb Code     0  startup_stm32f407xx.o(.text)
    TIM5_IRQHandler                          0x080001bb   Thumb Code     0  startup_stm32f407xx.o(.text)
    TIM6_DAC_IRQHandler                      0x080001bb   Thumb Code     0  startup_stm32f407xx.o(.text)
    TIM7_IRQHandler                          0x080001bb   Thumb Code     0  startup_stm32f407xx.o(.text)
    TIM8_BRK_TIM12_IRQHandler                0x080001bb   Thumb Code     0  startup_stm32f407xx.o(.text)
    TIM8_CC_IRQHandler                       0x080001bb   Thumb Code     0  startup_stm32f407xx.o(.text)
    TIM8_TRG_COM_TIM14_IRQHandler            0x080001bb   Thumb Code     0  startup_stm32f407xx.o(.text)
    TIM8_UP_TIM13_IRQHandler                 0x080001bb   Thumb Code     0  startup_stm32f407xx.o(.text)
    UART4_IRQHandler                         0x080001bb   Thumb Code     0  startup_stm32f407xx.o(.text)
    UART5_IRQHandler                         0x080001bb   Thumb Code     0  startup_stm32f407xx.o(.text)
    USART6_IRQHandler                        0x080001bb   Thumb Code     0  startup_stm32f407xx.o(.text)
    WWDG_IRQHandler                          0x080001bb   Thumb Code     0  startup_stm32f407xx.o(.text)
    __aeabi_uldivmod                         0x080001c5   Thumb Code    98  uldiv.o(.text)
    __aeabi_memcpy                           0x08000227   Thumb Code    36  memcpya.o(.text)
    __aeabi_memcpy4                          0x08000227   Thumb Code     0  memcpya.o(.text)
    __aeabi_memcpy8                          0x08000227   Thumb Code     0  memcpya.o(.text)
    __aeabi_memset                           0x0800024b   Thumb Code    14  memseta.o(.text)
    __aeabi_memset4                          0x0800024b   Thumb Code     0  memseta.o(.text)
    __aeabi_memset8                          0x0800024b   Thumb Code     0  memseta.o(.text)
    __aeabi_memclr                           0x08000259   Thumb Code     4  memseta.o(.text)
    __aeabi_memclr4                          0x08000259   Thumb Code     0  memseta.o(.text)
    __aeabi_memclr8                          0x08000259   Thumb Code     0  memseta.o(.text)
    _memset$wrapper                          0x0800025d   Thumb Code    18  memseta.o(.text)
    strstr                                   0x0800026f   Thumb Code    36  strstr.o(.text)
    strlen                                   0x08000293   Thumb Code    14  strlen.o(.text)
    memcmp                                   0x080002a1   Thumb Code    26  memcmp.o(.text)
    __aeabi_dadd                             0x080002bb   Thumb Code   322  dadd.o(.text)
    __aeabi_dsub                             0x080003fd   Thumb Code     6  dadd.o(.text)
    __aeabi_drsub                            0x08000403   Thumb Code     6  dadd.o(.text)
    __aeabi_dmul                             0x08000409   Thumb Code   228  dmul.o(.text)
    __aeabi_ddiv                             0x080004ed   Thumb Code   222  ddiv.o(.text)
    __aeabi_uidiv                            0x080005cb   Thumb Code     0  uidiv.o(.text)
    __aeabi_uidivmod                         0x080005cb   Thumb Code    44  uidiv.o(.text)
    __aeabi_llsl                             0x080005f7   Thumb Code    30  llshl.o(.text)
    _ll_shift_l                              0x080005f7   Thumb Code     0  llshl.o(.text)
    __aeabi_llsr                             0x08000615   Thumb Code    32  llushr.o(.text)
    _ll_ushift_r                             0x08000615   Thumb Code     0  llushr.o(.text)
    __aeabi_lasr                             0x08000635   Thumb Code    36  llsshr.o(.text)
    _ll_sshift_r                             0x08000635   Thumb Code     0  llsshr.o(.text)
    __I$use$fp                               0x08000659   Thumb Code     0  iusefp.o(.text)
    _double_round                            0x08000659   Thumb Code    30  depilogue.o(.text)
    _double_epilogue                         0x08000677   Thumb Code   156  depilogue.o(.text)
    __aeabi_d2ulz                            0x08000713   Thumb Code    48  dfixul.o(.text)
    __aeabi_cdrcmple                         0x08000745   Thumb Code    48  cdrcmple.o(.text)
    __scatterload                            0x08000775   Thumb Code    28  init.o(.text)
    __scatterload_rt2                        0x08000775   Thumb Code     0  init.o(.text)
    ATK_IDM750C_UART_IRQHandler              0x08000799   Thumb Code   138  atk_idm750c_uart.o(i.ATK_IDM750C_UART_IRQHandler)
    BusFault_Handler                         0x0800082d   Thumb Code     2  stm32f4xx_it.o(i.BusFault_Handler)
    DebugMon_Handler                         0x0800082f   Thumb Code     2  stm32f4xx_it.o(i.DebugMon_Handler)
    Error_Handler                            0x08000831   Thumb Code     4  main.o(i.Error_Handler)
    GPS_Send                                 0x08000835   Thumb Code    50  4g.o(i.GPS_Send)
    HAL_DMA_Abort                            0x0800088d   Thumb Code   146  stm32f4xx_hal_dma.o(i.HAL_DMA_Abort)
    HAL_DMA_Abort_IT                         0x0800091f   Thumb Code    36  stm32f4xx_hal_dma.o(i.HAL_DMA_Abort_IT)
    HAL_Delay                                0x08000945   Thumb Code    32  stm32f4xx_hal.o(i.HAL_Delay)
    HAL_GPIO_Init                            0x08000969   Thumb Code   450  stm32f4xx_hal_gpio.o(i.HAL_GPIO_Init)
    HAL_GPIO_WritePin                        0x08000b59   Thumb Code    10  stm32f4xx_hal_gpio.o(i.HAL_GPIO_WritePin)
    HAL_GetTick                              0x08000b65   Thumb Code     6  stm32f4xx_hal.o(i.HAL_GetTick)
    HAL_IncTick                              0x08000b71   Thumb Code    12  stm32f4xx_hal.o(i.HAL_IncTick)
    HAL_Init                                 0x08000b81   Thumb Code    48  stm32f4xx_hal.o(i.HAL_Init)
    HAL_InitTick                             0x08000bb5   Thumb Code    54  stm32f4xx_hal.o(i.HAL_InitTick)
    HAL_MspInit                              0x08000bf5   Thumb Code    42  stm32f4xx_hal_msp.o(i.HAL_MspInit)
    HAL_NVIC_EnableIRQ                       0x08000c25   Thumb Code    26  stm32f4xx_hal_cortex.o(i.HAL_NVIC_EnableIRQ)
    HAL_NVIC_SetPriority                     0x08000c41   Thumb Code    60  stm32f4xx_hal_cortex.o(i.HAL_NVIC_SetPriority)
    HAL_NVIC_SetPriorityGrouping             0x08000c81   Thumb Code    26  stm32f4xx_hal_cortex.o(i.HAL_NVIC_SetPriorityGrouping)
    HAL_RCC_ClockConfig                      0x08000ca5   Thumb Code   288  stm32f4xx_hal_rcc.o(i.HAL_RCC_ClockConfig)
    HAL_RCC_GetPCLK1Freq                     0x08000dd9   Thumb Code    20  stm32f4xx_hal_rcc.o(i.HAL_RCC_GetPCLK1Freq)
    HAL_RCC_GetPCLK2Freq                     0x08000df9   Thumb Code    20  stm32f4xx_hal_rcc.o(i.HAL_RCC_GetPCLK2Freq)
    HAL_RCC_GetSysClockFreq                  0x08000e19   Thumb Code    88  stm32f4xx_hal_rcc.o(i.HAL_RCC_GetSysClockFreq)
    HAL_RCC_OscConfig                        0x08000e79   Thumb Code   856  stm32f4xx_hal_rcc.o(i.HAL_RCC_OscConfig)
    HAL_SYSTICK_Config                       0x080011e5   Thumb Code    40  stm32f4xx_hal_cortex.o(i.HAL_SYSTICK_Config)
    HAL_TIMEx_BreakCallback                  0x0800120d   Thumb Code     2  stm32f4xx_hal_tim_ex.o(i.HAL_TIMEx_BreakCallback)
    HAL_TIMEx_CommutCallback                 0x0800120f   Thumb Code     2  stm32f4xx_hal_tim_ex.o(i.HAL_TIMEx_CommutCallback)
    HAL_TIMEx_MasterConfigSynchronization    0x08001211   Thumb Code   116  stm32f4xx_hal_tim_ex.o(i.HAL_TIMEx_MasterConfigSynchronization)
    HAL_TIM_Base_Init                        0x080012a1   Thumb Code    90  stm32f4xx_hal_tim.o(i.HAL_TIM_Base_Init)
    HAL_TIM_Base_MspInit                     0x080012fd   Thumb Code   108  tim.o(i.HAL_TIM_Base_MspInit)
    HAL_TIM_ConfigClockSource                0x08001375   Thumb Code   220  stm32f4xx_hal_tim.o(i.HAL_TIM_ConfigClockSource)
    HAL_TIM_IC_CaptureCallback               0x08001451   Thumb Code   246  sr04.o(i.HAL_TIM_IC_CaptureCallback)
    HAL_TIM_IC_ConfigChannel                 0x08001559   Thumb Code   292  stm32f4xx_hal_tim.o(i.HAL_TIM_IC_ConfigChannel)
    HAL_TIM_IC_Init                          0x0800167d   Thumb Code    90  stm32f4xx_hal_tim.o(i.HAL_TIM_IC_Init)
    HAL_TIM_IC_MspInit                       0x080016d7   Thumb Code     2  stm32f4xx_hal_tim.o(i.HAL_TIM_IC_MspInit)
    HAL_TIM_IC_Start_IT                      0x080016d9   Thumb Code   240  stm32f4xx_hal_tim.o(i.HAL_TIM_IC_Start_IT)
    HAL_TIM_IC_Stop_IT                       0x080017e5   Thumb Code   146  stm32f4xx_hal_tim.o(i.HAL_TIM_IC_Stop_IT)
    HAL_TIM_IRQHandler                       0x08001877   Thumb Code   304  stm32f4xx_hal_tim.o(i.HAL_TIM_IRQHandler)
    HAL_TIM_OC_DelayElapsedCallback          0x080019a7   Thumb Code     2  stm32f4xx_hal_tim.o(i.HAL_TIM_OC_DelayElapsedCallback)
    HAL_TIM_PWM_PulseFinishedCallback        0x080019a9   Thumb Code     2  stm32f4xx_hal_tim.o(i.HAL_TIM_PWM_PulseFinishedCallback)
    HAL_TIM_PeriodElapsedCallback            0x080019ab   Thumb Code     2  stm32f4xx_hal_tim.o(i.HAL_TIM_PeriodElapsedCallback)
    HAL_TIM_ReadCapturedValue                0x080019ad   Thumb Code    42  stm32f4xx_hal_tim.o(i.HAL_TIM_ReadCapturedValue)
    HAL_TIM_TriggerCallback                  0x080019d7   Thumb Code     2  stm32f4xx_hal_tim.o(i.HAL_TIM_TriggerCallback)
    HAL_UARTEx_ReceiveToIdle_IT              0x080019d9   Thumb Code    78  stm32f4xx_hal_uart.o(i.HAL_UARTEx_ReceiveToIdle_IT)
    HAL_UARTEx_RxEventCallback               0x08001a29   Thumb Code    86  stm32f4xx_it.o(i.HAL_UARTEx_RxEventCallback)
    HAL_UART_ErrorCallback                   0x08001a9d   Thumb Code     2  stm32f4xx_hal_uart.o(i.HAL_UART_ErrorCallback)
    HAL_UART_IRQHandler                      0x08001aa1   Thumb Code   618  stm32f4xx_hal_uart.o(i.HAL_UART_IRQHandler)
    HAL_UART_Init                            0x08001d11   Thumb Code   100  stm32f4xx_hal_uart.o(i.HAL_UART_Init)
    HAL_UART_MspInit                         0x08001d75   Thumb Code   284  usart.o(i.HAL_UART_MspInit)
    HAL_UART_Receive                         0x08001ead   Thumb Code   176  stm32f4xx_hal_uart.o(i.HAL_UART_Receive)
    HAL_UART_Receive_IT                      0x08001f5d   Thumb Code    28  stm32f4xx_hal_uart.o(i.HAL_UART_Receive_IT)
    HAL_UART_RxCpltCallback                  0x08001f79   Thumb Code   106  stm32f4xx_it.o(i.HAL_UART_RxCpltCallback)
    HAL_UART_Transmit                        0x08001ff9   Thumb Code   160  stm32f4xx_hal_uart.o(i.HAL_UART_Transmit)
    HAL_UART_TxCpltCallback                  0x08002099   Thumb Code     2  stm32f4xx_hal_uart.o(i.HAL_UART_TxCpltCallback)
    HardFault_Handler                        0x0800209b   Thumb Code     2  stm32f4xx_it.o(i.HardFault_Handler)
    MX_GPIO_Init                             0x0800209d   Thumb Code   136  gpio.o(i.MX_GPIO_Init)
    MX_TIM1_Init                             0x0800212d   Thumb Code   160  tim.o(i.MX_TIM1_Init)
    MX_USART1_UART_Init                      0x080021d5   Thumb Code    54  usart.o(i.MX_USART1_UART_Init)
    MX_USART2_UART_Init                      0x08002219   Thumb Code    48  usart.o(i.MX_USART2_UART_Init)
    MX_USART3_UART_Init                      0x08002251   Thumb Code    48  usart.o(i.MX_USART3_UART_Init)
    MemManage_Handler                        0x08002289   Thumb Code     2  stm32f4xx_it.o(i.MemManage_Handler)
    Message_Send                             0x0800228d   Thumb Code    12  4g.o(i.Message_Send)
    NMI_Handler                              0x0800229d   Thumb Code     2  stm32f4xx_it.o(i.NMI_Handler)
    Net4GInit                                0x080022a1   Thumb Code    42  4g.o(i.Net4GInit)
    PendSV_Handler                           0x080022ed   Thumb Code     2  stm32f4xx_it.o(i.PendSV_Handler)
    SVC_Handler                              0x080022ef   Thumb Code     2  stm32f4xx_it.o(i.SVC_Handler)
    SysTick_Handler                          0x080022f1   Thumb Code     4  stm32f4xx_it.o(i.SysTick_Handler)
    SystemClock_Config                       0x080022f5   Thumb Code   138  main.o(i.SystemClock_Config)
    SystemInit                               0x08002389   Thumb Code    12  system_stm32f4xx.o(i.SystemInit)
    TIM1_CC_IRQHandler                       0x08002399   Thumb Code     6  stm32f4xx_it.o(i.TIM1_CC_IRQHandler)
    TIM_Base_SetConfig                       0x080023a5   Thumb Code   170  stm32f4xx_hal_tim.o(i.TIM_Base_SetConfig)
    TIM_CCxChannelCmd                        0x0800247d   Thumb Code    26  stm32f4xx_hal_tim.o(i.TIM_CCxChannelCmd)
    TIM_ETR_SetConfig                        0x08002497   Thumb Code    20  stm32f4xx_hal_tim.o(i.TIM_ETR_SetConfig)
    TIM_TI1_SetConfig                        0x080024dd   Thumb Code   100  stm32f4xx_hal_tim.o(i.TIM_TI1_SetConfig)
    UART_Start_Receive_IT                    0x080027e5   Thumb Code    54  stm32f4xx_hal_uart.o(i.UART_Start_Receive_IT)
    USART1_IRQHandler                        0x0800288d   Thumb Code    22  stm32f4xx_it.o(i.USART1_IRQHandler)
    USART2_IRQHandler                        0x080028ad   Thumb Code     6  stm32f4xx_it.o(i.USART2_IRQHandler)
    USART3_IRQHandler                        0x080028b9   Thumb Code    16  stm32f4xx_it.o(i.USART3_IRQHandler)
    UsageFault_Handler                       0x080028cd   Thumb Code     2  stm32f4xx_it.o(i.UsageFault_Handler)
    __0snprintf                              0x080028d1   Thumb Code    48  printfa.o(i.__0snprintf)
    __1snprintf                              0x080028d1   Thumb Code     0  printfa.o(i.__0snprintf)
    __2snprintf                              0x080028d1   Thumb Code     0  printfa.o(i.__0snprintf)
    __c89snprintf                            0x080028d1   Thumb Code     0  printfa.o(i.__0snprintf)
    snprintf                                 0x080028d1   Thumb Code     0  printfa.o(i.__0snprintf)
    __0sprintf                               0x08002905   Thumb Code    34  printfa.o(i.__0sprintf)
    __1sprintf                               0x08002905   Thumb Code     0  printfa.o(i.__0sprintf)
    __2sprintf                               0x08002905   Thumb Code     0  printfa.o(i.__0sprintf)
    __c89sprintf                             0x08002905   Thumb Code     0  printfa.o(i.__0sprintf)
    sprintf                                  0x08002905   Thumb Code     0  printfa.o(i.__0sprintf)
    __0vsprintf                              0x0800292d   Thumb Code    30  printfa.o(i.__0vsprintf)
    __1vsprintf                              0x0800292d   Thumb Code     0  printfa.o(i.__0vsprintf)
    __2vsprintf                              0x0800292d   Thumb Code     0  printfa.o(i.__0vsprintf)
    __c89vsprintf                            0x0800292d   Thumb Code     0  printfa.o(i.__0vsprintf)
    vsprintf                                 0x0800292d   Thumb Code     0  printfa.o(i.__0vsprintf)
    __scatterload_copy                       0x08002971   Thumb Code    14  handlers.o(i.__scatterload_copy)
    __scatterload_null                       0x0800297f   Thumb Code     2  handlers.o(i.__scatterload_null)
    __scatterload_zeroinit                   0x08002981   Thumb Code    14  handlers.o(i.__scatterload_zeroinit)
    atk_idm750c_at_test                      0x0800323d   Thumb Code    34  atk_idm750c.o(i.atk_idm750c_at_test)
    atk_idm750c_dtu_enter_configmode         0x08003269   Thumb Code    56  atk_idm750c.o(i.atk_idm750c_dtu_enter_configmode)
    atk_idm750c_enter_transfermode           0x080032ad   Thumb Code    22  atk_idm750c.o(i.atk_idm750c_enter_transfermode)
    atk_idm750c_http_request_mode            0x080032cd   Thumb Code    50  atk_idm750c.o(i.atk_idm750c_http_request_mode)
    atk_idm750c_http_request_timeout         0x08003321   Thumb Code    34  atk_idm750c.o(i.atk_idm750c_http_request_timeout)
    atk_idm750c_http_url_address             0x08003359   Thumb Code    36  atk_idm750c.o(i.atk_idm750c_http_url_address)
    atk_idm750c_init                         0x08003391   Thumb Code    18  atk_idm750c.o(i.atk_idm750c_init)
    atk_idm750c_query_workmode               0x080033a5   Thumb Code    78  atk_idm750c.o(i.atk_idm750c_query_workmode)
    atk_idm750c_send_cmd_to_dtu              0x08003475   Thumb Code    66  atk_idm750c.o(i.atk_idm750c_send_cmd_to_dtu)
    atk_idm750c_uart_printf                  0x080034c1   Thumb Code    40  atk_idm750c_uart.o(i.atk_idm750c_uart_printf)
    atk_idm750c_uart_rx_get_frame            0x080034f1   Thumb Code    26  atk_idm750c_uart.o(i.atk_idm750c_uart_rx_get_frame)
    atk_idm750c_uart_rx_restart              0x08003511   Thumb Code    16  atk_idm750c_uart.o(i.atk_idm750c_uart_rx_restart)
    main                                     0x08003525   Thumb Code    64  main.o(i.main)
    AHBPrescTable                            0x08003564   Data          16  system_stm32f4xx.o(.constdata)
    APBPrescTable                            0x08003574   Data           8  system_stm32f4xx.o(.constdata)
    nfc_readack                              0x0800357c   Data           5  nfc.o(.constdata)
    nfc_reply                                0x08003581   Data           6  nfc.o(.constdata)
    Region$$Table$$Base                      0x08003588   Number         0  anon$$obj.o(Region$$Table)
    Region$$Table$$Limit                     0x080035a8   Number         0  anon$$obj.o(Region$$Table)
    laststate                                0x20000000   Data           1  stm32f4xx_it.o(.data)
    point1                                   0x20000002   Data           2  stm32f4xx_it.o(.data)
    uwTickFreq                               0x20000004   Data           1  stm32f4xx_hal.o(.data)
    uwTickPrio                               0x20000008   Data           4  stm32f4xx_hal.o(.data)
    uwTick                                   0x2000000c   Data           4  stm32f4xx_hal.o(.data)
    SystemCoreClock                          0x20000010   Data           4  system_stm32f4xx.o(.data)
    GPS_data                                 0x20000014   Data           1  gps.o(.data)
    nfc                                      0x20000015   Data           1  nfc.o(.data)
    nfcflag                                  0x20000016   Data           1  nfc.o(.data)
    htim1                                    0x20000018   Data          72  tim.o(.bss)
    huart1                                   0x20000060   Data          72  usart.o(.bss)
    huart2                                   0x200000a8   Data          72  usart.o(.bss)
    huart3                                   0x200000f0   Data          72  usart.o(.bss)
    GPS_Frame                                0x20000138   Data         200  gps.o(.bss)
    GPS                                      0x20000200   Data         140  gps.o(.bss)
    nfc_frame                                0x2000028c   Data          50  nfc.o(.bss)
    nfcRecv                                  0x200002be   Data          50  nfc.o(.bss)
    mynfc                                    0x200002f0   Data          12  nfc.o(.bss)
    SR04                                     0x200002fc   Data          20  sr04.o(.bss)
    __initial_sp                             0x20000d18   Data           0  startup_stm32f407xx.o(STACK)



==============================================================================

Memory Map of the image

  Image Entry point : 0x08000189

  Load Region LR_IROM1 (Base: 0x08000000, Size: 0x000035c0, Max: 0x00080000, ABSOLUTE)

    Execution Region ER_IROM1 (Exec base: 0x08000000, Load base: 0x08000000, Size: 0x000035a8, Max: 0x00080000, ABSOLUTE)

    Exec Addr    Load Addr    Size         Type   Attr      Idx    E Section Name        Object

    0x08000000   0x08000000   0x00000188   Data   RO            3    RESET               startup_stm32f407xx.o
    0x08000188   0x08000188   0x00000000   Code   RO         3927  * .ARM.Collect$$$$00000000  mc_w.l(entry.o)
    0x08000188   0x08000188   0x00000004   Code   RO         4255    .ARM.Collect$$$$00000001  mc_w.l(entry2.o)
    0x0800018c   0x0800018c   0x00000004   Code   RO         4258    .ARM.Collect$$$$00000004  mc_w.l(entry5.o)
    0x08000190   0x08000190   0x00000000   Code   RO         4260    .ARM.Collect$$$$00000008  mc_w.l(entry7b.o)
    0x08000190   0x08000190   0x00000000   Code   RO         4262    .ARM.Collect$$$$0000000A  mc_w.l(entry8b.o)
    0x08000190   0x08000190   0x00000008   Code   RO         4263    .ARM.Collect$$$$0000000B  mc_w.l(entry9a.o)
    0x08000198   0x08000198   0x00000004   Code   RO         4270    .ARM.Collect$$$$0000000E  mc_w.l(entry12b.o)
    0x0800019c   0x0800019c   0x00000000   Code   RO         4265    .ARM.Collect$$$$0000000F  mc_w.l(entry10a.o)
    0x0800019c   0x0800019c   0x00000000   Code   RO         4267    .ARM.Collect$$$$00000011  mc_w.l(entry11a.o)
    0x0800019c   0x0800019c   0x00000004   Code   RO         4256    .ARM.Collect$$$$00002712  mc_w.l(entry2.o)
    0x080001a0   0x080001a0   0x00000024   Code   RO            4    .text               startup_stm32f407xx.o
    0x080001c4   0x080001c4   0x00000062   Code   RO         3930    .text               mc_w.l(uldiv.o)
    0x08000226   0x08000226   0x00000024   Code   RO         3936    .text               mc_w.l(memcpya.o)
    0x0800024a   0x0800024a   0x00000024   Code   RO         3938    .text               mc_w.l(memseta.o)
    0x0800026e   0x0800026e   0x00000024   Code   RO         3940    .text               mc_w.l(strstr.o)
    0x08000292   0x08000292   0x0000000e   Code   RO         3942    .text               mc_w.l(strlen.o)
    0x080002a0   0x080002a0   0x0000001a   Code   RO         3944    .text               mc_w.l(memcmp.o)
    0x080002ba   0x080002ba   0x0000014e   Code   RO         4215    .text               mf_w.l(dadd.o)
    0x08000408   0x08000408   0x000000e4   Code   RO         4217    .text               mf_w.l(dmul.o)
    0x080004ec   0x080004ec   0x000000de   Code   RO         4219    .text               mf_w.l(ddiv.o)
    0x080005ca   0x080005ca   0x0000002c   Code   RO         4274    .text               mc_w.l(uidiv.o)
    0x080005f6   0x080005f6   0x0000001e   Code   RO         4276    .text               mc_w.l(llshl.o)
    0x08000614   0x08000614   0x00000020   Code   RO         4278    .text               mc_w.l(llushr.o)
    0x08000634   0x08000634   0x00000024   Code   RO         4280    .text               mc_w.l(llsshr.o)
    0x08000658   0x08000658   0x00000000   Code   RO         4293    .text               mc_w.l(iusefp.o)
    0x08000658   0x08000658   0x000000ba   Code   RO         4296    .text               mf_w.l(depilogue.o)
    0x08000712   0x08000712   0x00000030   Code   RO         4304    .text               mf_w.l(dfixul.o)
    0x08000742   0x08000742   0x00000002   PAD
    0x08000744   0x08000744   0x00000030   Code   RO         4308    .text               mf_w.l(cdrcmple.o)
    0x08000774   0x08000774   0x00000024   Code   RO         4320    .text               mc_w.l(init.o)
    0x08000798   0x08000798   0x00000094   Code   RO         3728    i.ATK_IDM750C_UART_IRQHandler  atk_idm750c_uart.o
    0x0800082c   0x0800082c   0x00000002   Code   RO          303    i.BusFault_Handler  stm32f4xx_it.o
    0x0800082e   0x0800082e   0x00000002   Code   RO          304    i.DebugMon_Handler  stm32f4xx_it.o
    0x08000830   0x08000830   0x00000004   Code   RO           13    i.Error_Handler     main.o
    0x08000834   0x08000834   0x00000058   Code   RO         3840    i.GPS_Send          4g.o
    0x0800088c   0x0800088c   0x00000092   Code   RO         1899    i.HAL_DMA_Abort     stm32f4xx_hal_dma.o
    0x0800091e   0x0800091e   0x00000024   Code   RO         1900    i.HAL_DMA_Abort_IT  stm32f4xx_hal_dma.o
    0x08000942   0x08000942   0x00000002   PAD
    0x08000944   0x08000944   0x00000024   Code   RO         2324    i.HAL_Delay         stm32f4xx_hal.o
    0x08000968   0x08000968   0x000001f0   Code   RO         1792    i.HAL_GPIO_Init     stm32f4xx_hal_gpio.o
    0x08000b58   0x08000b58   0x0000000a   Code   RO         1796    i.HAL_GPIO_WritePin  stm32f4xx_hal_gpio.o
    0x08000b62   0x08000b62   0x00000002   PAD
    0x08000b64   0x08000b64   0x0000000c   Code   RO         2330    i.HAL_GetTick       stm32f4xx_hal.o
    0x08000b70   0x08000b70   0x00000010   Code   RO         2336    i.HAL_IncTick       stm32f4xx_hal.o
    0x08000b80   0x08000b80   0x00000034   Code   RO         2337    i.HAL_Init          stm32f4xx_hal.o
    0x08000bb4   0x08000bb4   0x00000040   Code   RO         2338    i.HAL_InitTick      stm32f4xx_hal.o
    0x08000bf4   0x08000bf4   0x00000030   Code   RO          440    i.HAL_MspInit       stm32f4xx_hal_msp.o
    0x08000c24   0x08000c24   0x0000001a   Code   RO         2182    i.HAL_NVIC_EnableIRQ  stm32f4xx_hal_cortex.o
    0x08000c3e   0x08000c3e   0x00000002   PAD
    0x08000c40   0x08000c40   0x00000040   Code   RO         2188    i.HAL_NVIC_SetPriority  stm32f4xx_hal_cortex.o
    0x08000c80   0x08000c80   0x00000024   Code   RO         2189    i.HAL_NVIC_SetPriorityGrouping  stm32f4xx_hal_cortex.o
    0x08000ca4   0x08000ca4   0x00000134   Code   RO         1438    i.HAL_RCC_ClockConfig  stm32f4xx_hal_rcc.o
    0x08000dd8   0x08000dd8   0x00000020   Code   RO         1445    i.HAL_RCC_GetPCLK1Freq  stm32f4xx_hal_rcc.o
    0x08000df8   0x08000df8   0x00000020   Code   RO         1446    i.HAL_RCC_GetPCLK2Freq  stm32f4xx_hal_rcc.o
    0x08000e18   0x08000e18   0x00000060   Code   RO         1447    i.HAL_RCC_GetSysClockFreq  stm32f4xx_hal_rcc.o
    0x08000e78   0x08000e78   0x0000036c   Code   RO         1450    i.HAL_RCC_OscConfig  stm32f4xx_hal_rcc.o
    0x080011e4   0x080011e4   0x00000028   Code   RO         2193    i.HAL_SYSTICK_Config  stm32f4xx_hal_cortex.o
    0x0800120c   0x0800120c   0x00000002   Code   RO         1170    i.HAL_TIMEx_BreakCallback  stm32f4xx_hal_tim_ex.o
    0x0800120e   0x0800120e   0x00000002   Code   RO         1171    i.HAL_TIMEx_CommutCallback  stm32f4xx_hal_tim_ex.o
    0x08001210   0x08001210   0x00000090   Code   RO         1189    i.HAL_TIMEx_MasterConfigSynchronization  stm32f4xx_hal_tim_ex.o
    0x080012a0   0x080012a0   0x0000005a   Code   RO          466    i.HAL_TIM_Base_Init  stm32f4xx_hal_tim.o
    0x080012fa   0x080012fa   0x00000002   PAD
    0x080012fc   0x080012fc   0x00000078   Code   RO          208    i.HAL_TIM_Base_MspInit  tim.o
    0x08001374   0x08001374   0x000000dc   Code   RO          475    i.HAL_TIM_ConfigClockSource  stm32f4xx_hal_tim.o
    0x08001450   0x08001450   0x00000108   Code   RO         3088    i.HAL_TIM_IC_CaptureCallback  sr04.o
    0x08001558   0x08001558   0x00000124   Code   RO          502    i.HAL_TIM_IC_ConfigChannel  stm32f4xx_hal_tim.o
    0x0800167c   0x0800167c   0x0000005a   Code   RO          505    i.HAL_TIM_IC_Init   stm32f4xx_hal_tim.o
    0x080016d6   0x080016d6   0x00000002   Code   RO          507    i.HAL_TIM_IC_MspInit  stm32f4xx_hal_tim.o
    0x080016d8   0x080016d8   0x0000010c   Code   RO          510    i.HAL_TIM_IC_Start_IT  stm32f4xx_hal_tim.o
    0x080017e4   0x080017e4   0x00000092   Code   RO          513    i.HAL_TIM_IC_Stop_IT  stm32f4xx_hal_tim.o
    0x08001876   0x08001876   0x00000130   Code   RO          514    i.HAL_TIM_IRQHandler  stm32f4xx_hal_tim.o
    0x080019a6   0x080019a6   0x00000002   Code   RO          517    i.HAL_TIM_OC_DelayElapsedCallback  stm32f4xx_hal_tim.o
    0x080019a8   0x080019a8   0x00000002   Code   RO          544    i.HAL_TIM_PWM_PulseFinishedCallback  stm32f4xx_hal_tim.o
    0x080019aa   0x080019aa   0x00000002   Code   RO          552    i.HAL_TIM_PeriodElapsedCallback  stm32f4xx_hal_tim.o
    0x080019ac   0x080019ac   0x0000002a   Code   RO          554    i.HAL_TIM_ReadCapturedValue  stm32f4xx_hal_tim.o
    0x080019d6   0x080019d6   0x00000002   Code   RO          557    i.HAL_TIM_TriggerCallback  stm32f4xx_hal_tim.o
    0x080019d8   0x080019d8   0x0000004e   Code   RO         2586    i.HAL_UARTEx_ReceiveToIdle_IT  stm32f4xx_hal_uart.o
    0x08001a26   0x08001a26   0x00000002   PAD
    0x08001a28   0x08001a28   0x00000074   Code   RO          305    i.HAL_UARTEx_RxEventCallback  stm32f4xx_it.o
    0x08001a9c   0x08001a9c   0x00000002   Code   RO         2601    i.HAL_UART_ErrorCallback  stm32f4xx_hal_uart.o
    0x08001a9e   0x08001a9e   0x00000002   PAD
    0x08001aa0   0x08001aa0   0x00000270   Code   RO         2604    i.HAL_UART_IRQHandler  stm32f4xx_hal_uart.o
    0x08001d10   0x08001d10   0x00000064   Code   RO         2605    i.HAL_UART_Init     stm32f4xx_hal_uart.o
    0x08001d74   0x08001d74   0x00000138   Code   RO          250    i.HAL_UART_MspInit  usart.o
    0x08001eac   0x08001eac   0x000000b0   Code   RO         2608    i.HAL_UART_Receive  stm32f4xx_hal_uart.o
    0x08001f5c   0x08001f5c   0x0000001c   Code   RO         2610    i.HAL_UART_Receive_IT  stm32f4xx_hal_uart.o
    0x08001f78   0x08001f78   0x00000080   Code   RO          306    i.HAL_UART_RxCpltCallback  stm32f4xx_it.o
    0x08001ff8   0x08001ff8   0x000000a0   Code   RO         2613    i.HAL_UART_Transmit  stm32f4xx_hal_uart.o
    0x08002098   0x08002098   0x00000002   Code   RO         2616    i.HAL_UART_TxCpltCallback  stm32f4xx_hal_uart.o
    0x0800209a   0x0800209a   0x00000002   Code   RO          307    i.HardFault_Handler  stm32f4xx_it.o
    0x0800209c   0x0800209c   0x00000090   Code   RO          183    i.MX_GPIO_Init      gpio.o
    0x0800212c   0x0800212c   0x000000a8   Code   RO          209    i.MX_TIM1_Init      tim.o
    0x080021d4   0x080021d4   0x00000044   Code   RO          251    i.MX_USART1_UART_Init  usart.o
    0x08002218   0x08002218   0x00000038   Code   RO          252    i.MX_USART2_UART_Init  usart.o
    0x08002250   0x08002250   0x00000038   Code   RO          253    i.MX_USART3_UART_Init  usart.o
    0x08002288   0x08002288   0x00000002   Code   RO          308    i.MemManage_Handler  stm32f4xx_it.o
    0x0800228a   0x0800228a   0x00000002   PAD
    0x0800228c   0x0800228c   0x00000010   Code   RO         3841    i.Message_Send      4g.o
    0x0800229c   0x0800229c   0x00000002   Code   RO          309    i.NMI_Handler       stm32f4xx_it.o
    0x0800229e   0x0800229e   0x00000002   PAD
    0x080022a0   0x080022a0   0x0000004c   Code   RO         3842    i.Net4GInit         4g.o
    0x080022ec   0x080022ec   0x00000002   Code   RO          310    i.PendSV_Handler    stm32f4xx_it.o
    0x080022ee   0x080022ee   0x00000002   Code   RO          311    i.SVC_Handler       stm32f4xx_it.o
    0x080022f0   0x080022f0   0x00000004   Code   RO          312    i.SysTick_Handler   stm32f4xx_it.o
    0x080022f4   0x080022f4   0x00000094   Code   RO           14    i.SystemClock_Config  main.o
    0x08002388   0x08002388   0x00000010   Code   RO         2939    i.SystemInit        system_stm32f4xx.o
    0x08002398   0x08002398   0x0000000c   Code   RO          313    i.TIM1_CC_IRQHandler  stm32f4xx_it.o
    0x080023a4   0x080023a4   0x000000d8   Code   RO          559    i.TIM_Base_SetConfig  stm32f4xx_hal_tim.o
    0x0800247c   0x0800247c   0x0000001a   Code   RO          560    i.TIM_CCxChannelCmd  stm32f4xx_hal_tim.o
    0x08002496   0x08002496   0x00000014   Code   RO          570    i.TIM_ETR_SetConfig  stm32f4xx_hal_tim.o
    0x080024aa   0x080024aa   0x00000010   Code   RO          571    i.TIM_ITRx_SetConfig  stm32f4xx_hal_tim.o
    0x080024ba   0x080024ba   0x00000022   Code   RO          577    i.TIM_TI1_ConfigInputStage  stm32f4xx_hal_tim.o
    0x080024dc   0x080024dc   0x00000080   Code   RO          578    i.TIM_TI1_SetConfig  stm32f4xx_hal_tim.o
    0x0800255c   0x0800255c   0x00000024   Code   RO          579    i.TIM_TI2_ConfigInputStage  stm32f4xx_hal_tim.o
    0x08002580   0x08002580   0x00000036   Code   RO          580    i.TIM_TI2_SetConfig  stm32f4xx_hal_tim.o
    0x080025b6   0x080025b6   0x00000010   Code   RO         2618    i.UART_DMAAbortOnError  stm32f4xx_hal_uart.o
    0x080025c6   0x080025c6   0x0000004e   Code   RO         2628    i.UART_EndRxTransfer  stm32f4xx_hal_uart.o
    0x08002614   0x08002614   0x000000c2   Code   RO         2630    i.UART_Receive_IT   stm32f4xx_hal_uart.o
    0x080026d6   0x080026d6   0x00000002   PAD
    0x080026d8   0x080026d8   0x0000010c   Code   RO         2631    i.UART_SetConfig    stm32f4xx_hal_uart.o
    0x080027e4   0x080027e4   0x00000036   Code   RO         2633    i.UART_Start_Receive_IT  stm32f4xx_hal_uart.o
    0x0800281a   0x0800281a   0x00000072   Code   RO         2634    i.UART_WaitOnFlagUntilTimeout  stm32f4xx_hal_uart.o
    0x0800288c   0x0800288c   0x00000020   Code   RO          314    i.USART1_IRQHandler  stm32f4xx_it.o
    0x080028ac   0x080028ac   0x0000000c   Code   RO          315    i.USART2_IRQHandler  stm32f4xx_it.o
    0x080028b8   0x080028b8   0x00000014   Code   RO          316    i.USART3_IRQHandler  stm32f4xx_it.o
    0x080028cc   0x080028cc   0x00000002   Code   RO          317    i.UsageFault_Handler  stm32f4xx_it.o
    0x080028ce   0x080028ce   0x00000002   PAD
    0x080028d0   0x080028d0   0x00000034   Code   RO         4182    i.__0snprintf       mc_w.l(printfa.o)
    0x08002904   0x08002904   0x00000028   Code   RO         4183    i.__0sprintf        mc_w.l(printfa.o)
    0x0800292c   0x0800292c   0x00000024   Code   RO         4187    i.__0vsprintf       mc_w.l(printfa.o)
    0x08002950   0x08002950   0x00000020   Code   RO         2195    i.__NVIC_SetPriority  stm32f4xx_hal_cortex.o
    0x08002970   0x08002970   0x0000000e   Code   RO         4337    i.__scatterload_copy  mc_w.l(handlers.o)
    0x0800297e   0x0800297e   0x00000002   Code   RO         4338    i.__scatterload_null  mc_w.l(handlers.o)
    0x08002980   0x08002980   0x0000000e   Code   RO         4339    i.__scatterload_zeroinit  mc_w.l(handlers.o)
    0x0800298e   0x0800298e   0x00000002   PAD
    0x08002990   0x08002990   0x00000184   Code   RO         4188    i._fp_digits        mc_w.l(printfa.o)
    0x08002b14   0x08002b14   0x000006b4   Code   RO         4189    i._printf_core      mc_w.l(printfa.o)
    0x080031c8   0x080031c8   0x00000024   Code   RO         4190    i._printf_post_padding  mc_w.l(printfa.o)
    0x080031ec   0x080031ec   0x0000002e   Code   RO         4191    i._printf_pre_padding  mc_w.l(printfa.o)
    0x0800321a   0x0800321a   0x00000016   Code   RO         4192    i._snputc           mc_w.l(printfa.o)
    0x08003230   0x08003230   0x0000000a   Code   RO         4193    i._sputc            mc_w.l(printfa.o)
    0x0800323a   0x0800323a   0x00000002   PAD
    0x0800323c   0x0800323c   0x0000002c   Code   RO         3139    i.atk_idm750c_at_test  atk_idm750c.o
    0x08003268   0x08003268   0x00000044   Code   RO         3151    i.atk_idm750c_dtu_enter_configmode  atk_idm750c.o
    0x080032ac   0x080032ac   0x00000020   Code   RO         3153    i.atk_idm750c_enter_transfermode  atk_idm750c.o
    0x080032cc   0x080032cc   0x00000054   Code   RO         3158    i.atk_idm750c_http_request_mode  atk_idm750c.o
    0x08003320   0x08003320   0x00000038   Code   RO         3159    i.atk_idm750c_http_request_timeout  atk_idm750c.o
    0x08003358   0x08003358   0x00000038   Code   RO         3160    i.atk_idm750c_http_url_address  atk_idm750c.o
    0x08003390   0x08003390   0x00000012   Code   RO         3161    i.atk_idm750c_init  atk_idm750c.o
    0x080033a2   0x080033a2   0x00000002   PAD
    0x080033a4   0x080033a4   0x000000d0   Code   RO         3204    i.atk_idm750c_query_workmode  atk_idm750c.o
    0x08003474   0x08003474   0x0000004c   Code   RO         3211    i.atk_idm750c_send_cmd_to_dtu  atk_idm750c.o
    0x080034c0   0x080034c0   0x00000030   Code   RO         3730    i.atk_idm750c_uart_printf  atk_idm750c_uart.o
    0x080034f0   0x080034f0   0x00000020   Code   RO         3731    i.atk_idm750c_uart_rx_get_frame  atk_idm750c_uart.o
    0x08003510   0x08003510   0x00000014   Code   RO         3733    i.atk_idm750c_uart_rx_restart  atk_idm750c_uart.o
    0x08003524   0x08003524   0x00000040   Code   RO           15    i.main              main.o
    0x08003564   0x08003564   0x00000010   Data   RO         2940    .constdata          system_stm32f4xx.o
    0x08003574   0x08003574   0x00000008   Data   RO         2941    .constdata          system_stm32f4xx.o
    0x0800357c   0x0800357c   0x00000005   Data   RO         3045    .constdata          nfc.o
    0x08003581   0x08003581   0x00000006   Data   RO         3047    .constdata          nfc.o
    0x08003587   0x08003587   0x00000001   PAD
    0x08003588   0x08003588   0x00000020   Data   RO         4335    Region$$Table       anon$$obj.o


    Execution Region RW_IRAM1 (Exec base: 0x20000000, Load base: 0x080035a8, Size: 0x00000d18, Max: 0x0001c000, ABSOLUTE)

    Exec Addr    Load Addr    Size         Type   Attr      Idx    E Section Name        Object

    0x20000000   0x080035a8   0x00000004   Data   RW          320    .data               stm32f4xx_it.o
    0x20000004   0x080035ac   0x0000000c   Data   RW         2344    .data               stm32f4xx_hal.o
    0x20000010   0x080035b8   0x00000004   Data   RW         2942    .data               system_stm32f4xx.o
    0x20000014   0x080035bc   0x00000001   Data   RW         2979    .data               gps.o
    0x20000015   0x080035bd   0x00000002   Data   RW         3049    .data               nfc.o
    0x20000017   0x080035bf   0x00000001   PAD
    0x20000018        -       0x00000048   Zero   RW          210    .bss                tim.o
    0x20000060        -       0x000000d8   Zero   RW          254    .bss                usart.o
    0x20000138        -       0x000000c8   Zero   RW         2977    .bss                gps.o
    0x20000200        -       0x0000008c   Zero   RW         2978    .bss                gps.o
    0x2000028c        -       0x00000070   Zero   RW         3044    .bss                nfc.o
    0x200002fc        -       0x00000014   Zero   RW         3091    .bss                sr04.o
    0x20000310        -       0x00000602   Zero   RW         3734    .bss                atk_idm750c_uart.o
    0x20000912   0x080035bf   0x00000006   PAD
    0x20000918        -       0x00000400   Zero   RW            1    STACK               startup_stm32f407xx.o


    Execution Region RW_IRAM2 (Exec base: 0x2001c000, Load base: 0x080035c0, Size: 0x00000000, Max: 0x00004000, ABSOLUTE)

    **** No section assigned to this execution region ****


==============================================================================

Image component sizes


      Code (inc. data)   RO Data    RW Data    ZI Data      Debug   Object Name

       180         76          0          0          0       2117   4g.o
       642        256          0          0          0      12670   atk_idm750c.o
       248         28          0          0       1538       3807   atk_idm750c_uart.o
       144          8          0          0          0       1023   gpio.o
         0          0          0          1        340       1597   gps.o
       216         10          0          0          0     693612   main.o
         0          0         11          2        112       1483   nfc.o
       264         18          0          0         20       2333   sr04.o
        36          8        392          0       1024        848   startup_stm32f407xx.o
       180         28          0         12          0       9517   stm32f4xx_hal.o
       198         14          0          0          0      33895   stm32f4xx_hal_cortex.o
       182          0          0          0          0       2135   stm32f4xx_hal_dma.o
       506         46          0          0          0       2228   stm32f4xx_hal_gpio.o
        48          6          0          0          0        882   stm32f4xx_hal_msp.o
      1344         72          0          0          0       5312   stm32f4xx_hal_rcc.o
      1992        102          0          0          0      17221   stm32f4xx_hal_tim.o
       148         28          0          0          0       2537   stm32f4xx_hal_tim_ex.o
      1894         16          0          0          0      13116   stm32f4xx_hal_uart.o
       340         78          0          4          0       8625   stm32f4xx_it.o
        16          4         24          4          0       1163   system_stm32f4xx.o
       288         20          0          0         72       1926   tim.o
       492         58          0          0        216       3272   usart.o

    ----------------------------------------------------------------------
      9380        876        460         24       3328     821319   Object Totals
         0          0         32          0          0          0   (incl. Generated)
        22          0          1          1          6          0   (incl. Padding)

    ----------------------------------------------------------------------

      Code (inc. data)   RO Data    RW Data    ZI Data      Debug   Library Member Name

         0          0          0          0          0          0   entry.o
         0          0          0          0          0          0   entry10a.o
         0          0          0          0          0          0   entry11a.o
         4          0          0          0          0          0   entry12b.o
         8          4          0          0          0          0   entry2.o
         4          0          0          0          0          0   entry5.o
         0          0          0          0          0          0   entry7b.o
         0          0          0          0          0          0   entry8b.o
         8          4          0          0          0          0   entry9a.o
        30          0          0          0          0          0   handlers.o
        36          8          0          0          0         68   init.o
         0          0          0          0          0          0   iusefp.o
        30          0          0          0          0         68   llshl.o
        36          0          0          0          0         68   llsshr.o
        32          0          0          0          0         68   llushr.o
        26          0          0          0          0         80   memcmp.o
        36          0          0          0          0         68   memcpya.o
        36          0          0          0          0        108   memseta.o
      2346         96          0          0          0        768   printfa.o
        14          0          0          0          0         68   strlen.o
        36          0          0          0          0         80   strstr.o
        44          0          0          0          0         80   uidiv.o
        98          0          0          0          0         92   uldiv.o
        48          0          0          0          0         68   cdrcmple.o
       334          0          0          0          0        148   dadd.o
       222          0          0          0          0        100   ddiv.o
       186          0          0          0          0        176   depilogue.o
        48          0          0          0          0         68   dfixul.o
       228          0          0          0          0         96   dmul.o

    ----------------------------------------------------------------------
      3896        112          0          0          0       2272   Library Totals
         6          0          0          0          0          0   (incl. Padding)

    ----------------------------------------------------------------------

      Code (inc. data)   RO Data    RW Data    ZI Data      Debug   Library Name

      2824        112          0          0          0       1616   mc_w.l
      1066          0          0          0          0        656   mf_w.l

    ----------------------------------------------------------------------
      3896        112          0          0          0       2272   Library Totals

    ----------------------------------------------------------------------

==============================================================================


      Code (inc. data)   RO Data    RW Data    ZI Data      Debug   

     13276        988        460         24       3328     813199   Grand Totals
     13276        988        460         24       3328     813199   ELF Image Totals
     13276        988        460         24          0          0   ROM Totals

==============================================================================

    Total RO  Size (Code + RO Data)                13736 (  13.41kB)
    Total RW  Size (RW Data + ZI Data)              3352 (   3.27kB)
    Total ROM Size (Code + RO Data + RW Data)      13760 (  13.44kB)

==============================================================================

